I0218 17:09:01.857348  4492 c_interface.cc:230] ArtmCopyRequestedMessage is copying 646 bytes...
I0218 17:09:01.869360  4492 c_interface.cc:230] ArtmCopyRequestedMessage is copying 251 bytes...
I0218 17:09:01.871363  4492 c_interface.cc:230] ArtmCopyRequestedMessage is copying 646 bytes...
I0218 17:10:03.304038  4492 c_interface.cc:271] Creating MasterModel (id=13)...
I0218 17:10:03.312043  4492 collection_parser.cc:557] CollectionParserConfig.num_threads is automatically set to 4
W0218 17:10:03.316047 13288 helpers.cc:221] File already exists: charter\aaaaab.batch
W0218 17:10:03.317049 13776 helpers.cc:221] File already exists: charter\aaaaac.batch
W0218 17:10:03.321053  5132 helpers.cc:221] File already exists: charter\aaaaaa.batch
W0218 17:10:03.322053 13288 helpers.cc:221] File already exists: charter\aaaaad.batch
W0218 17:10:03.323055 13776 helpers.cc:221] File already exists: charter\aaaaae.batch
W0218 17:10:03.326057  5132 helpers.cc:221] File already exists: charter\aaaaaf.batch
W0218 17:10:03.327057 13288 helpers.cc:221] File already exists: charter\aaaaag.batch
I0218 17:10:03.329061  4492 c_interface.cc:372] Pass 55365857-a166-48c3-b120-554c1c5acfd7 to void (__cdecl artm::core::MasterComponent::*)(class std::basic_string<char,struct std::char_traits<char>,class std::allocator<char> > const & __ptr64) __ptr64
I0218 17:10:03.330061  4492 c_interface.cc:386] Pass GatherDictionaryArgs: dictionary_target_name=55365857-a166-48c3-b120-554c1c5acfd7, data_path=charter, symmetric_cooc_values=0 to void (__cdecl artm::core::MasterComponent::*)(class artm::GatherDictionaryArgs const & __ptr64) __ptr64
I0218 17:10:03.330061  4492 dictionary_operations.cc:249] Found 7 batches in 'charter' folder
I0218 17:10:03.334066  4492 dictionary_operations.cc:313] Find 895 unique tokens in 349 items
I0218 17:10:03.360091  4492 c_interface.cc:230] ArtmCopyRequestedMessage is copying 298 bytes...
I0218 17:10:03.361093  4492 c_interface.cc:230] ArtmCopyRequestedMessage is copying 693 bytes...
I0218 17:10:03.372102  4492 c_interface.cc:230] ArtmCopyRequestedMessage is copying 298 bytes...
I0218 17:10:03.373102  4492 c_interface.cc:230] ArtmCopyRequestedMessage is copying 693 bytes...
I0218 17:10:03.384112  4492 c_interface.cc:230] ArtmCopyRequestedMessage is copying 298 bytes...
I0218 17:10:03.385114  4492 c_interface.cc:230] ArtmCopyRequestedMessage is copying 693 bytes...
I0218 17:10:03.403131  4492 c_interface.cc:230] ArtmCopyRequestedMessage is copying 298 bytes...
I0218 17:10:03.404134  4492 c_interface.cc:230] ArtmCopyRequestedMessage is copying 693 bytes...
I0218 17:10:03.415143  4492 c_interface.cc:230] ArtmCopyRequestedMessage is copying 298 bytes...
I0218 17:10:03.415143  4492 c_interface.cc:230] ArtmCopyRequestedMessage is copying 693 bytes...
I0218 17:10:05.352955  4492 c_interface.cc:372] Pass 55365857-a166-48c3-b120-554c1c5acfd7 to void (__cdecl artm::core::MasterComponent::*)(class std::basic_string<char,struct std::char_traits<char>,class std::allocator<char> > const & __ptr64) __ptr64
I0218 17:10:05.353960  4492 c_interface.cc:336] Disposing MasterComponent (id=13)...
I0218 17:10:05.354959  4492 c_interface.cc:271] Creating MasterModel (id=14)...
I0218 17:10:05.354959  4492 c_interface.cc:372] Pass c2948b92-a6e6-4e7d-8c2c-0f64cfec4398 to void (__cdecl artm::core::MasterComponent::*)(class std::basic_string<char,struct std::char_traits<char>,class std::allocator<char> > const & __ptr64) __ptr64
I0218 17:10:05.354959  4492 c_interface.cc:386] Pass GatherDictionaryArgs: dictionary_target_name=c2948b92-a6e6-4e7d-8c2c-0f64cfec4398, data_path=charter, symmetric_cooc_values=0 to void (__cdecl artm::core::MasterComponent::*)(class artm::GatherDictionaryArgs const & __ptr64) __ptr64
I0218 17:10:05.355959  4492 dictionary_operations.cc:249] Found 7 batches in 'charter' folder
I0218 17:10:05.359962  4492 dictionary_operations.cc:313] Find 895 unique tokens in 349 items
I0218 17:10:05.363967  4492 instance.cc:401] MasterModelConfig.processors_count is automatically set to 4
I0218 17:10:05.363967  4492 c_interface.cc:271] Creating MasterModel (id=15)...
I0218 17:10:05.363967  7580 processor.cc:701] Processor thread started
I0218 17:10:05.363967 12800 processor.cc:701] Processor thread started
I0218 17:10:05.363967  8244 processor.cc:701] Processor thread started
I0218 17:10:05.363967 13360 processor.cc:701] Processor thread started
I0218 17:10:05.363967  4492 c_interface.cc:386] Pass MasterModelConfig: topic_name_size=20, score_config_size=2, num_processors=0, pwt_name=pwt, nwt_name=nwt, num_document_passes=10, reuse_theta=no, cache_theta=no, opt_for_avx=yes, disk_cache_path to void (__cdecl artm::core::MasterComponent::*)(class artm::MasterModelConfig const & __ptr64) __ptr64
I0218 17:10:05.363967  4492 instance.cc:401] MasterModelConfig.processors_count is automatically set to 4
I0218 17:10:05.363967  4492 c_interface.cc:372] Pass pwt to void (__cdecl artm::core::MasterComponent::*)(class std::basic_string<char,struct std::char_traits<char>,class std::allocator<char> > const & __ptr64) __ptr64
I0218 17:10:05.363967  4492 c_interface.cc:372] Pass nwt to void (__cdecl artm::core::MasterComponent::*)(class std::basic_string<char,struct std::char_traits<char>,class std::allocator<char> > const & __ptr64) __ptr64
I0218 17:10:05.363967  4492 c_interface.cc:386] Pass InitializeModelArgs: model_name=pwt, dictionary_name=c2948b92-a6e6-4e7d-8c2c-0f64cfec4398, topic_name_size=20 to void (__cdecl artm::core::MasterComponent::*)(class artm::InitializeModelArgs const & __ptr64) __ptr64
I0218 17:10:05.368970  4492 master_component.cc:620] InitializeModel() created matrix pwt with 20 topics and 895 tokens; 
I0218 17:10:05.368970  4492 c_interface.cc:386] Pass InitializeModelArgs: model_name=nwt, dictionary_name=c2948b92-a6e6-4e7d-8c2c-0f64cfec4398, topic_name_size=20 to void (__cdecl artm::core::MasterComponent::*)(class artm::InitializeModelArgs const & __ptr64) __ptr64
I0218 17:10:05.374976  4492 master_component.cc:620] InitializeModel() created matrix nwt with 20 topics and 895 tokens; 
I0218 17:10:05.374976  4492 phi_matrix_operations.cc:84] RetrieveExternalTopicModel() with 20 topics, 895 tokens
I0218 17:10:05.375977  4492 c_interface.cc:230] ArtmCopyRequestedMessage is copying 35822 bytes...
I0218 17:10:05.398999 13360 processor.cc:717] No data in processing queue, waiting...
I0218 17:10:05.398999 12800 processor.cc:717] No data in processing queue, waiting...
I0218 17:10:05.398999  8244 processor.cc:717] No data in processing queue, waiting...
I0218 17:10:05.400003  4492 c_interface.cc:230] ArtmCopyRequestedMessage is copying 298 bytes...
I0218 17:10:05.400003  4492 c_interface.cc:230] ArtmCopyRequestedMessage is copying 693 bytes...
I0218 17:10:05.402003  7580 processor.cc:717] No data in processing queue, waiting...
I0218 17:10:05.416015  4492 c_interface.cc:230] ArtmCopyRequestedMessage is copying 298 bytes...
I0218 17:10:05.417017  4492 c_interface.cc:230] ArtmCopyRequestedMessage is copying 693 bytes...
I0218 17:10:05.429028  4492 c_interface.cc:230] ArtmCopyRequestedMessage is copying 298 bytes...
I0218 17:10:05.429028  4492 c_interface.cc:230] ArtmCopyRequestedMessage is copying 693 bytes...
I0218 17:10:05.442040  4492 c_interface.cc:230] ArtmCopyRequestedMessage is copying 298 bytes...
I0218 17:10:05.443042  4492 c_interface.cc:230] ArtmCopyRequestedMessage is copying 693 bytes...
I0218 17:10:05.458057  4492 c_interface.cc:230] ArtmCopyRequestedMessage is copying 298 bytes...
I0218 17:10:05.459059  4492 c_interface.cc:230] ArtmCopyRequestedMessage is copying 693 bytes...
I0218 17:10:16.678939  4492 c_interface.cc:230] ArtmCopyRequestedMessage is copying 298 bytes...
I0218 17:10:16.711972  4492 c_interface.cc:230] ArtmCopyRequestedMessage is copying 298 bytes...
I0218 17:10:16.712971  4492 c_interface.cc:230] ArtmCopyRequestedMessage is copying 693 bytes...
I0218 17:10:16.723981  4492 c_interface.cc:230] ArtmCopyRequestedMessage is copying 298 bytes...
I0218 17:10:16.724982  4492 c_interface.cc:230] ArtmCopyRequestedMessage is copying 693 bytes...
I0218 17:10:16.737994  4492 c_interface.cc:230] ArtmCopyRequestedMessage is copying 298 bytes...
I0218 17:10:16.738994  4492 c_interface.cc:230] ArtmCopyRequestedMessage is copying 693 bytes...
I0218 17:10:16.752010  4492 c_interface.cc:230] ArtmCopyRequestedMessage is copying 298 bytes...
I0218 17:10:16.753008  4492 c_interface.cc:230] ArtmCopyRequestedMessage is copying 693 bytes...
I0218 17:10:16.770025  4492 c_interface.cc:230] ArtmCopyRequestedMessage is copying 298 bytes...
I0218 17:10:16.771025  4492 c_interface.cc:230] ArtmCopyRequestedMessage is copying 693 bytes...
I0218 17:10:20.116358  4492 c_interface.cc:230] ArtmCopyRequestedMessage is copying 298 bytes...
I0218 17:10:28.060983  4492 c_interface.cc:230] ArtmCopyRequestedMessage is copying 298 bytes...
I0218 17:10:28.060983  4492 c_interface.cc:230] ArtmCopyRequestedMessage is copying 693 bytes...
I0218 17:10:28.074998  4492 c_interface.cc:230] ArtmCopyRequestedMessage is copying 298 bytes...
I0218 17:10:28.075999  4492 c_interface.cc:230] ArtmCopyRequestedMessage is copying 693 bytes...
I0218 17:10:28.090010  4492 c_interface.cc:230] ArtmCopyRequestedMessage is copying 298 bytes...
I0218 17:10:28.091012  4492 c_interface.cc:230] ArtmCopyRequestedMessage is copying 693 bytes...
I0218 17:10:28.105026  4492 c_interface.cc:230] ArtmCopyRequestedMessage is copying 298 bytes...
I0218 17:10:28.106029  4492 c_interface.cc:230] ArtmCopyRequestedMessage is copying 693 bytes...
I0218 17:10:28.115036  4492 c_interface.cc:230] ArtmCopyRequestedMessage is copying 298 bytes...
I0218 17:10:28.116036  4492 c_interface.cc:230] ArtmCopyRequestedMessage is copying 693 bytes...
I0218 17:10:31.819102  4492 c_interface.cc:230] ArtmCopyRequestedMessage is copying 298 bytes...
I0218 17:10:34.766810  4492 c_interface.cc:230] ArtmCopyRequestedMessage is copying 298 bytes...
I0218 17:10:34.806578  4492 c_interface.cc:230] ArtmCopyRequestedMessage is copying 298 bytes...
I0218 17:10:34.807579  4492 c_interface.cc:230] ArtmCopyRequestedMessage is copying 693 bytes...
I0218 17:10:34.822593  4492 c_interface.cc:230] ArtmCopyRequestedMessage is copying 298 bytes...
I0218 17:10:34.823596  4492 c_interface.cc:230] ArtmCopyRequestedMessage is copying 693 bytes...
I0218 17:10:34.836607  4492 c_interface.cc:230] ArtmCopyRequestedMessage is copying 298 bytes...
I0218 17:10:34.837607  4492 c_interface.cc:230] ArtmCopyRequestedMessage is copying 693 bytes...
I0218 17:10:34.850620  4492 c_interface.cc:230] ArtmCopyRequestedMessage is copying 298 bytes...
I0218 17:10:34.851620  4492 c_interface.cc:230] ArtmCopyRequestedMessage is copying 693 bytes...
I0218 17:10:34.862632  4492 c_interface.cc:230] ArtmCopyRequestedMessage is copying 298 bytes...
I0218 17:10:34.863632  4492 c_interface.cc:230] ArtmCopyRequestedMessage is copying 693 bytes...
I0218 17:10:37.558462  4492 c_interface.cc:230] ArtmCopyRequestedMessage is copying 298 bytes...
I0218 17:10:37.562471  4492 c_interface.cc:230] ArtmCopyRequestedMessage is copying 298 bytes...
I0218 17:10:44.368847  4492 c_interface.cc:230] ArtmCopyRequestedMessage is copying 298 bytes...
I0218 17:11:03.599850 12824 c_interface.cc:386] Pass FitOfflineMasterModelArgs, batch_filename_size=7, batch_weight_size=7, num_collection_passes=1 to void (__cdecl artm::core::MasterComponent::*)(class artm::FitOfflineMasterModelArgs const & __ptr64) __ptr64
I0218 17:11:03.599850 12824 master_component.cc:1340] ProcessBatchesArgs: nwt_target_name=nwt, batch_filename_size=7, batch_size=0, batch_weight_size=7, pwt_source_name=pwt, num_document_passes=10, reuse_theta=no, opt_for_avx=yes, predict_class_id=
I0218 17:11:03.603852  8244 processor.cc:724] Processing queue has data, processing started
I0218 17:11:03.603852 12800 processor.cc:724] Processing queue has data, processing started
I0218 17:11:03.603852 13360 processor.cc:724] Processing queue has data, processing started
I0218 17:11:03.606854  7580 processor.cc:724] Processing queue has data, processing started
I0218 17:11:03.611860  8244 processor.cc:802] Processor: start processing batch e91c5980-7a80-4d03-b44f-bfd83cf93424 into model nwt
I0218 17:11:03.611860 13360 processor.cc:802] Processor: start processing batch 6762cd26-d4ee-4f25-8661-78fa53055674 into model nwt
I0218 17:11:03.612861  8244 processor.cc:898] Processor: complete processing batch e91c5980-7a80-4d03-b44f-bfd83cf93424 into model nwt
I0218 17:11:03.612861  8244 cuckoo_watch.h:45] 9ms in ProcessBatch(charter\aaaaaa.batch) [including 8ms in LoadMessage; 0ms in InitializeSparseNdw; 0ms in InferThetaAndUpdateNwtSparse; 0ms in CalculateScore(^^^ItemsProcessedScore^^^); ]
I0218 17:11:03.614863 13360 processor.cc:898] Processor: complete processing batch 6762cd26-d4ee-4f25-8661-78fa53055674 into model nwt
I0218 17:11:03.614863 13360 cuckoo_watch.h:45] 11ms in ProcessBatch(charter\aaaaac.batch) [including 7ms in LoadMessage; 0ms in InitializeSparseNdw; 0ms in InferThetaAndUpdateNwtSparse; 2ms in CalculateScore(^^^ItemsProcessedScore^^^); ]
I0218 17:11:03.618866  7580 processor.cc:802] Processor: start processing batch adce4eed-553f-4580-ae93-ee6b51128dd1 into model nwt
I0218 17:11:03.620869  7580 processor.cc:898] Processor: complete processing batch adce4eed-553f-4580-ae93-ee6b51128dd1 into model nwt
I0218 17:11:03.620869  8244 processor.cc:802] Processor: start processing batch 3f649c52-6f90-4427-9bcb-e11edd993a71 into model nwt
I0218 17:11:03.620869  7580 cuckoo_watch.h:45] 13ms in ProcessBatch(charter\aaaaad.batch) [including 11ms in LoadMessage; 0ms in InitializeSparseNdw; 1ms in InferThetaAndUpdateNwtSparse; 0ms in CalculateScore(^^^ItemsProcessedScore^^^); ]
I0218 17:11:03.620869 12800 processor.cc:802] Processor: start processing batch a0f8b972-eeac-49bf-b4ea-dac29e005174 into model nwt
I0218 17:11:03.622870 12800 processor.cc:898] Processor: complete processing batch a0f8b972-eeac-49bf-b4ea-dac29e005174 into model nwt
I0218 17:11:03.622870  8244 processor.cc:898] Processor: complete processing batch 3f649c52-6f90-4427-9bcb-e11edd993a71 into model nwt
I0218 17:11:03.622870 12800 cuckoo_watch.h:45] 19ms in ProcessBatch(charter\aaaaab.batch) [including 17ms in LoadMessage; 0ms in InitializeSparseNdw; 0ms in InferThetaAndUpdateNwtSparse; 0ms in CalculateScore(^^^ItemsProcessedScore^^^); ]
I0218 17:11:03.622870  8244 cuckoo_watch.h:45] 9ms in ProcessBatch(charter\aaaaae.batch) [including 7ms in LoadMessage; 0ms in InitializeSparseNdw; 0ms in InferThetaAndUpdateNwtSparse; 0ms in CalculateScore(^^^ItemsProcessedScore^^^); ]
I0218 17:11:03.628876  7580 processor.cc:802] Processor: start processing batch 76508ef3-3130-4b58-a303-f4c1127b3061 into model nwt
I0218 17:11:03.629878  7580 processor.cc:898] Processor: complete processing batch 76508ef3-3130-4b58-a303-f4c1127b3061 into model nwt
I0218 17:11:03.629878  7580 cuckoo_watch.h:45] 8ms in ProcessBatch(charter\aaaaag.batch) [including 7ms in LoadMessage; 0ms in InitializeSparseNdw; 0ms in InferThetaAndUpdateNwtSparse; 0ms in CalculateScore(^^^ItemsProcessedScore^^^); ]
I0218 17:11:03.634881 13360 processor.cc:802] Processor: start processing batch 25aa43fe-394b-46a6-8efa-ae29c9b0cf47 into model nwt
I0218 17:11:03.635884 13360 processor.cc:898] Processor: complete processing batch 25aa43fe-394b-46a6-8efa-ae29c9b0cf47 into model nwt
I0218 17:11:03.636883 13360 cuckoo_watch.h:45] 21ms in ProcessBatch(charter\aaaaaf.batch) [including 20ms in LoadMessage; 0ms in InitializeSparseNdw; 0ms in InferThetaAndUpdateNwtSparse; 0ms in CalculateScore(^^^ItemsProcessedScore^^^); ]
I0218 17:11:03.638886 12824 master_component.cc:1391] NormalizeModelArgs: pwt_target_name=pwt, nwt_source_name=nwt, rwt_source_name=
I0218 17:11:03.638886 12824 master_component.cc:952] MasterComponent: start normalizing model nwt
I0218 17:11:03.642890 12824 master_component.cc:980] MasterComponent: complete normalizing model nwt
I0218 17:11:03.645893 12824 master_component.cc:1415] DisposeModel rwt
I0218 17:11:03.645893 12824 master_component.cc:1005] FitOffline: ItemsProcessed, num_items=349, num_batches=7, token_weight=6775, token_weight_in_effect=6775
I0218 17:11:03.646894  4492 c_interface.cc:559] Pass GetScoreValueArgs, score_name=^^^ItemsProcessedScore^^^ to MasterComponent::Request
I0218 17:11:03.646894  4492 c_interface.cc:230] ArtmCopyRequestedMessage is copying 46 bytes...
I0218 17:11:03.647893 12824 c_interface.cc:386] Pass FitOfflineMasterModelArgs, batch_filename_size=7, batch_weight_size=7, num_collection_passes=1 to void (__cdecl artm::core::MasterComponent::*)(class artm::FitOfflineMasterModelArgs const & __ptr64) __ptr64
I0218 17:11:03.647893 12824 master_component.cc:1340] ProcessBatchesArgs: nwt_target_name=nwt, batch_filename_size=7, batch_size=0, batch_weight_size=7, pwt_source_name=pwt, num_document_passes=10, reuse_theta=no, opt_for_avx=yes, predict_class_id=
I0218 17:11:03.655900  8244 processor.cc:802] Processor: start processing batch e91c5980-7a80-4d03-b44f-bfd83cf93424 into model nwt
I0218 17:11:03.655900 12800 processor.cc:802] Processor: start processing batch a0f8b972-eeac-49bf-b4ea-dac29e005174 into model nwt
I0218 17:11:03.655900  7580 processor.cc:802] Processor: start processing batch adce4eed-553f-4580-ae93-ee6b51128dd1 into model nwt
I0218 17:11:03.656903  8244 processor.cc:898] Processor: complete processing batch e91c5980-7a80-4d03-b44f-bfd83cf93424 into model nwt
I0218 17:11:03.656903  8244 cuckoo_watch.h:45] 1ms in ProcessBatch(charter\aaaaaa.batch) [including 0ms in LoadMessage; 0ms in InitializeSparseNdw; 0ms in InferThetaAndUpdateNwtSparse; 0ms in CalculateScore(^^^ItemsProcessedScore^^^); ]
I0218 17:11:03.656903 13360 processor.cc:802] Processor: start processing batch 6762cd26-d4ee-4f25-8661-78fa53055674 into model nwt
I0218 17:11:03.656903  8244 processor.cc:802] Processor: start processing batch 3f649c52-6f90-4427-9bcb-e11edd993a71 into model nwt
I0218 17:11:03.656903 12800 processor.cc:898] Processor: complete processing batch a0f8b972-eeac-49bf-b4ea-dac29e005174 into model nwt
I0218 17:11:03.656903 12800 cuckoo_watch.h:45] 1ms in ProcessBatch(charter\aaaaab.batch) [including 0ms in LoadMessage; 0ms in InitializeSparseNdw; 0ms in InferThetaAndUpdateNwtSparse; 0ms in CalculateScore(^^^ItemsProcessedScore^^^); ]
I0218 17:11:03.657903  7580 processor.cc:898] Processor: complete processing batch adce4eed-553f-4580-ae93-ee6b51128dd1 into model nwt
I0218 17:11:03.657903 12800 processor.cc:802] Processor: start processing batch 25aa43fe-394b-46a6-8efa-ae29c9b0cf47 into model nwt
I0218 17:11:03.657903  7580 cuckoo_watch.h:45] 2ms in ProcessBatch(charter\aaaaad.batch) [including 0ms in LoadMessage; 0ms in InitializeSparseNdw; 0ms in InferThetaAndUpdateNwtSparse; 0ms in CalculateScore(^^^ItemsProcessedScore^^^); ]
I0218 17:11:03.657903  7580 processor.cc:802] Processor: start processing batch 76508ef3-3130-4b58-a303-f4c1127b3061 into model nwt
I0218 17:11:03.657903 13360 processor.cc:898] Processor: complete processing batch 6762cd26-d4ee-4f25-8661-78fa53055674 into model nwt
I0218 17:11:03.657903  8244 processor.cc:898] Processor: complete processing batch 3f649c52-6f90-4427-9bcb-e11edd993a71 into model nwt
I0218 17:11:03.657903 13360 cuckoo_watch.h:45] 2ms in ProcessBatch(charter\aaaaac.batch) [including 1ms in LoadMessage; 0ms in InitializeSparseNdw; 0ms in InferThetaAndUpdateNwtSparse; 0ms in CalculateScore(^^^ItemsProcessedScore^^^); ]
I0218 17:11:03.658905  8244 cuckoo_watch.h:45] 1ms in ProcessBatch(charter\aaaaae.batch) [including 0ms in LoadMessage; 0ms in InitializeSparseNdw; 0ms in InferThetaAndUpdateNwtSparse; 0ms in CalculateScore(^^^ItemsProcessedScore^^^); ]
I0218 17:11:03.658905 12800 processor.cc:898] Processor: complete processing batch 25aa43fe-394b-46a6-8efa-ae29c9b0cf47 into model nwt
I0218 17:11:03.658905  7580 processor.cc:898] Processor: complete processing batch 76508ef3-3130-4b58-a303-f4c1127b3061 into model nwt
I0218 17:11:03.658905 12800 cuckoo_watch.h:45] 1ms in ProcessBatch(charter\aaaaaf.batch) [including 0ms in LoadMessage; 0ms in InitializeSparseNdw; 0ms in InferThetaAndUpdateNwtSparse; 0ms in CalculateScore(^^^ItemsProcessedScore^^^); ]
I0218 17:11:03.658905  7580 cuckoo_watch.h:45] 1ms in ProcessBatch(charter\aaaaag.batch) [including 0ms in LoadMessage; 0ms in InitializeSparseNdw; 0ms in InferThetaAndUpdateNwtSparse; 0ms in CalculateScore(^^^ItemsProcessedScore^^^); ]
I0218 17:11:03.663905 12824 master_component.cc:1391] NormalizeModelArgs: pwt_target_name=pwt, nwt_source_name=nwt, rwt_source_name=
I0218 17:11:03.663905 12824 master_component.cc:952] MasterComponent: start normalizing model nwt
I0218 17:11:03.665908 12824 master_component.cc:980] MasterComponent: complete normalizing model nwt
I0218 17:11:03.666909 12824 master_component.cc:1415] DisposeModel rwt
I0218 17:11:03.666909 12824 master_component.cc:1005] FitOffline: ItemsProcessed, num_items=349, num_batches=7, token_weight=6775, token_weight_in_effect=6775
I0218 17:11:03.666909  4492 c_interface.cc:559] Pass GetScoreValueArgs, score_name=^^^ItemsProcessedScore^^^ to MasterComponent::Request
I0218 17:11:03.666909  4492 c_interface.cc:230] ArtmCopyRequestedMessage is copying 46 bytes...
I0218 17:11:03.667909 12824 c_interface.cc:386] Pass FitOfflineMasterModelArgs, batch_filename_size=7, batch_weight_size=7, num_collection_passes=1 to void (__cdecl artm::core::MasterComponent::*)(class artm::FitOfflineMasterModelArgs const & __ptr64) __ptr64
I0218 17:11:03.667909 12824 master_component.cc:1340] ProcessBatchesArgs: nwt_target_name=nwt, batch_filename_size=7, batch_size=0, batch_weight_size=7, pwt_source_name=pwt, num_document_passes=10, reuse_theta=no, opt_for_avx=yes, predict_class_id=
I0218 17:11:03.669912 12800 processor.cc:802] Processor: start processing batch a0f8b972-eeac-49bf-b4ea-dac29e005174 into model nwt
I0218 17:11:03.669912  8244 processor.cc:802] Processor: start processing batch e91c5980-7a80-4d03-b44f-bfd83cf93424 into model nwt
I0218 17:11:03.670913 13360 processor.cc:802] Processor: start processing batch 6762cd26-d4ee-4f25-8661-78fa53055674 into model nwt
I0218 17:11:03.670913 12800 processor.cc:898] Processor: complete processing batch a0f8b972-eeac-49bf-b4ea-dac29e005174 into model nwt
I0218 17:11:03.670913  8244 processor.cc:898] Processor: complete processing batch e91c5980-7a80-4d03-b44f-bfd83cf93424 into model nwt
I0218 17:11:03.670913 12800 cuckoo_watch.h:45] 1ms in ProcessBatch(charter\aaaaab.batch) [including 0ms in LoadMessage; 0ms in InitializeSparseNdw; 0ms in InferThetaAndUpdateNwtSparse; 0ms in CalculateScore(^^^ItemsProcessedScore^^^); ]
I0218 17:11:03.670913  8244 cuckoo_watch.h:45] 1ms in ProcessBatch(charter\aaaaaa.batch) [including 0ms in LoadMessage; 0ms in InitializeSparseNdw; 0ms in InferThetaAndUpdateNwtSparse; 0ms in CalculateScore(^^^ItemsProcessedScore^^^); ]
I0218 17:11:03.671914  7580 processor.cc:802] Processor: start processing batch adce4eed-553f-4580-ae93-ee6b51128dd1 into model nwt
I0218 17:11:03.671914 12800 processor.cc:802] Processor: start processing batch 3f649c52-6f90-4427-9bcb-e11edd993a71 into model nwt
I0218 17:11:03.671914  8244 processor.cc:802] Processor: start processing batch 25aa43fe-394b-46a6-8efa-ae29c9b0cf47 into model nwt
I0218 17:11:03.671914 13360 processor.cc:898] Processor: complete processing batch 6762cd26-d4ee-4f25-8661-78fa53055674 into model nwt
I0218 17:11:03.671914 13360 cuckoo_watch.h:45] 1ms in ProcessBatch(charter\aaaaac.batch) [including 0ms in LoadMessage; 0ms in InitializeSparseNdw; 0ms in InferThetaAndUpdateNwtSparse; 0ms in CalculateScore(^^^ItemsProcessedScore^^^); ]
I0218 17:11:03.672915 13360 processor.cc:802] Processor: start processing batch 76508ef3-3130-4b58-a303-f4c1127b3061 into model nwt
I0218 17:11:03.672915 12800 processor.cc:898] Processor: complete processing batch 3f649c52-6f90-4427-9bcb-e11edd993a71 into model nwt
I0218 17:11:03.672915 12800 cuckoo_watch.h:45] 1ms in ProcessBatch(charter\aaaaae.batch) [including 0ms in LoadMessage; 0ms in InitializeSparseNdw; 0ms in InferThetaAndUpdateNwtSparse; 0ms in CalculateScore(^^^ItemsProcessedScore^^^); ]
I0218 17:11:03.672915  7580 processor.cc:898] Processor: complete processing batch adce4eed-553f-4580-ae93-ee6b51128dd1 into model nwt
I0218 17:11:03.672915  8244 processor.cc:898] Processor: complete processing batch 25aa43fe-394b-46a6-8efa-ae29c9b0cf47 into model nwt
I0218 17:11:03.672915  7580 cuckoo_watch.h:45] 2ms in ProcessBatch(charter\aaaaad.batch) [including 0ms in LoadMessage; 0ms in InitializeSparseNdw; 0ms in InferThetaAndUpdateNwtSparse; 0ms in CalculateScore(^^^ItemsProcessedScore^^^); ]
I0218 17:11:03.672915  8244 cuckoo_watch.h:45] 1ms in ProcessBatch(charter\aaaaaf.batch) [including 0ms in LoadMessage; 0ms in InitializeSparseNdw; 0ms in InferThetaAndUpdateNwtSparse; 0ms in CalculateScore(^^^ItemsProcessedScore^^^); ]
I0218 17:11:03.673916 13360 processor.cc:898] Processor: complete processing batch 76508ef3-3130-4b58-a303-f4c1127b3061 into model nwt
I0218 17:11:03.673916 13360 cuckoo_watch.h:45] 1ms in ProcessBatch(charter\aaaaag.batch) [including 0ms in LoadMessage; 0ms in InitializeSparseNdw; 0ms in InferThetaAndUpdateNwtSparse; 0ms in CalculateScore(^^^ItemsProcessedScore^^^); ]
I0218 17:11:03.674916 12824 master_component.cc:1391] NormalizeModelArgs: pwt_target_name=pwt, nwt_source_name=nwt, rwt_source_name=
I0218 17:11:03.674916 12824 master_component.cc:952] MasterComponent: start normalizing model nwt
I0218 17:11:03.675918 12824 master_component.cc:980] MasterComponent: complete normalizing model nwt
I0218 17:11:03.677920 12824 master_component.cc:1415] DisposeModel rwt
I0218 17:11:03.677920 12824 master_component.cc:1005] FitOffline: ItemsProcessed, num_items=349, num_batches=7, token_weight=6775, token_weight_in_effect=6775
I0218 17:11:03.677920  4492 c_interface.cc:559] Pass GetScoreValueArgs, score_name=^^^ItemsProcessedScore^^^ to MasterComponent::Request
I0218 17:11:03.677920  4492 c_interface.cc:230] ArtmCopyRequestedMessage is copying 46 bytes...
I0218 17:11:03.678921 12824 c_interface.cc:386] Pass FitOfflineMasterModelArgs, batch_filename_size=7, batch_weight_size=7, num_collection_passes=1 to void (__cdecl artm::core::MasterComponent::*)(class artm::FitOfflineMasterModelArgs const & __ptr64) __ptr64
I0218 17:11:03.678921 12824 master_component.cc:1340] ProcessBatchesArgs: nwt_target_name=nwt, batch_filename_size=7, batch_size=0, batch_weight_size=7, pwt_source_name=pwt, num_document_passes=10, reuse_theta=no, opt_for_avx=yes, predict_class_id=
I0218 17:11:03.680923  8244 processor.cc:802] Processor: start processing batch e91c5980-7a80-4d03-b44f-bfd83cf93424 into model nwt
I0218 17:11:03.681924 12800 processor.cc:802] Processor: start processing batch a0f8b972-eeac-49bf-b4ea-dac29e005174 into model nwt
I0218 17:11:03.681924  7580 processor.cc:802] Processor: start processing batch 6762cd26-d4ee-4f25-8661-78fa53055674 into model nwt
I0218 17:11:03.682924  8244 processor.cc:898] Processor: complete processing batch e91c5980-7a80-4d03-b44f-bfd83cf93424 into model nwt
I0218 17:11:03.682924  8244 cuckoo_watch.h:45] 2ms in ProcessBatch(charter\aaaaaa.batch) [including 0ms in LoadMessage; 0ms in InitializeSparseNdw; 0ms in InferThetaAndUpdateNwtSparse; 0ms in CalculateScore(^^^ItemsProcessedScore^^^); ]
I0218 17:11:03.682924 13360 processor.cc:802] Processor: start processing batch adce4eed-553f-4580-ae93-ee6b51128dd1 into model nwt
I0218 17:11:03.682924  8244 processor.cc:802] Processor: start processing batch 3f649c52-6f90-4427-9bcb-e11edd993a71 into model nwt
I0218 17:11:03.682924 12800 processor.cc:898] Processor: complete processing batch a0f8b972-eeac-49bf-b4ea-dac29e005174 into model nwt
I0218 17:11:03.682924 12800 cuckoo_watch.h:45] 1ms in ProcessBatch(charter\aaaaab.batch) [including 0ms in LoadMessage; 0ms in InitializeSparseNdw; 0ms in InferThetaAndUpdateNwtSparse; 0ms in CalculateScore(^^^ItemsProcessedScore^^^); ]
I0218 17:11:03.683925 12800 processor.cc:802] Processor: start processing batch 25aa43fe-394b-46a6-8efa-ae29c9b0cf47 into model nwt
I0218 17:11:03.683925  7580 processor.cc:898] Processor: complete processing batch 6762cd26-d4ee-4f25-8661-78fa53055674 into model nwt
I0218 17:11:03.683925  7580 cuckoo_watch.h:45] 2ms in ProcessBatch(charter\aaaaac.batch) [including 0ms in LoadMessage; 0ms in InitializeSparseNdw; 1ms in InferThetaAndUpdateNwtSparse; 0ms in CalculateScore(^^^ItemsProcessedScore^^^); ]
I0218 17:11:03.683925  8244 processor.cc:898] Processor: complete processing batch 3f649c52-6f90-4427-9bcb-e11edd993a71 into model nwt
I0218 17:11:03.683925  8244 cuckoo_watch.h:45] 1ms in ProcessBatch(charter\aaaaae.batch) [including 0ms in LoadMessage; 0ms in InitializeSparseNdw; 0ms in InferThetaAndUpdateNwtSparse; 0ms in CalculateScore(^^^ItemsProcessedScore^^^); ]
I0218 17:11:03.684927  7580 processor.cc:802] Processor: start processing batch 76508ef3-3130-4b58-a303-f4c1127b3061 into model nwt
I0218 17:11:03.684927 13360 processor.cc:898] Processor: complete processing batch adce4eed-553f-4580-ae93-ee6b51128dd1 into model nwt
I0218 17:11:03.684927 13360 cuckoo_watch.h:45] 2ms in ProcessBatch(charter\aaaaad.batch) [including 0ms in LoadMessage; 0ms in InitializeSparseNdw; 0ms in InferThetaAndUpdateNwtSparse; 0ms in CalculateScore(^^^ItemsProcessedScore^^^); ]
I0218 17:11:03.684927 12800 processor.cc:898] Processor: complete processing batch 25aa43fe-394b-46a6-8efa-ae29c9b0cf47 into model nwt
I0218 17:11:03.684927 12800 cuckoo_watch.h:45] 1ms in ProcessBatch(charter\aaaaaf.batch) [including 0ms in LoadMessage; 0ms in InitializeSparseNdw; 0ms in InferThetaAndUpdateNwtSparse; 0ms in CalculateScore(^^^ItemsProcessedScore^^^); ]
I0218 17:11:03.684927  7580 processor.cc:898] Processor: complete processing batch 76508ef3-3130-4b58-a303-f4c1127b3061 into model nwt
I0218 17:11:03.684927  7580 cuckoo_watch.h:45] 1ms in ProcessBatch(charter\aaaaag.batch) [including 0ms in LoadMessage; 0ms in InitializeSparseNdw; 0ms in InferThetaAndUpdateNwtSparse; 0ms in CalculateScore(^^^ItemsProcessedScore^^^); ]
I0218 17:11:03.686928 12824 master_component.cc:1391] NormalizeModelArgs: pwt_target_name=pwt, nwt_source_name=nwt, rwt_source_name=
I0218 17:11:03.686928 12824 master_component.cc:952] MasterComponent: start normalizing model nwt
I0218 17:11:03.687929 12824 master_component.cc:980] MasterComponent: complete normalizing model nwt
I0218 17:11:03.689931 12824 master_component.cc:1415] DisposeModel rwt
I0218 17:11:03.689931 12824 master_component.cc:1005] FitOffline: ItemsProcessed, num_items=349, num_batches=7, token_weight=6775, token_weight_in_effect=6775
I0218 17:11:03.689931  4492 c_interface.cc:559] Pass GetScoreValueArgs, score_name=^^^ItemsProcessedScore^^^ to MasterComponent::Request
I0218 17:11:03.689931  4492 c_interface.cc:230] ArtmCopyRequestedMessage is copying 46 bytes...
I0218 17:11:03.689931 12824 c_interface.cc:386] Pass FitOfflineMasterModelArgs, batch_filename_size=7, batch_weight_size=7, num_collection_passes=1 to void (__cdecl artm::core::MasterComponent::*)(class artm::FitOfflineMasterModelArgs const & __ptr64) __ptr64
I0218 17:11:03.689931 12824 master_component.cc:1340] ProcessBatchesArgs: nwt_target_name=nwt, batch_filename_size=7, batch_size=0, batch_weight_size=7, pwt_source_name=pwt, num_document_passes=10, reuse_theta=no, opt_for_avx=yes, predict_class_id=
I0218 17:11:03.692934  8244 processor.cc:802] Processor: start processing batch e91c5980-7a80-4d03-b44f-bfd83cf93424 into model nwt
I0218 17:11:03.692934 13360 processor.cc:802] Processor: start processing batch a0f8b972-eeac-49bf-b4ea-dac29e005174 into model nwt
I0218 17:11:03.693935 12800 processor.cc:802] Processor: start processing batch 6762cd26-d4ee-4f25-8661-78fa53055674 into model nwt
I0218 17:11:03.693935  8244 processor.cc:898] Processor: complete processing batch e91c5980-7a80-4d03-b44f-bfd83cf93424 into model nwt
I0218 17:11:03.693935  8244 cuckoo_watch.h:45] 1ms in ProcessBatch(charter\aaaaaa.batch) [including 0ms in LoadMessage; 0ms in InitializeSparseNdw; 0ms in InferThetaAndUpdateNwtSparse; 0ms in CalculateScore(^^^ItemsProcessedScore^^^); ]
I0218 17:11:03.694936  8244 processor.cc:802] Processor: start processing batch 3f649c52-6f90-4427-9bcb-e11edd993a71 into model nwt
I0218 17:11:03.694936  7580 processor.cc:802] Processor: start processing batch adce4eed-553f-4580-ae93-ee6b51128dd1 into model nwt
I0218 17:11:03.694936 13360 processor.cc:898] Processor: complete processing batch a0f8b972-eeac-49bf-b4ea-dac29e005174 into model nwt
I0218 17:11:03.694936 13360 cuckoo_watch.h:45] 1ms in ProcessBatch(charter\aaaaab.batch) [including 0ms in LoadMessage; 0ms in InitializeSparseNdw; 0ms in InferThetaAndUpdateNwtSparse; 0ms in CalculateScore(^^^ItemsProcessedScore^^^); ]
I0218 17:11:03.694936 13360 processor.cc:802] Processor: start processing batch 25aa43fe-394b-46a6-8efa-ae29c9b0cf47 into model nwt
I0218 17:11:03.694936 12800 processor.cc:898] Processor: complete processing batch 6762cd26-d4ee-4f25-8661-78fa53055674 into model nwt
I0218 17:11:03.694936 12800 cuckoo_watch.h:45] 1ms in ProcessBatch(charter\aaaaac.batch) [including 0ms in LoadMessage; 0ms in InitializeSparseNdw; 0ms in InferThetaAndUpdateNwtSparse; 0ms in CalculateScore(^^^ItemsProcessedScore^^^); ]
I0218 17:11:03.695936  8244 processor.cc:898] Processor: complete processing batch 3f649c52-6f90-4427-9bcb-e11edd993a71 into model nwt
I0218 17:11:03.695936  8244 cuckoo_watch.h:45] 1ms in ProcessBatch(charter\aaaaae.batch) [including 0ms in LoadMessage; 0ms in InitializeSparseNdw; 0ms in InferThetaAndUpdateNwtSparse; 0ms in CalculateScore(^^^ItemsProcessedScore^^^); ]
I0218 17:11:03.695936 12800 processor.cc:802] Processor: start processing batch 76508ef3-3130-4b58-a303-f4c1127b3061 into model nwt
I0218 17:11:03.696938  7580 processor.cc:898] Processor: complete processing batch adce4eed-553f-4580-ae93-ee6b51128dd1 into model nwt
I0218 17:11:03.696938  7580 cuckoo_watch.h:45] 2ms in ProcessBatch(charter\aaaaad.batch) [including 0ms in LoadMessage; 0ms in InitializeSparseNdw; 1ms in InferThetaAndUpdateNwtSparse; 0ms in CalculateScore(^^^ItemsProcessedScore^^^); ]
I0218 17:11:03.696938 13360 processor.cc:898] Processor: complete processing batch 25aa43fe-394b-46a6-8efa-ae29c9b0cf47 into model nwt
I0218 17:11:03.696938 13360 cuckoo_watch.h:45] 2ms in ProcessBatch(charter\aaaaaf.batch) [including 0ms in LoadMessage; 0ms in InitializeSparseNdw; 1ms in InferThetaAndUpdateNwtSparse; 0ms in CalculateScore(^^^ItemsProcessedScore^^^); ]
I0218 17:11:03.697939 12800 processor.cc:898] Processor: complete processing batch 76508ef3-3130-4b58-a303-f4c1127b3061 into model nwt
I0218 17:11:03.697939 12800 cuckoo_watch.h:45] 2ms in ProcessBatch(charter\aaaaag.batch) [including 0ms in LoadMessage; 0ms in InitializeSparseNdw; 0ms in InferThetaAndUpdateNwtSparse; 0ms in CalculateScore(^^^ItemsProcessedScore^^^); ]
I0218 17:11:03.698940 12824 master_component.cc:1391] NormalizeModelArgs: pwt_target_name=pwt, nwt_source_name=nwt, rwt_source_name=
I0218 17:11:03.698940 12824 master_component.cc:952] MasterComponent: start normalizing model nwt
I0218 17:11:03.699940 12824 master_component.cc:980] MasterComponent: complete normalizing model nwt
I0218 17:11:03.701942 12824 master_component.cc:1415] DisposeModel rwt
I0218 17:11:03.701942 12824 master_component.cc:1005] FitOffline: ItemsProcessed, num_items=349, num_batches=7, token_weight=6775, token_weight_in_effect=6775
I0218 17:11:03.701942  4492 c_interface.cc:559] Pass GetScoreValueArgs, score_name=^^^ItemsProcessedScore^^^ to MasterComponent::Request
I0218 17:11:03.701942  4492 c_interface.cc:230] ArtmCopyRequestedMessage is copying 46 bytes...
I0218 17:11:03.702944 12824 c_interface.cc:386] Pass FitOfflineMasterModelArgs, batch_filename_size=7, batch_weight_size=7, num_collection_passes=1 to void (__cdecl artm::core::MasterComponent::*)(class artm::FitOfflineMasterModelArgs const & __ptr64) __ptr64
I0218 17:11:03.702944 12824 master_component.cc:1340] ProcessBatchesArgs: nwt_target_name=nwt, batch_filename_size=7, batch_size=0, batch_weight_size=7, pwt_source_name=pwt, num_document_passes=10, reuse_theta=no, opt_for_avx=yes, predict_class_id=
I0218 17:11:03.704946  7580 processor.cc:802] Processor: start processing batch e91c5980-7a80-4d03-b44f-bfd83cf93424 into model nwt
I0218 17:11:03.704946  8244 processor.cc:802] Processor: start processing batch a0f8b972-eeac-49bf-b4ea-dac29e005174 into model nwt
I0218 17:11:03.704946 13360 processor.cc:802] Processor: start processing batch 6762cd26-d4ee-4f25-8661-78fa53055674 into model nwt
I0218 17:11:03.705946  7580 processor.cc:898] Processor: complete processing batch e91c5980-7a80-4d03-b44f-bfd83cf93424 into model nwt
I0218 17:11:03.705946  8244 processor.cc:898] Processor: complete processing batch a0f8b972-eeac-49bf-b4ea-dac29e005174 into model nwt
I0218 17:11:03.705946  7580 cuckoo_watch.h:45] 1ms in ProcessBatch(charter\aaaaaa.batch) [including 0ms in LoadMessage; 0ms in InitializeSparseNdw; 0ms in InferThetaAndUpdateNwtSparse; 0ms in CalculateScore(^^^ItemsProcessedScore^^^); ]
I0218 17:11:03.705946  8244 cuckoo_watch.h:45] 1ms in ProcessBatch(charter\aaaaab.batch) [including 0ms in LoadMessage; 0ms in InitializeSparseNdw; 0ms in InferThetaAndUpdateNwtSparse; 0ms in CalculateScore(^^^ItemsProcessedScore^^^); ]
I0218 17:11:03.705946 13360 processor.cc:898] Processor: complete processing batch 6762cd26-d4ee-4f25-8661-78fa53055674 into model nwt
I0218 17:11:03.706948 13360 cuckoo_watch.h:45] 1ms in ProcessBatch(charter\aaaaac.batch) [including 0ms in LoadMessage; 0ms in InitializeSparseNdw; 0ms in InferThetaAndUpdateNwtSparse; 0ms in CalculateScore(^^^ItemsProcessedScore^^^); ]
I0218 17:11:03.706948  7580 processor.cc:802] Processor: start processing batch 3f649c52-6f90-4427-9bcb-e11edd993a71 into model nwt
I0218 17:11:03.706948  8244 processor.cc:802] Processor: start processing batch 25aa43fe-394b-46a6-8efa-ae29c9b0cf47 into model nwt
I0218 17:11:03.706948 12800 processor.cc:802] Processor: start processing batch adce4eed-553f-4580-ae93-ee6b51128dd1 into model nwt
I0218 17:11:03.706948 13360 processor.cc:802] Processor: start processing batch 76508ef3-3130-4b58-a303-f4c1127b3061 into model nwt
I0218 17:11:03.707948  7580 processor.cc:898] Processor: complete processing batch 3f649c52-6f90-4427-9bcb-e11edd993a71 into model nwt
I0218 17:11:03.707948  7580 cuckoo_watch.h:45] 1ms in ProcessBatch(charter\aaaaae.batch) [including 0ms in LoadMessage; 0ms in InitializeSparseNdw; 0ms in InferThetaAndUpdateNwtSparse; 0ms in CalculateScore(^^^ItemsProcessedScore^^^); ]
I0218 17:11:03.707948 13360 processor.cc:898] Processor: complete processing batch 76508ef3-3130-4b58-a303-f4c1127b3061 into model nwt
I0218 17:11:03.707948 13360 cuckoo_watch.h:45] 1ms in ProcessBatch(charter\aaaaag.batch) [including 0ms in LoadMessage; 0ms in InitializeSparseNdw; 0ms in InferThetaAndUpdateNwtSparse; 0ms in CalculateScore(^^^ItemsProcessedScore^^^); ]
I0218 17:11:03.707948 12800 processor.cc:898] Processor: complete processing batch adce4eed-553f-4580-ae93-ee6b51128dd1 into model nwt
I0218 17:11:03.707948  8244 processor.cc:898] Processor: complete processing batch 25aa43fe-394b-46a6-8efa-ae29c9b0cf47 into model nwt
I0218 17:11:03.707948 12800 cuckoo_watch.h:45] 2ms in ProcessBatch(charter\aaaaad.batch) [including 0ms in LoadMessage; 0ms in InitializeSparseNdw; 0ms in InferThetaAndUpdateNwtSparse; 0ms in CalculateScore(^^^ItemsProcessedScore^^^); ]
I0218 17:11:03.707948  8244 cuckoo_watch.h:45] 2ms in ProcessBatch(charter\aaaaaf.batch) [including 0ms in LoadMessage; 0ms in InitializeSparseNdw; 0ms in InferThetaAndUpdateNwtSparse; 0ms in CalculateScore(^^^ItemsProcessedScore^^^); ]
I0218 17:11:03.708950 12824 master_component.cc:1391] NormalizeModelArgs: pwt_target_name=pwt, nwt_source_name=nwt, rwt_source_name=
I0218 17:11:03.708950 12824 master_component.cc:952] MasterComponent: start normalizing model nwt
I0218 17:11:03.710952 12824 master_component.cc:980] MasterComponent: complete normalizing model nwt
I0218 17:11:03.711951 12824 master_component.cc:1415] DisposeModel rwt
I0218 17:11:03.711951 12824 master_component.cc:1005] FitOffline: ItemsProcessed, num_items=349, num_batches=7, token_weight=6775, token_weight_in_effect=6775
I0218 17:11:03.712954  4492 c_interface.cc:559] Pass GetScoreValueArgs, score_name=^^^ItemsProcessedScore^^^ to MasterComponent::Request
I0218 17:11:03.712954  4492 c_interface.cc:230] ArtmCopyRequestedMessage is copying 46 bytes...
I0218 17:11:03.712954 12824 c_interface.cc:386] Pass FitOfflineMasterModelArgs, batch_filename_size=7, batch_weight_size=7, num_collection_passes=1 to void (__cdecl artm::core::MasterComponent::*)(class artm::FitOfflineMasterModelArgs const & __ptr64) __ptr64
I0218 17:11:03.712954 12824 master_component.cc:1340] ProcessBatchesArgs: nwt_target_name=nwt, batch_filename_size=7, batch_size=0, batch_weight_size=7, pwt_source_name=pwt, num_document_passes=10, reuse_theta=no, opt_for_avx=yes, predict_class_id=
I0218 17:11:03.715956  7580 processor.cc:802] Processor: start processing batch a0f8b972-eeac-49bf-b4ea-dac29e005174 into model nwt
I0218 17:11:03.715956  8244 processor.cc:802] Processor: start processing batch e91c5980-7a80-4d03-b44f-bfd83cf93424 into model nwt
I0218 17:11:03.715956 13360 processor.cc:802] Processor: start processing batch 6762cd26-d4ee-4f25-8661-78fa53055674 into model nwt
I0218 17:11:03.716958 12800 processor.cc:802] Processor: start processing batch adce4eed-553f-4580-ae93-ee6b51128dd1 into model nwt
I0218 17:11:03.716958  8244 processor.cc:898] Processor: complete processing batch e91c5980-7a80-4d03-b44f-bfd83cf93424 into model nwt
I0218 17:11:03.716958  7580 processor.cc:898] Processor: complete processing batch a0f8b972-eeac-49bf-b4ea-dac29e005174 into model nwt
I0218 17:11:03.716958  8244 cuckoo_watch.h:45] 1ms in ProcessBatch(charter\aaaaaa.batch) [including 0ms in LoadMessage; 0ms in InitializeSparseNdw; 0ms in InferThetaAndUpdateNwtSparse; 0ms in CalculateScore(^^^ItemsProcessedScore^^^); ]
I0218 17:11:03.716958  7580 cuckoo_watch.h:45] 1ms in ProcessBatch(charter\aaaaab.batch) [including 0ms in LoadMessage; 0ms in InitializeSparseNdw; 0ms in InferThetaAndUpdateNwtSparse; 0ms in CalculateScore(^^^ItemsProcessedScore^^^); ]
I0218 17:11:03.717958 13360 processor.cc:898] Processor: complete processing batch 6762cd26-d4ee-4f25-8661-78fa53055674 into model nwt
I0218 17:11:03.717958 13360 cuckoo_watch.h:45] 2ms in ProcessBatch(charter\aaaaac.batch) [including 0ms in LoadMessage; 0ms in InitializeSparseNdw; 0ms in InferThetaAndUpdateNwtSparse; 0ms in CalculateScore(^^^ItemsProcessedScore^^^); ]
I0218 17:11:03.717958  8244 processor.cc:802] Processor: start processing batch 3f649c52-6f90-4427-9bcb-e11edd993a71 into model nwt
I0218 17:11:03.717958  7580 processor.cc:802] Processor: start processing batch 25aa43fe-394b-46a6-8efa-ae29c9b0cf47 into model nwt
I0218 17:11:03.717958 13360 processor.cc:802] Processor: start processing batch 76508ef3-3130-4b58-a303-f4c1127b3061 into model nwt
I0218 17:11:03.718960  8244 processor.cc:898] Processor: complete processing batch 3f649c52-6f90-4427-9bcb-e11edd993a71 into model nwt
I0218 17:11:03.718960  8244 cuckoo_watch.h:45] 1ms in ProcessBatch(charter\aaaaae.batch) [including 0ms in LoadMessage; 0ms in InitializeSparseNdw; 0ms in InferThetaAndUpdateNwtSparse; 0ms in CalculateScore(^^^ItemsProcessedScore^^^); ]
I0218 17:11:03.718960 12800 processor.cc:898] Processor: complete processing batch adce4eed-553f-4580-ae93-ee6b51128dd1 into model nwt
I0218 17:11:03.718960 12800 cuckoo_watch.h:45] 2ms in ProcessBatch(charter\aaaaad.batch) [including 0ms in LoadMessage; 0ms in InitializeSparseNdw; 1ms in InferThetaAndUpdateNwtSparse; 0ms in CalculateScore(^^^ItemsProcessedScore^^^); ]
I0218 17:11:03.718960  7580 processor.cc:898] Processor: complete processing batch 25aa43fe-394b-46a6-8efa-ae29c9b0cf47 into model nwt
I0218 17:11:03.718960 13360 processor.cc:898] Processor: complete processing batch 76508ef3-3130-4b58-a303-f4c1127b3061 into model nwt
I0218 17:11:03.718960  7580 cuckoo_watch.h:45] 2ms in ProcessBatch(charter\aaaaaf.batch) [including 0ms in LoadMessage; 0ms in InitializeSparseNdw; 0ms in InferThetaAndUpdateNwtSparse; 0ms in CalculateScore(^^^ItemsProcessedScore^^^); ]
I0218 17:11:03.718960 13360 cuckoo_watch.h:45] 1ms in ProcessBatch(charter\aaaaag.batch) [including 0ms in LoadMessage; 0ms in InitializeSparseNdw; 0ms in InferThetaAndUpdateNwtSparse; 0ms in CalculateScore(^^^ItemsProcessedScore^^^); ]
I0218 17:11:03.719959 12824 master_component.cc:1391] NormalizeModelArgs: pwt_target_name=pwt, nwt_source_name=nwt, rwt_source_name=
I0218 17:11:03.719959 12824 master_component.cc:952] MasterComponent: start normalizing model nwt
I0218 17:11:03.720960 12824 master_component.cc:980] MasterComponent: complete normalizing model nwt
I0218 17:11:03.722962 12824 master_component.cc:1415] DisposeModel rwt
I0218 17:11:03.722962 12824 master_component.cc:1005] FitOffline: ItemsProcessed, num_items=349, num_batches=7, token_weight=6775, token_weight_in_effect=6775
I0218 17:11:03.722962  4492 c_interface.cc:559] Pass GetScoreValueArgs, score_name=^^^ItemsProcessedScore^^^ to MasterComponent::Request
I0218 17:11:03.722962  4492 c_interface.cc:230] ArtmCopyRequestedMessage is copying 46 bytes...
I0218 17:11:03.723963 12824 c_interface.cc:386] Pass FitOfflineMasterModelArgs, batch_filename_size=7, batch_weight_size=7, num_collection_passes=1 to void (__cdecl artm::core::MasterComponent::*)(class artm::FitOfflineMasterModelArgs const & __ptr64) __ptr64
I0218 17:11:03.723963 12824 master_component.cc:1340] ProcessBatchesArgs: nwt_target_name=nwt, batch_filename_size=7, batch_size=0, batch_weight_size=7, pwt_source_name=pwt, num_document_passes=10, reuse_theta=no, opt_for_avx=yes, predict_class_id=
I0218 17:11:03.729967 12800 processor.cc:802] Processor: start processing batch 6762cd26-d4ee-4f25-8661-78fa53055674 into model nwt
I0218 17:11:03.729967  7580 processor.cc:802] Processor: start processing batch a0f8b972-eeac-49bf-b4ea-dac29e005174 into model nwt
I0218 17:11:03.729967  8244 processor.cc:802] Processor: start processing batch e91c5980-7a80-4d03-b44f-bfd83cf93424 into model nwt
I0218 17:11:03.729967 13360 processor.cc:802] Processor: start processing batch adce4eed-553f-4580-ae93-ee6b51128dd1 into model nwt
I0218 17:11:03.730969  7580 processor.cc:898] Processor: complete processing batch a0f8b972-eeac-49bf-b4ea-dac29e005174 into model nwt
I0218 17:11:03.730969  7580 cuckoo_watch.h:45] 1ms in ProcessBatch(charter\aaaaab.batch) [including 0ms in LoadMessage; 0ms in InitializeSparseNdw; 0ms in InferThetaAndUpdateNwtSparse; 0ms in CalculateScore(^^^ItemsProcessedScore^^^); ]
I0218 17:11:03.731971 12800 processor.cc:898] Processor: complete processing batch 6762cd26-d4ee-4f25-8661-78fa53055674 into model nwt
I0218 17:11:03.731971  7580 processor.cc:802] Processor: start processing batch 3f649c52-6f90-4427-9bcb-e11edd993a71 into model nwt
I0218 17:11:03.731971 12800 cuckoo_watch.h:45] 2ms in ProcessBatch(charter\aaaaac.batch) [including 0ms in LoadMessage; 0ms in InitializeSparseNdw; 1ms in InferThetaAndUpdateNwtSparse; 0ms in CalculateScore(^^^ItemsProcessedScore^^^); ]
I0218 17:11:03.731971 13360 processor.cc:898] Processor: complete processing batch adce4eed-553f-4580-ae93-ee6b51128dd1 into model nwt
I0218 17:11:03.731971  8244 processor.cc:898] Processor: complete processing batch e91c5980-7a80-4d03-b44f-bfd83cf93424 into model nwt
I0218 17:11:03.731971 13360 cuckoo_watch.h:45] 2ms in ProcessBatch(charter\aaaaad.batch) [including 0ms in LoadMessage; 0ms in InitializeSparseNdw; 1ms in InferThetaAndUpdateNwtSparse; 0ms in CalculateScore(^^^ItemsProcessedScore^^^); ]
I0218 17:11:03.731971  8244 cuckoo_watch.h:45] 2ms in ProcessBatch(charter\aaaaaa.batch) [including 0ms in LoadMessage; 0ms in InitializeSparseNdw; 1ms in InferThetaAndUpdateNwtSparse; 0ms in CalculateScore(^^^ItemsProcessedScore^^^); ]
I0218 17:11:03.731971 12800 processor.cc:802] Processor: start processing batch 25aa43fe-394b-46a6-8efa-ae29c9b0cf47 into model nwt
I0218 17:11:03.731971 13360 processor.cc:802] Processor: start processing batch 76508ef3-3130-4b58-a303-f4c1127b3061 into model nwt
I0218 17:11:03.732971 13360 processor.cc:898] Processor: complete processing batch 76508ef3-3130-4b58-a303-f4c1127b3061 into model nwt
I0218 17:11:03.732971 13360 cuckoo_watch.h:45] 1ms in ProcessBatch(charter\aaaaag.batch) [including 0ms in LoadMessage; 0ms in InitializeSparseNdw; 0ms in InferThetaAndUpdateNwtSparse; 0ms in CalculateScore(^^^ItemsProcessedScore^^^); ]
I0218 17:11:03.732971  7580 processor.cc:898] Processor: complete processing batch 3f649c52-6f90-4427-9bcb-e11edd993a71 into model nwt
I0218 17:11:03.732971  7580 cuckoo_watch.h:45] 1ms in ProcessBatch(charter\aaaaae.batch) [including 0ms in LoadMessage; 0ms in InitializeSparseNdw; 0ms in InferThetaAndUpdateNwtSparse; 0ms in CalculateScore(^^^ItemsProcessedScore^^^); ]
I0218 17:11:03.733973 12800 processor.cc:898] Processor: complete processing batch 25aa43fe-394b-46a6-8efa-ae29c9b0cf47 into model nwt
I0218 17:11:03.733973 12800 cuckoo_watch.h:45] 1ms in ProcessBatch(charter\aaaaaf.batch) [including 0ms in LoadMessage; 0ms in InitializeSparseNdw; 0ms in InferThetaAndUpdateNwtSparse; 0ms in CalculateScore(^^^ItemsProcessedScore^^^); ]
I0218 17:11:03.736979 12824 master_component.cc:1391] NormalizeModelArgs: pwt_target_name=pwt, nwt_source_name=nwt, rwt_source_name=
I0218 17:11:03.736979 12824 master_component.cc:952] MasterComponent: start normalizing model nwt
I0218 17:11:03.737982 12824 master_component.cc:980] MasterComponent: complete normalizing model nwt
I0218 17:11:03.739984 12824 master_component.cc:1415] DisposeModel rwt
I0218 17:11:03.739984 12824 master_component.cc:1005] FitOffline: ItemsProcessed, num_items=349, num_batches=7, token_weight=6775, token_weight_in_effect=6775
