I0218 16:51:00.317836  6712 cuckoo_watch.h:45] 1ms in ProcessBatch(charter\aaaaad.batch) [including 0ms in LoadMessage; 0ms in InitializeSparseNdw; 0ms in InferThetaAndUpdateNwtSparse; 0ms in CalculateScore(^^^ItemsProcessedScore^^^); ]
I0218 16:51:00.318837 11692 processor.cc:898] Processor: complete processing batch a74c82d7-6e71-44d6-aed4-ccb8b1b3da50 into model nwt
I0218 16:51:00.318837  2840 processor.cc:802] Processor: start processing batch bafbde27-7b24-4ff8-9f2d-14c524d7bcdc into model nwt
I0218 16:51:00.318837  6712 processor.cc:802] Processor: start processing batch 6e945758-6e2f-49f5-a348-456f3f4155a9 into model nwt
I0218 16:51:00.318837 11692 cuckoo_watch.h:45] 1ms in ProcessBatch(charter\aaaaae.batch) [including 0ms in LoadMessage; 0ms in InitializeSparseNdw; 0ms in InferThetaAndUpdateNwtSparse; 0ms in CalculateScore(^^^ItemsProcessedScore^^^); ]
I0218 16:51:00.319839  6712 processor.cc:898] Processor: complete processing batch 6e945758-6e2f-49f5-a348-456f3f4155a9 into model nwt
I0218 16:51:00.319839  2840 processor.cc:898] Processor: complete processing batch bafbde27-7b24-4ff8-9f2d-14c524d7bcdc into model nwt
I0218 16:51:00.319839  6712 cuckoo_watch.h:45] 1ms in ProcessBatch(charter\aaaaag.batch) [including 0ms in LoadMessage; 0ms in InitializeSparseNdw; 0ms in InferThetaAndUpdateNwtSparse; 0ms in CalculateScore(^^^ItemsProcessedScore^^^); ]
I0218 16:51:00.319839  2840 cuckoo_watch.h:45] 1ms in ProcessBatch(charter\aaaaaf.batch) [including 0ms in LoadMessage; 0ms in InitializeSparseNdw; 0ms in InferThetaAndUpdateNwtSparse; 0ms in CalculateScore(^^^ItemsProcessedScore^^^); ]
I0218 16:51:00.320839 14832 master_component.cc:1391] NormalizeModelArgs: pwt_target_name=pwt, nwt_source_name=nwt, rwt_source_name=
I0218 16:51:00.320839 14832 master_component.cc:952] MasterComponent: start normalizing model nwt
I0218 16:51:00.321841 14832 master_component.cc:980] MasterComponent: complete normalizing model nwt
I0218 16:51:00.321841 14832 master_component.cc:1415] DisposeModel rwt
I0218 16:51:00.321841 14832 master_component.cc:1005] FitOffline: ItemsProcessed, num_items=349, num_batches=7, token_weight=6775, token_weight_in_effect=6775
I0218 16:51:00.321841  4492 c_interface.cc:559] Pass GetScoreValueArgs, score_name=^^^ItemsProcessedScore^^^ to MasterComponent::Request
I0218 16:51:00.322842  4492 c_interface.cc:230] ArtmCopyRequestedMessage is copying 46 bytes...
I0218 16:51:00.322842 14832 c_interface.cc:386] Pass FitOfflineMasterModelArgs, batch_filename_size=7, batch_weight_size=7, num_collection_passes=1 to void (__cdecl artm::core::MasterComponent::*)(class artm::FitOfflineMasterModelArgs const & __ptr64) __ptr64
I0218 16:51:00.322842 14832 master_component.cc:1340] ProcessBatchesArgs: nwt_target_name=nwt, batch_filename_size=7, batch_size=0, batch_weight_size=7, pwt_source_name=pwt, num_document_passes=1, reuse_theta=no, opt_for_avx=yes, predict_class_id=
I0218 16:51:00.325845  6104 processor.cc:724] Processing queue has data, processing started
I0218 16:51:00.325845  2840 processor.cc:802] Processor: start processing batch 0da8dfd2-95d2-416f-898c-3aa574faf3eb into model nwt
I0218 16:51:00.325845  6104 processor.cc:802] Processor: start processing batch 4fbfa60c-5b48-4732-88ba-65a4b3620706 into model nwt
I0218 16:51:00.326845  6104 processor.cc:898] Processor: complete processing batch 4fbfa60c-5b48-4732-88ba-65a4b3620706 into model nwt
I0218 16:51:00.326845  2840 processor.cc:898] Processor: complete processing batch 0da8dfd2-95d2-416f-898c-3aa574faf3eb into model nwt
I0218 16:51:00.326845  6104 cuckoo_watch.h:45] 1ms in ProcessBatch(charter\aaaaaa.batch) [including 0ms in LoadMessage; 0ms in InitializeSparseNdw; 0ms in InferThetaAndUpdateNwtSparse; 0ms in CalculateScore(^^^ItemsProcessedScore^^^); ]
I0218 16:51:00.326845  2840 cuckoo_watch.h:45] 1ms in ProcessBatch(charter\aaaaab.batch) [including 0ms in LoadMessage; 0ms in InitializeSparseNdw; 0ms in InferThetaAndUpdateNwtSparse; 0ms in CalculateScore(^^^ItemsProcessedScore^^^); ]
I0218 16:51:00.326845  6104 processor.cc:802] Processor: start processing batch de36bc88-5015-4acb-894a-4e30390084e2 into model nwt
I0218 16:51:00.326845  2840 processor.cc:802] Processor: start processing batch 2101d1cd-e0df-4d19-bd50-93b9d1e63906 into model nwt
I0218 16:51:00.327847 11692 processor.cc:802] Processor: start processing batch a74c82d7-6e71-44d6-aed4-ccb8b1b3da50 into model nwt
I0218 16:51:00.327847  6104 processor.cc:898] Processor: complete processing batch de36bc88-5015-4acb-894a-4e30390084e2 into model nwt
I0218 16:51:00.327847  6104 cuckoo_watch.h:45] 1ms in ProcessBatch(charter\aaaaac.batch) [including 0ms in LoadMessage; 0ms in InitializeSparseNdw; 0ms in InferThetaAndUpdateNwtSparse; 0ms in CalculateScore(^^^ItemsProcessedScore^^^); ]
I0218 16:51:00.327847  2840 processor.cc:898] Processor: complete processing batch 2101d1cd-e0df-4d19-bd50-93b9d1e63906 into model nwt
I0218 16:51:00.328846  2840 cuckoo_watch.h:45] 1ms in ProcessBatch(charter\aaaaad.batch) [including 0ms in LoadMessage; 0ms in InitializeSparseNdw; 0ms in InferThetaAndUpdateNwtSparse; 0ms in CalculateScore(^^^ItemsProcessedScore^^^); ]
I0218 16:51:00.328846 11692 processor.cc:898] Processor: complete processing batch a74c82d7-6e71-44d6-aed4-ccb8b1b3da50 into model nwt
I0218 16:51:00.328846  6104 processor.cc:802] Processor: start processing batch bafbde27-7b24-4ff8-9f2d-14c524d7bcdc into model nwt
I0218 16:51:00.328846 11692 cuckoo_watch.h:45] 1ms in ProcessBatch(charter\aaaaae.batch) [including 0ms in LoadMessage; 0ms in InitializeSparseNdw; 0ms in InferThetaAndUpdateNwtSparse; 0ms in CalculateScore(^^^ItemsProcessedScore^^^); ]
I0218 16:51:00.328846  2840 processor.cc:802] Processor: start processing batch 6e945758-6e2f-49f5-a348-456f3f4155a9 into model nwt
I0218 16:51:00.329847  2840 processor.cc:898] Processor: complete processing batch 6e945758-6e2f-49f5-a348-456f3f4155a9 into model nwt
I0218 16:51:00.329847  2840 cuckoo_watch.h:45] 1ms in ProcessBatch(charter\aaaaag.batch) [including 0ms in LoadMessage; 0ms in InitializeSparseNdw; 0ms in InferThetaAndUpdateNwtSparse; 0ms in CalculateScore(^^^ItemsProcessedScore^^^); ]
I0218 16:51:00.329847  6104 processor.cc:898] Processor: complete processing batch bafbde27-7b24-4ff8-9f2d-14c524d7bcdc into model nwt
I0218 16:51:00.329847  6104 cuckoo_watch.h:45] 1ms in ProcessBatch(charter\aaaaaf.batch) [including 0ms in LoadMessage; 0ms in InitializeSparseNdw; 0ms in InferThetaAndUpdateNwtSparse; 0ms in CalculateScore(^^^ItemsProcessedScore^^^); ]
I0218 16:51:00.330849 14832 master_component.cc:1391] NormalizeModelArgs: pwt_target_name=pwt, nwt_source_name=nwt, rwt_source_name=
I0218 16:51:00.330849 14832 master_component.cc:952] MasterComponent: start normalizing model nwt
I0218 16:51:00.332850 14832 master_component.cc:980] MasterComponent: complete normalizing model nwt
I0218 16:51:00.332850 14832 master_component.cc:1415] DisposeModel rwt
I0218 16:51:00.332850 14832 master_component.cc:1005] FitOffline: ItemsProcessed, num_items=349, num_batches=7, token_weight=6775, token_weight_in_effect=6775
I0218 16:51:00.332850  4492 c_interface.cc:559] Pass GetScoreValueArgs, score_name=^^^ItemsProcessedScore^^^ to MasterComponent::Request
I0218 16:51:00.332850  4492 c_interface.cc:230] ArtmCopyRequestedMessage is copying 46 bytes...
I0218 16:51:00.338857  4492 c_interface.cc:230] ArtmCopyRequestedMessage is copying 157 bytes...
I0218 16:51:00.339859  4492 c_interface.cc:230] ArtmCopyRequestedMessage is copying 552 bytes...
I0218 16:51:00.355872  4492 c_interface.cc:230] ArtmCopyRequestedMessage is copying 157 bytes...
I0218 16:51:00.357875  4492 c_interface.cc:230] ArtmCopyRequestedMessage is copying 552 bytes...
I0218 16:51:00.360877  6712 processor.cc:717] No data in processing queue, waiting...
I0218 16:51:00.361878  6104 processor.cc:717] No data in processing queue, waiting...
I0218 16:51:00.361878  2840 processor.cc:717] No data in processing queue, waiting...
I0218 16:51:00.374892  4492 c_interface.cc:230] ArtmCopyRequestedMessage is copying 157 bytes...
I0218 16:51:00.375892  4492 c_interface.cc:230] ArtmCopyRequestedMessage is copying 552 bytes...
I0218 16:51:00.378895 11692 processor.cc:717] No data in processing queue, waiting...
I0218 16:51:00.386904  4492 c_interface.cc:230] ArtmCopyRequestedMessage is copying 157 bytes...
I0218 16:51:00.387904  4492 c_interface.cc:230] ArtmCopyRequestedMessage is copying 552 bytes...
I0218 16:51:00.399915  4492 c_interface.cc:230] ArtmCopyRequestedMessage is copying 157 bytes...
I0218 16:51:00.400916  4492 c_interface.cc:230] ArtmCopyRequestedMessage is copying 552 bytes...
I0218 16:51:05.164755  4492 c_interface.cc:230] ArtmCopyRequestedMessage is copying 310 bytes...
I0218 16:51:05.238826  4492 c_interface.cc:230] ArtmCopyRequestedMessage is copying 157 bytes...
I0218 16:51:05.239828  4492 c_interface.cc:230] ArtmCopyRequestedMessage is copying 552 bytes...
I0218 16:51:05.252838  4492 c_interface.cc:230] ArtmCopyRequestedMessage is copying 157 bytes...
I0218 16:51:05.253840  4492 c_interface.cc:230] ArtmCopyRequestedMessage is copying 552 bytes...
I0218 16:51:05.264849  4492 c_interface.cc:230] ArtmCopyRequestedMessage is copying 157 bytes...
I0218 16:51:05.265851  4492 c_interface.cc:230] ArtmCopyRequestedMessage is copying 552 bytes...
I0218 16:51:05.280865  4492 c_interface.cc:230] ArtmCopyRequestedMessage is copying 157 bytes...
I0218 16:51:05.281867  4492 c_interface.cc:230] ArtmCopyRequestedMessage is copying 552 bytes...
I0218 16:51:05.292877  4492 c_interface.cc:230] ArtmCopyRequestedMessage is copying 157 bytes...
I0218 16:51:05.293879  4492 c_interface.cc:230] ArtmCopyRequestedMessage is copying 552 bytes...
I0218 16:51:28.244185  4492 c_interface.cc:230] ArtmCopyRequestedMessage is copying 310 bytes...
I0218 16:51:28.290230  4492 c_interface.cc:230] ArtmCopyRequestedMessage is copying 157 bytes...
I0218 16:51:28.290230  4492 c_interface.cc:230] ArtmCopyRequestedMessage is copying 552 bytes...
I0218 16:51:28.302242  4492 c_interface.cc:230] ArtmCopyRequestedMessage is copying 157 bytes...
I0218 16:51:28.303241  4492 c_interface.cc:230] ArtmCopyRequestedMessage is copying 552 bytes...
I0218 16:51:28.316254  4492 c_interface.cc:230] ArtmCopyRequestedMessage is copying 157 bytes...
I0218 16:51:28.317255  4492 c_interface.cc:230] ArtmCopyRequestedMessage is copying 552 bytes...
I0218 16:51:28.331267  4492 c_interface.cc:230] ArtmCopyRequestedMessage is copying 157 bytes...
I0218 16:51:28.332268  4492 c_interface.cc:230] ArtmCopyRequestedMessage is copying 552 bytes...
I0218 16:51:28.344280  4492 c_interface.cc:230] ArtmCopyRequestedMessage is copying 157 bytes...
I0218 16:51:28.345281  4492 c_interface.cc:230] ArtmCopyRequestedMessage is copying 552 bytes...
I0218 16:51:33.412665  4492 c_interface.cc:230] ArtmCopyRequestedMessage is copying 310 bytes...
I0218 16:51:33.452704  4492 c_interface.cc:230] ArtmCopyRequestedMessage is copying 157 bytes...
I0218 16:51:33.453704  4492 c_interface.cc:230] ArtmCopyRequestedMessage is copying 552 bytes...
I0218 16:51:33.465716  4492 c_interface.cc:230] ArtmCopyRequestedMessage is copying 157 bytes...
I0218 16:51:33.465716  4492 c_interface.cc:230] ArtmCopyRequestedMessage is copying 552 bytes...
I0218 16:51:33.478727  4492 c_interface.cc:230] ArtmCopyRequestedMessage is copying 157 bytes...
I0218 16:51:33.479728  4492 c_interface.cc:230] ArtmCopyRequestedMessage is copying 552 bytes...
I0218 16:51:33.497746  4492 c_interface.cc:230] ArtmCopyRequestedMessage is copying 157 bytes...
I0218 16:51:33.497746  4492 c_interface.cc:230] ArtmCopyRequestedMessage is copying 552 bytes...
I0218 16:51:33.510757  4492 c_interface.cc:230] ArtmCopyRequestedMessage is copying 157 bytes...
I0218 16:51:33.510757  4492 c_interface.cc:230] ArtmCopyRequestedMessage is copying 552 bytes...
I0218 16:51:51.767422  4492 c_interface.cc:230] ArtmCopyRequestedMessage is copying 552 bytes...
I0218 16:51:51.770417  4492 c_interface.cc:230] ArtmCopyRequestedMessage is copying 552 bytes...
I0218 16:51:51.772426  4492 phi_matrix_operations.cc:84] RetrieveExternalTopicModel() with 20 topics, 895 tokens
I0218 16:51:51.774422  4492 c_interface.cc:230] ArtmCopyRequestedMessage is copying 26872 bytes...
I0218 16:51:51.801452  4492 phi_matrix_operations.cc:84] RetrieveExternalTopicModel() with 20 topics, 895 tokens
I0218 16:51:51.802443  4492 c_interface.cc:230] ArtmCopyRequestedMessage is copying 23292 bytes...
I0218 16:51:51.807447  4492 c_interface.cc:235] ArtmCopyRequestedObject is copying 71600 bytes...
I0218 16:51:52.432637  4492 c_interface.cc:230] ArtmCopyRequestedMessage is copying 552 bytes...
I0218 16:51:52.435628  4492 c_interface.cc:230] ArtmCopyRequestedMessage is copying 552 bytes...
I0218 16:51:52.450642  4492 c_interface.cc:230] ArtmCopyRequestedMessage is copying 552 bytes...
I0218 16:51:52.452644  4492 c_interface.cc:230] ArtmCopyRequestedMessage is copying 552 bytes...
I0218 16:51:52.484673  4492 c_interface.cc:230] ArtmCopyRequestedMessage is copying 552 bytes...
I0218 16:51:52.485677  4492 c_interface.cc:230] ArtmCopyRequestedMessage is copying 552 bytes...
I0218 16:51:56.650461  4492 c_interface.cc:230] ArtmCopyRequestedMessage is copying 157 bytes...
I0218 16:51:56.651463  4492 c_interface.cc:230] ArtmCopyRequestedMessage is copying 552 bytes...
I0218 16:51:56.663475  4492 c_interface.cc:230] ArtmCopyRequestedMessage is copying 157 bytes...
I0218 16:51:56.664475  4492 c_interface.cc:230] ArtmCopyRequestedMessage is copying 552 bytes...
I0218 16:51:56.677487  4492 c_interface.cc:230] ArtmCopyRequestedMessage is copying 157 bytes...
I0218 16:51:56.677487  4492 c_interface.cc:230] ArtmCopyRequestedMessage is copying 552 bytes...
I0218 16:51:56.693503  4492 c_interface.cc:230] ArtmCopyRequestedMessage is copying 157 bytes...
I0218 16:51:56.693503  4492 c_interface.cc:230] ArtmCopyRequestedMessage is copying 552 bytes...
I0218 16:51:56.705513  4492 c_interface.cc:230] ArtmCopyRequestedMessage is copying 157 bytes...
I0218 16:51:56.706514  4492 c_interface.cc:230] ArtmCopyRequestedMessage is copying 552 bytes...
I0218 16:52:18.925240  4492 c_interface.cc:230] ArtmCopyRequestedMessage is copying 310 bytes...
I0218 16:52:18.969282  4492 c_interface.cc:230] ArtmCopyRequestedMessage is copying 157 bytes...
I0218 16:52:18.970283  4492 c_interface.cc:230] ArtmCopyRequestedMessage is copying 552 bytes...
I0218 16:52:18.981293  4492 c_interface.cc:230] ArtmCopyRequestedMessage is copying 157 bytes...
I0218 16:52:18.982295  4492 c_interface.cc:230] ArtmCopyRequestedMessage is copying 552 bytes...
I0218 16:52:18.992302  4492 c_interface.cc:230] ArtmCopyRequestedMessage is copying 157 bytes...
I0218 16:52:18.992302  4492 c_interface.cc:230] ArtmCopyRequestedMessage is copying 552 bytes...
I0218 16:52:19.005316  4492 c_interface.cc:230] ArtmCopyRequestedMessage is copying 157 bytes...
I0218 16:52:19.005316  4492 c_interface.cc:230] ArtmCopyRequestedMessage is copying 552 bytes...
I0218 16:52:19.024333  4492 c_interface.cc:230] ArtmCopyRequestedMessage is copying 157 bytes...
I0218 16:52:19.026337  4492 c_interface.cc:230] ArtmCopyRequestedMessage is copying 552 bytes...
I0218 16:52:39.031177  4492 c_interface.cc:230] ArtmCopyRequestedMessage is copying 157 bytes...
I0218 16:52:39.032177  4492 c_interface.cc:230] ArtmCopyRequestedMessage is copying 552 bytes...
I0218 16:52:39.044189  4492 c_interface.cc:230] ArtmCopyRequestedMessage is copying 157 bytes...
I0218 16:52:39.044189  4492 c_interface.cc:230] ArtmCopyRequestedMessage is copying 552 bytes...
I0218 16:52:39.058202  4492 c_interface.cc:230] ArtmCopyRequestedMessage is copying 157 bytes...
I0218 16:52:39.059206  4492 c_interface.cc:230] ArtmCopyRequestedMessage is copying 552 bytes...
I0218 16:52:39.073220  4492 c_interface.cc:230] ArtmCopyRequestedMessage is copying 157 bytes...
I0218 16:52:39.074218  4492 c_interface.cc:230] ArtmCopyRequestedMessage is copying 552 bytes...
I0218 16:52:39.085229  4492 c_interface.cc:230] ArtmCopyRequestedMessage is copying 157 bytes...
I0218 16:52:39.086230  4492 c_interface.cc:230] ArtmCopyRequestedMessage is copying 552 bytes...
I0218 16:52:43.392427  4492 c_interface.cc:230] ArtmCopyRequestedMessage is copying 310 bytes...
I0218 16:52:43.394429  4492 c_interface.cc:230] ArtmCopyRequestedMessage is copying 310 bytes...
I0218 16:52:43.395431  4492 c_interface.cc:230] ArtmCopyRequestedMessage is copying 310 bytes...
I0218 16:52:43.395431  4492 c_interface.cc:230] ArtmCopyRequestedMessage is copying 310 bytes...
I0218 16:52:43.396432  4492 c_interface.cc:230] ArtmCopyRequestedMessage is copying 310 bytes...
I0218 16:52:43.397431  4492 c_interface.cc:230] ArtmCopyRequestedMessage is copying 310 bytes...
I0218 16:52:43.398438  4492 c_interface.cc:230] ArtmCopyRequestedMessage is copying 310 bytes...
I0218 16:52:43.399437  4492 c_interface.cc:230] ArtmCopyRequestedMessage is copying 310 bytes...
I0218 16:52:43.399437  4492 c_interface.cc:230] ArtmCopyRequestedMessage is copying 310 bytes...
I0218 16:52:43.400437  4492 c_interface.cc:230] ArtmCopyRequestedMessage is copying 310 bytes...
I0218 16:52:49.527568  4492 c_interface.cc:230] ArtmCopyRequestedMessage is copying 310 bytes...
I0218 16:52:49.563477  4492 c_interface.cc:230] ArtmCopyRequestedMessage is copying 157 bytes...
I0218 16:52:49.564476  4492 c_interface.cc:230] ArtmCopyRequestedMessage is copying 552 bytes...
I0218 16:52:49.577487  4492 c_interface.cc:230] ArtmCopyRequestedMessage is copying 157 bytes...
I0218 16:52:49.578488  4492 c_interface.cc:230] ArtmCopyRequestedMessage is copying 552 bytes...
I0218 16:52:49.589499  4492 c_interface.cc:230] ArtmCopyRequestedMessage is copying 157 bytes...
I0218 16:52:49.590500  4492 c_interface.cc:230] ArtmCopyRequestedMessage is copying 552 bytes...
I0218 16:52:49.602510  4492 c_interface.cc:230] ArtmCopyRequestedMessage is copying 157 bytes...
I0218 16:52:49.603513  4492 c_interface.cc:230] ArtmCopyRequestedMessage is copying 552 bytes...
I0218 16:52:49.620528  4492 c_interface.cc:230] ArtmCopyRequestedMessage is copying 157 bytes...
I0218 16:52:49.620528  4492 c_interface.cc:230] ArtmCopyRequestedMessage is copying 552 bytes...
I0218 16:52:52.414662  4492 c_interface.cc:230] ArtmCopyRequestedMessage is copying 310 bytes...
I0218 16:52:52.452700  4492 c_interface.cc:230] ArtmCopyRequestedMessage is copying 157 bytes...
I0218 16:52:52.453701  4492 c_interface.cc:230] ArtmCopyRequestedMessage is copying 552 bytes...
I0218 16:52:52.466712  4492 c_interface.cc:230] ArtmCopyRequestedMessage is copying 157 bytes...
I0218 16:52:52.466712  4492 c_interface.cc:230] ArtmCopyRequestedMessage is copying 552 bytes...
I0218 16:52:52.479723  4492 c_interface.cc:230] ArtmCopyRequestedMessage is copying 157 bytes...
I0218 16:52:52.479723  4492 c_interface.cc:230] ArtmCopyRequestedMessage is copying 552 bytes...
I0218 16:52:52.494738  4492 c_interface.cc:230] ArtmCopyRequestedMessage is copying 157 bytes...
I0218 16:52:52.495740  4492 c_interface.cc:230] ArtmCopyRequestedMessage is copying 552 bytes...
I0218 16:52:52.506752  4492 c_interface.cc:230] ArtmCopyRequestedMessage is copying 157 bytes...
I0218 16:52:52.507751  4492 c_interface.cc:230] ArtmCopyRequestedMessage is copying 552 bytes...
I0218 16:52:54.167034  4492 c_interface.cc:230] ArtmCopyRequestedMessage is copying 310 bytes...
I0218 16:52:54.205070  4492 c_interface.cc:230] ArtmCopyRequestedMessage is copying 157 bytes...
I0218 16:52:54.205070  4492 c_interface.cc:230] ArtmCopyRequestedMessage is copying 552 bytes...
I0218 16:52:54.216079  4492 c_interface.cc:230] ArtmCopyRequestedMessage is copying 157 bytes...
I0218 16:52:54.217082  4492 c_interface.cc:230] ArtmCopyRequestedMessage is copying 552 bytes...
I0218 16:52:54.230093  4492 c_interface.cc:230] ArtmCopyRequestedMessage is copying 157 bytes...
I0218 16:52:54.231094  4492 c_interface.cc:230] ArtmCopyRequestedMessage is copying 552 bytes...
I0218 16:52:54.243104  4492 c_interface.cc:230] ArtmCopyRequestedMessage is copying 157 bytes...
I0218 16:52:54.244105  4492 c_interface.cc:230] ArtmCopyRequestedMessage is copying 552 bytes...
I0218 16:52:54.257117  4492 c_interface.cc:230] ArtmCopyRequestedMessage is copying 157 bytes...
I0218 16:52:54.260123  4492 c_interface.cc:230] ArtmCopyRequestedMessage is copying 552 bytes...
I0218 16:52:58.581455  4492 c_interface.cc:271] Creating MasterModel (id=7)...
I0218 16:52:58.581455  4492 c_interface.cc:372] Pass 7ce1a2a5-c159-4c1e-9e19-5607f039e4be to void (__cdecl artm::core::MasterComponent::*)(class std::basic_string<char,struct std::char_traits<char>,class std::allocator<char> > const & __ptr64) __ptr64
I0218 16:52:58.581455  4492 c_interface.cc:386] Pass GatherDictionaryArgs: dictionary_target_name=7ce1a2a5-c159-4c1e-9e19-5607f039e4be, data_path=charter, symmetric_cooc_values=0 to void (__cdecl artm::core::MasterComponent::*)(class artm::GatherDictionaryArgs const & __ptr64) __ptr64
I0218 16:52:58.582455  4492 dictionary_operations.cc:249] Found 7 batches in 'charter' folder
I0218 16:52:58.585460  4492 dictionary_operations.cc:313] Find 895 unique tokens in 349 items
I0218 16:52:58.588460  4492 instance.cc:401] MasterModelConfig.processors_count is automatically set to 4
I0218 16:52:58.589462  4492 c_interface.cc:271] Creating MasterModel (id=8)...
I0218 16:52:58.589462  7028 processor.cc:701] Processor thread started
I0218 16:52:58.589462  9212 processor.cc:701] Processor thread started
I0218 16:52:58.589462  7652 processor.cc:701] Processor thread started
I0218 16:52:58.589462  9808 processor.cc:701] Processor thread started
I0218 16:52:58.589462  4492 c_interface.cc:386] Pass MasterModelConfig: topic_name_size=20, score_config_size=2, num_processors=0, pwt_name=pwt, nwt_name=nwt, num_document_passes=1, reuse_theta=no, cache_theta=no, opt_for_avx=yes, disk_cache_path to void (__cdecl artm::core::MasterComponent::*)(class artm::MasterModelConfig const & __ptr64) __ptr64
I0218 16:52:58.589462  4492 instance.cc:401] MasterModelConfig.processors_count is automatically set to 4
I0218 16:52:58.589462  4492 c_interface.cc:372] Pass pwt to void (__cdecl artm::core::MasterComponent::*)(class std::basic_string<char,struct std::char_traits<char>,class std::allocator<char> > const & __ptr64) __ptr64
I0218 16:52:58.589462  4492 c_interface.cc:372] Pass nwt to void (__cdecl artm::core::MasterComponent::*)(class std::basic_string<char,struct std::char_traits<char>,class std::allocator<char> > const & __ptr64) __ptr64
I0218 16:52:58.589462  4492 c_interface.cc:386] Pass InitializeModelArgs: model_name=pwt, dictionary_name=7ce1a2a5-c159-4c1e-9e19-5607f039e4be, topic_name_size=20 to void (__cdecl artm::core::MasterComponent::*)(class artm::InitializeModelArgs const & __ptr64) __ptr64
I0218 16:52:58.595476  4492 master_component.cc:620] InitializeModel() created matrix pwt with 20 topics and 895 tokens; 
I0218 16:52:58.595476  4492 c_interface.cc:386] Pass InitializeModelArgs: model_name=nwt, dictionary_name=7ce1a2a5-c159-4c1e-9e19-5607f039e4be, topic_name_size=20 to void (__cdecl artm::core::MasterComponent::*)(class artm::InitializeModelArgs const & __ptr64) __ptr64
I0218 16:52:58.601474  4492 master_component.cc:620] InitializeModel() created matrix nwt with 20 topics and 895 tokens; 
I0218 16:52:58.601474  4492 phi_matrix_operations.cc:84] RetrieveExternalTopicModel() with 20 topics, 895 tokens
I0218 16:52:58.602473  4492 c_interface.cc:230] ArtmCopyRequestedMessage is copying 26872 bytes...
I0218 16:52:58.618499  7652 processor.cc:717] No data in processing queue, waiting...
I0218 16:52:58.618499  9808 processor.cc:717] No data in processing queue, waiting...
I0218 16:52:58.618499  9212 processor.cc:717] No data in processing queue, waiting...
I0218 16:52:58.619499  7028 processor.cc:717] No data in processing queue, waiting...
I0218 16:52:58.622493 11496 c_interface.cc:386] Pass FitOfflineMasterModelArgs, batch_filename_size=7, batch_weight_size=7, num_collection_passes=1 to void (__cdecl artm::core::MasterComponent::*)(class artm::FitOfflineMasterModelArgs const & __ptr64) __ptr64
I0218 16:52:58.622493 11496 master_component.cc:1340] ProcessBatchesArgs: nwt_target_name=nwt, batch_filename_size=7, batch_size=0, batch_weight_size=7, pwt_source_name=pwt, num_document_passes=1, reuse_theta=no, opt_for_avx=yes, predict_class_id=
I0218 16:52:58.625496  9808 processor.cc:724] Processing queue has data, processing started
I0218 16:52:58.625496  9212 processor.cc:724] Processing queue has data, processing started
I0218 16:52:58.625496  7652 processor.cc:724] Processing queue has data, processing started
I0218 16:52:58.625496  9212 processor.cc:802] Processor: start processing batch 0da8dfd2-95d2-416f-898c-3aa574faf3eb into model nwt
I0218 16:52:58.625496  9808 processor.cc:802] Processor: start processing batch 4fbfa60c-5b48-4732-88ba-65a4b3620706 into model nwt
I0218 16:52:58.625496  7652 processor.cc:802] Processor: start processing batch de36bc88-5015-4acb-894a-4e30390084e2 into model nwt
I0218 16:52:58.626497  9808 processor.cc:898] Processor: complete processing batch 4fbfa60c-5b48-4732-88ba-65a4b3620706 into model nwt
I0218 16:52:58.626497  9212 processor.cc:898] Processor: complete processing batch 0da8dfd2-95d2-416f-898c-3aa574faf3eb into model nwt
I0218 16:52:58.626497  9808 cuckoo_watch.h:45] 1ms in ProcessBatch(charter\aaaaaa.batch) [including 0ms in LoadMessage; 0ms in InitializeSparseNdw; 0ms in InferThetaAndUpdateNwtSparse; 0ms in CalculateScore(^^^ItemsProcessedScore^^^); ]
I0218 16:52:58.626497  7028 processor.cc:724] Processing queue has data, processing started
I0218 16:52:58.626497  9212 cuckoo_watch.h:45] 1ms in ProcessBatch(charter\aaaaab.batch) [including 0ms in LoadMessage; 0ms in InitializeSparseNdw; 0ms in InferThetaAndUpdateNwtSparse; 0ms in CalculateScore(^^^ItemsProcessedScore^^^); ]
I0218 16:52:58.626497  7652 processor.cc:898] Processor: complete processing batch de36bc88-5015-4acb-894a-4e30390084e2 into model nwt
I0218 16:52:58.626497  9808 processor.cc:802] Processor: start processing batch a74c82d7-6e71-44d6-aed4-ccb8b1b3da50 into model nwt
I0218 16:52:58.626497  7652 cuckoo_watch.h:45] 1ms in ProcessBatch(charter\aaaaac.batch) [including 0ms in LoadMessage; 0ms in InitializeSparseNdw; 0ms in InferThetaAndUpdateNwtSparse; 0ms in CalculateScore(^^^ItemsProcessedScore^^^); ]
I0218 16:52:58.626497  7028 processor.cc:802] Processor: start processing batch 2101d1cd-e0df-4d19-bd50-93b9d1e63906 into model nwt
I0218 16:52:58.626497  9212 processor.cc:802] Processor: start processing batch bafbde27-7b24-4ff8-9f2d-14c524d7bcdc into model nwt
I0218 16:52:58.627497  7652 processor.cc:802] Processor: start processing batch 6e945758-6e2f-49f5-a348-456f3f4155a9 into model nwt
I0218 16:52:58.627497  9808 processor.cc:898] Processor: complete processing batch a74c82d7-6e71-44d6-aed4-ccb8b1b3da50 into model nwt
I0218 16:52:58.627497  9808 cuckoo_watch.h:45] 1ms in ProcessBatch(charter\aaaaae.batch) [including 0ms in LoadMessage; 0ms in InitializeSparseNdw; 0ms in InferThetaAndUpdateNwtSparse; 0ms in CalculateScore(^^^ItemsProcessedScore^^^); ]
I0218 16:52:58.628499  7652 processor.cc:898] Processor: complete processing batch 6e945758-6e2f-49f5-a348-456f3f4155a9 into model nwt
I0218 16:52:58.628499  9212 processor.cc:898] Processor: complete processing batch bafbde27-7b24-4ff8-9f2d-14c524d7bcdc into model nwt
I0218 16:52:58.628499  7028 processor.cc:898] Processor: complete processing batch 2101d1cd-e0df-4d19-bd50-93b9d1e63906 into model nwt
I0218 16:52:58.628499  7652 cuckoo_watch.h:45] 1ms in ProcessBatch(charter\aaaaag.batch) [including 0ms in LoadMessage; 0ms in InitializeSparseNdw; 0ms in InferThetaAndUpdateNwtSparse; 0ms in CalculateScore(^^^ItemsProcessedScore^^^); ]
I0218 16:52:58.628499  7028 cuckoo_watch.h:45] 1ms in ProcessBatch(charter\aaaaad.batch) [including 0ms in LoadMessage; 0ms in InitializeSparseNdw; 0ms in InferThetaAndUpdateNwtSparse; 0ms in CalculateScore(^^^ItemsProcessedScore^^^); ]
I0218 16:52:58.628499  9212 cuckoo_watch.h:45] 1ms in ProcessBatch(charter\aaaaaf.batch) [including 0ms in LoadMessage; 0ms in InitializeSparseNdw; 0ms in InferThetaAndUpdateNwtSparse; 0ms in CalculateScore(^^^ItemsProcessedScore^^^); ]
I0218 16:52:58.629508 11496 master_component.cc:1391] NormalizeModelArgs: pwt_target_name=pwt, nwt_source_name=nwt, rwt_source_name=
I0218 16:52:58.629508 11496 master_component.cc:952] MasterComponent: start normalizing model nwt
I0218 16:52:58.630509 11496 master_component.cc:980] MasterComponent: complete normalizing model nwt
I0218 16:52:58.630509 11496 master_component.cc:1415] DisposeModel rwt
I0218 16:52:58.630509 11496 master_component.cc:1005] FitOffline: ItemsProcessed, num_items=349, num_batches=7, token_weight=6775, token_weight_in_effect=6775
I0218 16:52:58.631510  4492 c_interface.cc:559] Pass GetScoreValueArgs, score_name=^^^ItemsProcessedScore^^^ to MasterComponent::Request
I0218 16:52:58.631510  4492 c_interface.cc:230] ArtmCopyRequestedMessage is copying 46 bytes...
I0218 16:52:58.631510 11496 c_interface.cc:386] Pass FitOfflineMasterModelArgs, batch_filename_size=7, batch_weight_size=7, num_collection_passes=1 to void (__cdecl artm::core::MasterComponent::*)(class artm::FitOfflineMasterModelArgs const & __ptr64) __ptr64
I0218 16:52:58.631510 11496 master_component.cc:1340] ProcessBatchesArgs: nwt_target_name=nwt, batch_filename_size=7, batch_size=0, batch_weight_size=7, pwt_source_name=pwt, num_document_passes=1, reuse_theta=no, opt_for_avx=yes, predict_class_id=
I0218 16:52:58.635514  7652 processor.cc:802] Processor: start processing batch 0da8dfd2-95d2-416f-898c-3aa574faf3eb into model nwt
I0218 16:52:58.635514  9808 processor.cc:802] Processor: start processing batch 4fbfa60c-5b48-4732-88ba-65a4b3620706 into model nwt
I0218 16:52:58.635514  9212 processor.cc:802] Processor: start processing batch de36bc88-5015-4acb-894a-4e30390084e2 into model nwt
I0218 16:52:58.635514  7028 processor.cc:802] Processor: start processing batch 2101d1cd-e0df-4d19-bd50-93b9d1e63906 into model nwt
I0218 16:52:58.636507  7652 processor.cc:898] Processor: complete processing batch 0da8dfd2-95d2-416f-898c-3aa574faf3eb into model nwt
I0218 16:52:58.636507  9808 processor.cc:898] Processor: complete processing batch 4fbfa60c-5b48-4732-88ba-65a4b3620706 into model nwt
I0218 16:52:58.636507  7652 cuckoo_watch.h:45] 1ms in ProcessBatch(charter\aaaaab.batch) [including 0ms in LoadMessage; 0ms in InitializeSparseNdw; 0ms in InferThetaAndUpdateNwtSparse; 0ms in CalculateScore(^^^ItemsProcessedScore^^^); ]
I0218 16:52:58.636507  9808 cuckoo_watch.h:45] 1ms in ProcessBatch(charter\aaaaaa.batch) [including 0ms in LoadMessage; 0ms in InitializeSparseNdw; 0ms in InferThetaAndUpdateNwtSparse; 0ms in CalculateScore(^^^ItemsProcessedScore^^^); ]
I0218 16:52:58.636507  9212 processor.cc:898] Processor: complete processing batch de36bc88-5015-4acb-894a-4e30390084e2 into model nwt
I0218 16:52:58.636507  9212 cuckoo_watch.h:45] 1ms in ProcessBatch(charter\aaaaac.batch) [including 0ms in LoadMessage; 0ms in InitializeSparseNdw; 0ms in InferThetaAndUpdateNwtSparse; 0ms in CalculateScore(^^^ItemsProcessedScore^^^); ]
I0218 16:52:58.636507  7028 processor.cc:898] Processor: complete processing batch 2101d1cd-e0df-4d19-bd50-93b9d1e63906 into model nwt
I0218 16:52:58.636507  7028 cuckoo_watch.h:45] 1ms in ProcessBatch(charter\aaaaad.batch) [including 0ms in LoadMessage; 0ms in InitializeSparseNdw; 0ms in InferThetaAndUpdateNwtSparse; 0ms in CalculateScore(^^^ItemsProcessedScore^^^); ]
I0218 16:52:58.636507  7652 processor.cc:802] Processor: start processing batch a74c82d7-6e71-44d6-aed4-ccb8b1b3da50 into model nwt
I0218 16:52:58.636507  9808 processor.cc:802] Processor: start processing batch bafbde27-7b24-4ff8-9f2d-14c524d7bcdc into model nwt
I0218 16:52:58.636507  9212 processor.cc:802] Processor: start processing batch 6e945758-6e2f-49f5-a348-456f3f4155a9 into model nwt
I0218 16:52:58.637508  9808 processor.cc:898] Processor: complete processing batch bafbde27-7b24-4ff8-9f2d-14c524d7bcdc into model nwt
I0218 16:52:58.637508  9808 cuckoo_watch.h:45] 1ms in ProcessBatch(charter\aaaaaf.batch) [including 0ms in LoadMessage; 0ms in InitializeSparseNdw; 0ms in InferThetaAndUpdateNwtSparse; 0ms in CalculateScore(^^^ItemsProcessedScore^^^); ]
I0218 16:52:58.637508  9212 processor.cc:898] Processor: complete processing batch 6e945758-6e2f-49f5-a348-456f3f4155a9 into model nwt
I0218 16:52:58.637508  7652 processor.cc:898] Processor: complete processing batch a74c82d7-6e71-44d6-aed4-ccb8b1b3da50 into model nwt
I0218 16:52:58.637508  9212 cuckoo_watch.h:45] 1ms in ProcessBatch(charter\aaaaag.batch) [including 0ms in LoadMessage; 0ms in InitializeSparseNdw; 0ms in InferThetaAndUpdateNwtSparse; 0ms in CalculateScore(^^^ItemsProcessedScore^^^); ]
I0218 16:52:58.637508  7652 cuckoo_watch.h:45] 1ms in ProcessBatch(charter\aaaaae.batch) [including 0ms in LoadMessage; 0ms in InitializeSparseNdw; 0ms in InferThetaAndUpdateNwtSparse; 0ms in CalculateScore(^^^ItemsProcessedScore^^^); ]
I0218 16:52:58.638517 11496 master_component.cc:1391] NormalizeModelArgs: pwt_target_name=pwt, nwt_source_name=nwt, rwt_source_name=
I0218 16:52:58.638517 11496 master_component.cc:952] MasterComponent: start normalizing model nwt
I0218 16:52:58.639519 11496 master_component.cc:980] MasterComponent: complete normalizing model nwt
I0218 16:52:58.639519 11496 master_component.cc:1415] DisposeModel rwt
I0218 16:52:58.639519 11496 master_component.cc:1005] FitOffline: ItemsProcessed, num_items=349, num_batches=7, token_weight=6775, token_weight_in_effect=6775
I0218 16:52:58.640511  4492 c_interface.cc:559] Pass GetScoreValueArgs, score_name=^^^ItemsProcessedScore^^^ to MasterComponent::Request
I0218 16:52:58.640511  4492 c_interface.cc:230] ArtmCopyRequestedMessage is copying 46 bytes...
I0218 16:52:58.640511 11496 c_interface.cc:386] Pass FitOfflineMasterModelArgs, batch_filename_size=7, batch_weight_size=7, num_collection_passes=1 to void (__cdecl artm::core::MasterComponent::*)(class artm::FitOfflineMasterModelArgs const & __ptr64) __ptr64
I0218 16:52:58.640511 11496 master_component.cc:1340] ProcessBatchesArgs: nwt_target_name=nwt, batch_filename_size=7, batch_size=0, batch_weight_size=7, pwt_source_name=pwt, num_document_passes=1, reuse_theta=no, opt_for_avx=yes, predict_class_id=
I0218 16:52:58.643522  9808 processor.cc:802] Processor: start processing batch 0da8dfd2-95d2-416f-898c-3aa574faf3eb into model nwt
I0218 16:52:58.643522  9212 processor.cc:802] Processor: start processing batch 4fbfa60c-5b48-4732-88ba-65a4b3620706 into model nwt
I0218 16:52:58.644513  7652 processor.cc:802] Processor: start processing batch 2101d1cd-e0df-4d19-bd50-93b9d1e63906 into model nwt
I0218 16:52:58.644513  9808 processor.cc:898] Processor: complete processing batch 0da8dfd2-95d2-416f-898c-3aa574faf3eb into model nwt
I0218 16:52:58.644513  9212 processor.cc:898] Processor: complete processing batch 4fbfa60c-5b48-4732-88ba-65a4b3620706 into model nwt
I0218 16:52:58.644513  9808 cuckoo_watch.h:45] 1ms in ProcessBatch(charter\aaaaab.batch) [including 0ms in LoadMessage; 0ms in InitializeSparseNdw; 0ms in InferThetaAndUpdateNwtSparse; 0ms in CalculateScore(^^^ItemsProcessedScore^^^); ]
I0218 16:52:58.644513  9212 cuckoo_watch.h:45] 1ms in ProcessBatch(charter\aaaaaa.batch) [including 0ms in LoadMessage; 0ms in InitializeSparseNdw; 0ms in InferThetaAndUpdateNwtSparse; 0ms in CalculateScore(^^^ItemsProcessedScore^^^); ]
I0218 16:52:58.644513  7028 processor.cc:802] Processor: start processing batch de36bc88-5015-4acb-894a-4e30390084e2 into model nwt
I0218 16:52:58.644513  9808 processor.cc:802] Processor: start processing batch a74c82d7-6e71-44d6-aed4-ccb8b1b3da50 into model nwt
I0218 16:52:58.644513  9212 processor.cc:802] Processor: start processing batch bafbde27-7b24-4ff8-9f2d-14c524d7bcdc into model nwt
I0218 16:52:58.645514  7652 processor.cc:898] Processor: complete processing batch 2101d1cd-e0df-4d19-bd50-93b9d1e63906 into model nwt
I0218 16:52:58.645514  7652 cuckoo_watch.h:45] 1ms in ProcessBatch(charter\aaaaad.batch) [including 0ms in LoadMessage; 0ms in InitializeSparseNdw; 0ms in InferThetaAndUpdateNwtSparse; 0ms in CalculateScore(^^^ItemsProcessedScore^^^); ]
I0218 16:52:58.645514  7028 processor.cc:898] Processor: complete processing batch de36bc88-5015-4acb-894a-4e30390084e2 into model nwt
I0218 16:52:58.645514  9808 processor.cc:898] Processor: complete processing batch a74c82d7-6e71-44d6-aed4-ccb8b1b3da50 into model nwt
I0218 16:52:58.645514  7028 cuckoo_watch.h:45] 2ms in ProcessBatch(charter\aaaaac.batch) [including 0ms in LoadMessage; 0ms in InitializeSparseNdw; 0ms in InferThetaAndUpdateNwtSparse; 0ms in CalculateScore(^^^ItemsProcessedScore^^^); ]
I0218 16:52:58.645514  9808 cuckoo_watch.h:45] 1ms in ProcessBatch(charter\aaaaae.batch) [including 0ms in LoadMessage; 0ms in InitializeSparseNdw; 0ms in InferThetaAndUpdateNwtSparse; 0ms in CalculateScore(^^^ItemsProcessedScore^^^); ]
I0218 16:52:58.645514  7652 processor.cc:802] Processor: start processing batch 6e945758-6e2f-49f5-a348-456f3f4155a9 into model nwt
I0218 16:52:58.645514  9212 processor.cc:898] Processor: complete processing batch bafbde27-7b24-4ff8-9f2d-14c524d7bcdc into model nwt
I0218 16:52:58.645514  9212 cuckoo_watch.h:45] 1ms in ProcessBatch(charter\aaaaaf.batch) [including 0ms in LoadMessage; 0ms in InitializeSparseNdw; 0ms in InferThetaAndUpdateNwtSparse; 0ms in CalculateScore(^^^ItemsProcessedScore^^^); ]
I0218 16:52:58.646515  7652 processor.cc:898] Processor: complete processing batch 6e945758-6e2f-49f5-a348-456f3f4155a9 into model nwt
I0218 16:52:58.646515  7652 cuckoo_watch.h:45] 0ms in ProcessBatch(charter\aaaaag.batch) [including 0ms in LoadMessage; 0ms in InitializeSparseNdw; 0ms in InferThetaAndUpdateNwtSparse; 0ms in CalculateScore(^^^ItemsProcessedScore^^^); ]
I0218 16:52:58.647526 11496 master_component.cc:1391] NormalizeModelArgs: pwt_target_name=pwt, nwt_source_name=nwt, rwt_source_name=
I0218 16:52:58.647526 11496 master_component.cc:952] MasterComponent: start normalizing model nwt
I0218 16:52:58.648526 11496 master_component.cc:980] MasterComponent: complete normalizing model nwt
I0218 16:52:58.648526 11496 master_component.cc:1415] DisposeModel rwt
I0218 16:52:58.648526 11496 master_component.cc:1005] FitOffline: ItemsProcessed, num_items=349, num_batches=7, token_weight=6775, token_weight_in_effect=6775
I0218 16:52:58.648526  4492 c_interface.cc:559] Pass GetScoreValueArgs, score_name=^^^ItemsProcessedScore^^^ to MasterComponent::Request
I0218 16:52:58.648526  4492 c_interface.cc:230] ArtmCopyRequestedMessage is copying 46 bytes...
I0218 16:52:58.649518 11496 c_interface.cc:386] Pass FitOfflineMasterModelArgs, batch_filename_size=7, batch_weight_size=7, num_collection_passes=1 to void (__cdecl artm::core::MasterComponent::*)(class artm::FitOfflineMasterModelArgs const & __ptr64) __ptr64
I0218 16:52:58.649518 11496 master_component.cc:1340] ProcessBatchesArgs: nwt_target_name=nwt, batch_filename_size=7, batch_size=0, batch_weight_size=7, pwt_source_name=pwt, num_document_passes=1, reuse_theta=no, opt_for_avx=yes, predict_class_id=
I0218 16:52:58.651521  9212 processor.cc:802] Processor: start processing batch 4fbfa60c-5b48-4732-88ba-65a4b3620706 into model nwt
I0218 16:52:58.651521  9212 processor.cc:898] Processor: complete processing batch 4fbfa60c-5b48-4732-88ba-65a4b3620706 into model nwt
I0218 16:52:58.651521  9212 cuckoo_watch.h:45] 0ms in ProcessBatch(charter\aaaaaa.batch) [including 0ms in LoadMessage; 0ms in InitializeSparseNdw; 0ms in InferThetaAndUpdateNwtSparse; 0ms in CalculateScore(^^^ItemsProcessedScore^^^); ]
I0218 16:52:58.652523  9212 processor.cc:802] Processor: start processing batch 0da8dfd2-95d2-416f-898c-3aa574faf3eb into model nwt
I0218 16:52:58.652523  9808 processor.cc:802] Processor: start processing batch de36bc88-5015-4acb-894a-4e30390084e2 into model nwt
I0218 16:52:58.652523  7028 processor.cc:802] Processor: start processing batch 2101d1cd-e0df-4d19-bd50-93b9d1e63906 into model nwt
I0218 16:52:58.653522  9212 processor.cc:898] Processor: complete processing batch 0da8dfd2-95d2-416f-898c-3aa574faf3eb into model nwt
I0218 16:52:58.653522  9212 cuckoo_watch.h:45] 1ms in ProcessBatch(charter\aaaaab.batch) [including 0ms in LoadMessage; 0ms in InitializeSparseNdw; 0ms in InferThetaAndUpdateNwtSparse; 0ms in CalculateScore(^^^ItemsProcessedScore^^^); ]
I0218 16:52:58.653522  7652 processor.cc:802] Processor: start processing batch a74c82d7-6e71-44d6-aed4-ccb8b1b3da50 into model nwt
I0218 16:52:58.653522  9212 processor.cc:802] Processor: start processing batch bafbde27-7b24-4ff8-9f2d-14c524d7bcdc into model nwt
I0218 16:52:58.653522  9808 processor.cc:898] Processor: complete processing batch de36bc88-5015-4acb-894a-4e30390084e2 into model nwt
I0218 16:52:58.653522  9808 cuckoo_watch.h:45] 1ms in ProcessBatch(charter\aaaaac.batch) [including 0ms in LoadMessage; 0ms in InitializeSparseNdw; 0ms in InferThetaAndUpdateNwtSparse; 0ms in CalculateScore(^^^ItemsProcessedScore^^^); ]
I0218 16:52:58.654523  7028 processor.cc:898] Processor: complete processing batch 2101d1cd-e0df-4d19-bd50-93b9d1e63906 into model nwt
I0218 16:52:58.654523  7652 processor.cc:898] Processor: complete processing batch a74c82d7-6e71-44d6-aed4-ccb8b1b3da50 into model nwt
I0218 16:52:58.654523  7028 cuckoo_watch.h:45] 1ms in ProcessBatch(charter\aaaaad.batch) [including 0ms in LoadMessage; 0ms in InitializeSparseNdw; 0ms in InferThetaAndUpdateNwtSparse; 0ms in CalculateScore(^^^ItemsProcessedScore^^^); ]
I0218 16:52:58.654523  9808 processor.cc:802] Processor: start processing batch 6e945758-6e2f-49f5-a348-456f3f4155a9 into model nwt
I0218 16:52:58.654523  7652 cuckoo_watch.h:45] 1ms in ProcessBatch(charter\aaaaae.batch) [including 0ms in LoadMessage; 0ms in InitializeSparseNdw; 0ms in InferThetaAndUpdateNwtSparse; 0ms in CalculateScore(^^^ItemsProcessedScore^^^); ]
I0218 16:52:58.654523  9212 processor.cc:898] Processor: complete processing batch bafbde27-7b24-4ff8-9f2d-14c524d7bcdc into model nwt
I0218 16:52:58.654523  9212 cuckoo_watch.h:45] 1ms in ProcessBatch(charter\aaaaaf.batch) [including 0ms in LoadMessage; 0ms in InitializeSparseNdw; 0ms in InferThetaAndUpdateNwtSparse; 0ms in CalculateScore(^^^ItemsProcessedScore^^^); ]
I0218 16:52:58.654523  9808 processor.cc:898] Processor: complete processing batch 6e945758-6e2f-49f5-a348-456f3f4155a9 into model nwt
I0218 16:52:58.654523  9808 cuckoo_watch.h:45] 0ms in ProcessBatch(charter\aaaaag.batch) [including 0ms in LoadMessage; 0ms in InitializeSparseNdw; 0ms in InferThetaAndUpdateNwtSparse; 0ms in CalculateScore(^^^ItemsProcessedScore^^^); ]
I0218 16:52:58.656534 11496 master_component.cc:1391] NormalizeModelArgs: pwt_target_name=pwt, nwt_source_name=nwt, rwt_source_name=
I0218 16:52:58.656534 11496 master_component.cc:952] MasterComponent: start normalizing model nwt
I0218 16:52:58.657536 11496 master_component.cc:980] MasterComponent: complete normalizing model nwt
I0218 16:52:58.657536 11496 master_component.cc:1415] DisposeModel rwt
I0218 16:52:58.657536 11496 master_component.cc:1005] FitOffline: ItemsProcessed, num_items=349, num_batches=7, token_weight=6775, token_weight_in_effect=6775
I0218 16:52:58.657536  4492 c_interface.cc:559] Pass GetScoreValueArgs, score_name=^^^ItemsProcessedScore^^^ to MasterComponent::Request
I0218 16:52:58.658536  4492 c_interface.cc:230] ArtmCopyRequestedMessage is copying 46 bytes...
I0218 16:52:58.658536 11496 c_interface.cc:386] Pass FitOfflineMasterModelArgs, batch_filename_size=7, batch_weight_size=7, num_collection_passes=1 to void (__cdecl artm::core::MasterComponent::*)(class artm::FitOfflineMasterModelArgs const & __ptr64) __ptr64
I0218 16:52:58.658536 11496 master_component.cc:1340] ProcessBatchesArgs: nwt_target_name=nwt, batch_filename_size=7, batch_size=0, batch_weight_size=7, pwt_source_name=pwt, num_document_passes=1, reuse_theta=no, opt_for_avx=yes, predict_class_id=
I0218 16:52:58.660538  9808 processor.cc:802] Processor: start processing batch 4fbfa60c-5b48-4732-88ba-65a4b3620706 into model nwt
I0218 16:52:58.660538  9808 processor.cc:898] Processor: complete processing batch 4fbfa60c-5b48-4732-88ba-65a4b3620706 into model nwt
I0218 16:52:58.660538  9808 cuckoo_watch.h:45] 0ms in ProcessBatch(charter\aaaaaa.batch) [including 0ms in LoadMessage; 0ms in InitializeSparseNdw; 0ms in InferThetaAndUpdateNwtSparse; 0ms in CalculateScore(^^^ItemsProcessedScore^^^); ]
I0218 16:52:58.661531  9808 processor.cc:802] Processor: start processing batch 0da8dfd2-95d2-416f-898c-3aa574faf3eb into model nwt
I0218 16:52:58.661531  9808 processor.cc:898] Processor: complete processing batch 0da8dfd2-95d2-416f-898c-3aa574faf3eb into model nwt
I0218 16:52:58.661531  9808 cuckoo_watch.h:45] 0ms in ProcessBatch(charter\aaaaab.batch) [including 0ms in LoadMessage; 0ms in InitializeSparseNdw; 0ms in InferThetaAndUpdateNwtSparse; 0ms in CalculateScore(^^^ItemsProcessedScore^^^); ]
I0218 16:52:58.661531  9808 processor.cc:802] Processor: start processing batch de36bc88-5015-4acb-894a-4e30390084e2 into model nwt
I0218 16:52:58.662533  9808 processor.cc:898] Processor: complete processing batch de36bc88-5015-4acb-894a-4e30390084e2 into model nwt
I0218 16:52:58.662533  9808 cuckoo_watch.h:45] 0ms in ProcessBatch(charter\aaaaac.batch) [including 0ms in LoadMessage; 0ms in InitializeSparseNdw; 0ms in InferThetaAndUpdateNwtSparse; 0ms in CalculateScore(^^^ItemsProcessedScore^^^); ]
I0218 16:52:58.662533  9808 processor.cc:802] Processor: start processing batch 2101d1cd-e0df-4d19-bd50-93b9d1e63906 into model nwt
I0218 16:52:58.663532  9212 processor.cc:802] Processor: start processing batch a74c82d7-6e71-44d6-aed4-ccb8b1b3da50 into model nwt
I0218 16:52:58.663532  7652 processor.cc:802] Processor: start processing batch 6e945758-6e2f-49f5-a348-456f3f4155a9 into model nwt
I0218 16:52:58.663532  9808 processor.cc:898] Processor: complete processing batch 2101d1cd-e0df-4d19-bd50-93b9d1e63906 into model nwt
I0218 16:52:58.663532  7028 processor.cc:802] Processor: start processing batch bafbde27-7b24-4ff8-9f2d-14c524d7bcdc into model nwt
I0218 16:52:58.663532  9808 cuckoo_watch.h:45] 1ms in ProcessBatch(charter\aaaaad.batch) [including 0ms in LoadMessage; 0ms in InitializeSparseNdw; 0ms in InferThetaAndUpdateNwtSparse; 0ms in CalculateScore(^^^ItemsProcessedScore^^^); ]
I0218 16:52:58.663532  7652 processor.cc:898] Processor: complete processing batch 6e945758-6e2f-49f5-a348-456f3f4155a9 into model nwt
I0218 16:52:58.664532  7652 cuckoo_watch.h:45] 1ms in ProcessBatch(charter\aaaaag.batch) [including 0ms in LoadMessage; 0ms in InitializeSparseNdw; 0ms in InferThetaAndUpdateNwtSparse; 0ms in CalculateScore(^^^ItemsProcessedScore^^^); ]
I0218 16:52:58.664532  9212 processor.cc:898] Processor: complete processing batch a74c82d7-6e71-44d6-aed4-ccb8b1b3da50 into model nwt
I0218 16:52:58.664532  9212 cuckoo_watch.h:45] 1ms in ProcessBatch(charter\aaaaae.batch) [including 0ms in LoadMessage; 0ms in InitializeSparseNdw; 0ms in InferThetaAndUpdateNwtSparse; 0ms in CalculateScore(^^^ItemsProcessedScore^^^); ]
I0218 16:52:58.664532  7028 processor.cc:898] Processor: complete processing batch bafbde27-7b24-4ff8-9f2d-14c524d7bcdc into model nwt
I0218 16:52:58.664532  7028 cuckoo_watch.h:45] 1ms in ProcessBatch(charter\aaaaaf.batch) [including 0ms in LoadMessage; 0ms in InitializeSparseNdw; 0ms in InferThetaAndUpdateNwtSparse; 0ms in CalculateScore(^^^ItemsProcessedScore^^^); ]
I0218 16:52:58.665542 11496 master_component.cc:1391] NormalizeModelArgs: pwt_target_name=pwt, nwt_source_name=nwt, rwt_source_name=
I0218 16:52:58.665542 11496 master_component.cc:952] MasterComponent: start normalizing model nwt
I0218 16:52:58.666535 11496 master_component.cc:980] MasterComponent: complete normalizing model nwt
I0218 16:52:58.666535 11496 master_component.cc:1415] DisposeModel rwt
I0218 16:52:58.666535 11496 master_component.cc:1005] FitOffline: ItemsProcessed, num_items=349, num_batches=7, token_weight=6775, token_weight_in_effect=6775
I0218 16:52:58.666535  4492 c_interface.cc:559] Pass GetScoreValueArgs, score_name=^^^ItemsProcessedScore^^^ to MasterComponent::Request
I0218 16:52:58.666535  4492 c_interface.cc:230] ArtmCopyRequestedMessage is copying 46 bytes...
I0218 16:52:58.667536 11496 c_interface.cc:386] Pass FitOfflineMasterModelArgs, batch_filename_size=7, batch_weight_size=7, num_collection_passes=1 to void (__cdecl artm::core::MasterComponent::*)(class artm::FitOfflineMasterModelArgs const & __ptr64) __ptr64
I0218 16:52:58.667536 11496 master_component.cc:1340] ProcessBatchesArgs: nwt_target_name=nwt, batch_filename_size=7, batch_size=0, batch_weight_size=7, pwt_source_name=pwt, num_document_passes=1, reuse_theta=no, opt_for_avx=yes, predict_class_id=
I0218 16:52:58.672467  9808 processor.cc:802] Processor: start processing batch 0da8dfd2-95d2-416f-898c-3aa574faf3eb into model nwt
I0218 16:52:58.672467  7028 processor.cc:802] Processor: start processing batch de36bc88-5015-4acb-894a-4e30390084e2 into model nwt
I0218 16:52:58.672467  9212 processor.cc:802] Processor: start processing batch 4fbfa60c-5b48-4732-88ba-65a4b3620706 into model nwt
I0218 16:52:58.672467  7652 processor.cc:802] Processor: start processing batch 2101d1cd-e0df-4d19-bd50-93b9d1e63906 into model nwt
I0218 16:52:58.673470  9808 processor.cc:898] Processor: complete processing batch 0da8dfd2-95d2-416f-898c-3aa574faf3eb into model nwt
I0218 16:52:58.673470  9212 processor.cc:898] Processor: complete processing batch 4fbfa60c-5b48-4732-88ba-65a4b3620706 into model nwt
I0218 16:52:58.673470  9808 cuckoo_watch.h:45] 1ms in ProcessBatch(charter\aaaaab.batch) [including 0ms in LoadMessage; 0ms in InitializeSparseNdw; 0ms in InferThetaAndUpdateNwtSparse; 0ms in CalculateScore(^^^ItemsProcessedScore^^^); ]
