I0218 17:07:53.007915  9132 processor.cc:802] Processor: start processing batch de36bc88-5015-4acb-894a-4e30390084e2 into model nwt
I0218 17:07:53.007915 10524 processor.cc:898] Processor: complete processing batch 4fbfa60c-5b48-4732-88ba-65a4b3620706 into model nwt
I0218 17:07:53.007915 10524 cuckoo_watch.h:45] 1ms in ProcessBatch(charter\aaaaaa.batch) [including 0ms in LoadMessage; 0ms in InitializeSparseNdw; 0ms in InferThetaAndUpdateNwtSparse; 0ms in CalculateScore(^^^ItemsProcessedScore^^^); ]
I0218 17:07:53.007915 10524 processor.cc:802] Processor: start processing batch 2101d1cd-e0df-4d19-bd50-93b9d1e63906 into model nwt
I0218 17:07:53.008916 10876 processor.cc:802] Processor: start processing batch a74c82d7-6e71-44d6-aed4-ccb8b1b3da50 into model nwt
I0218 17:07:53.008916  9132 processor.cc:898] Processor: complete processing batch de36bc88-5015-4acb-894a-4e30390084e2 into model nwt
I0218 17:07:53.008916 11212 processor.cc:802] Processor: start processing batch bafbde27-7b24-4ff8-9f2d-14c524d7bcdc into model nwt
I0218 17:07:53.008916  9132 cuckoo_watch.h:45] 1ms in ProcessBatch(charter\aaaaac.batch) [including 0ms in LoadMessage; 0ms in InitializeSparseNdw; 0ms in InferThetaAndUpdateNwtSparse; 0ms in CalculateScore(^^^ItemsProcessedScore^^^); ]
I0218 17:07:53.008916  9132 processor.cc:802] Processor: start processing batch 6e945758-6e2f-49f5-a348-456f3f4155a9 into model nwt
I0218 17:07:53.009917 10524 processor.cc:898] Processor: complete processing batch 2101d1cd-e0df-4d19-bd50-93b9d1e63906 into model nwt
I0218 17:07:53.009917 10524 cuckoo_watch.h:45] 1ms in ProcessBatch(charter\aaaaad.batch) [including 0ms in LoadMessage; 0ms in InitializeSparseNdw; 0ms in InferThetaAndUpdateNwtSparse; 0ms in CalculateScore(^^^ItemsProcessedScore^^^); ]
I0218 17:07:53.009917 10876 processor.cc:898] Processor: complete processing batch a74c82d7-6e71-44d6-aed4-ccb8b1b3da50 into model nwt
I0218 17:07:53.009917 10876 cuckoo_watch.h:45] 1ms in ProcessBatch(charter\aaaaae.batch) [including 0ms in LoadMessage; 0ms in InitializeSparseNdw; 0ms in InferThetaAndUpdateNwtSparse; 0ms in CalculateScore(^^^ItemsProcessedScore^^^); ]
I0218 17:07:53.009917 11212 processor.cc:898] Processor: complete processing batch bafbde27-7b24-4ff8-9f2d-14c524d7bcdc into model nwt
I0218 17:07:53.009917 11212 cuckoo_watch.h:45] 1ms in ProcessBatch(charter\aaaaaf.batch) [including 0ms in LoadMessage; 0ms in InitializeSparseNdw; 0ms in InferThetaAndUpdateNwtSparse; 0ms in CalculateScore(^^^ItemsProcessedScore^^^); ]
I0218 17:07:53.009917  9132 processor.cc:898] Processor: complete processing batch 6e945758-6e2f-49f5-a348-456f3f4155a9 into model nwt
I0218 17:07:53.009917  9132 cuckoo_watch.h:45] 1ms in ProcessBatch(charter\aaaaag.batch) [including 0ms in LoadMessage; 0ms in InitializeSparseNdw; 0ms in InferThetaAndUpdateNwtSparse; 0ms in CalculateScore(^^^ItemsProcessedScore^^^); ]
I0218 17:07:53.010917 14320 master_component.cc:1391] NormalizeModelArgs: pwt_target_name=pwt, nwt_source_name=nwt, rwt_source_name=
I0218 17:07:53.010917 14320 master_component.cc:952] MasterComponent: start normalizing model nwt
I0218 17:07:53.012920 14320 master_component.cc:980] MasterComponent: complete normalizing model nwt
I0218 17:07:53.012920 14320 master_component.cc:1415] DisposeModel rwt
I0218 17:07:53.012920 14320 master_component.cc:1005] FitOffline: ItemsProcessed, num_items=349, num_batches=7, token_weight=6775, token_weight_in_effect=6775
I0218 17:07:53.013922  4492 c_interface.cc:559] Pass GetScoreValueArgs, score_name=^^^ItemsProcessedScore^^^ to MasterComponent::Request
I0218 17:07:53.013922  4492 c_interface.cc:230] ArtmCopyRequestedMessage is copying 46 bytes...
I0218 17:07:53.013922 14320 c_interface.cc:386] Pass FitOfflineMasterModelArgs, batch_filename_size=7, batch_weight_size=7, num_collection_passes=1 to void (__cdecl artm::core::MasterComponent::*)(class artm::FitOfflineMasterModelArgs const & __ptr64) __ptr64
I0218 17:07:53.013922 14320 master_component.cc:1340] ProcessBatchesArgs: nwt_target_name=nwt, batch_filename_size=7, batch_size=0, batch_weight_size=7, pwt_source_name=pwt, num_document_passes=10, reuse_theta=no, opt_for_avx=yes, predict_class_id=
I0218 17:07:53.016924 10524 processor.cc:802] Processor: start processing batch 4fbfa60c-5b48-4732-88ba-65a4b3620706 into model nwt
I0218 17:07:53.017925 10876 processor.cc:802] Processor: start processing batch 0da8dfd2-95d2-416f-898c-3aa574faf3eb into model nwt
I0218 17:07:53.017925 11212 processor.cc:802] Processor: start processing batch de36bc88-5015-4acb-894a-4e30390084e2 into model nwt
I0218 17:07:53.017925 10524 processor.cc:898] Processor: complete processing batch 4fbfa60c-5b48-4732-88ba-65a4b3620706 into model nwt
I0218 17:07:53.017925 10524 cuckoo_watch.h:45] 1ms in ProcessBatch(charter\aaaaaa.batch) [including 0ms in LoadMessage; 0ms in InitializeSparseNdw; 0ms in InferThetaAndUpdateNwtSparse; 0ms in CalculateScore(^^^ItemsProcessedScore^^^); ]
I0218 17:07:53.018926 10524 processor.cc:802] Processor: start processing batch 2101d1cd-e0df-4d19-bd50-93b9d1e63906 into model nwt
I0218 17:07:53.018926  9132 processor.cc:802] Processor: start processing batch a74c82d7-6e71-44d6-aed4-ccb8b1b3da50 into model nwt
I0218 17:07:53.018926 10876 processor.cc:898] Processor: complete processing batch 0da8dfd2-95d2-416f-898c-3aa574faf3eb into model nwt
I0218 17:07:53.018926 10876 cuckoo_watch.h:45] 1ms in ProcessBatch(charter\aaaaab.batch) [including 0ms in LoadMessage; 0ms in InitializeSparseNdw; 0ms in InferThetaAndUpdateNwtSparse; 0ms in CalculateScore(^^^ItemsProcessedScore^^^); ]
I0218 17:07:53.018926 11212 processor.cc:898] Processor: complete processing batch de36bc88-5015-4acb-894a-4e30390084e2 into model nwt
I0218 17:07:53.018926 11212 cuckoo_watch.h:45] 1ms in ProcessBatch(charter\aaaaac.batch) [including 0ms in LoadMessage; 0ms in InitializeSparseNdw; 0ms in InferThetaAndUpdateNwtSparse; 0ms in CalculateScore(^^^ItemsProcessedScore^^^); ]
I0218 17:07:53.019927 11212 processor.cc:802] Processor: start processing batch bafbde27-7b24-4ff8-9f2d-14c524d7bcdc into model nwt
I0218 17:07:53.019927 10876 processor.cc:802] Processor: start processing batch 6e945758-6e2f-49f5-a348-456f3f4155a9 into model nwt
I0218 17:07:53.019927  9132 processor.cc:898] Processor: complete processing batch a74c82d7-6e71-44d6-aed4-ccb8b1b3da50 into model nwt
I0218 17:07:53.019927  9132 cuckoo_watch.h:45] 1ms in ProcessBatch(charter\aaaaae.batch) [including 0ms in LoadMessage; 0ms in InitializeSparseNdw; 0ms in InferThetaAndUpdateNwtSparse; 0ms in CalculateScore(^^^ItemsProcessedScore^^^); ]
I0218 17:07:53.019927 10524 processor.cc:898] Processor: complete processing batch 2101d1cd-e0df-4d19-bd50-93b9d1e63906 into model nwt
I0218 17:07:53.019927 10524 cuckoo_watch.h:45] 2ms in ProcessBatch(charter\aaaaad.batch) [including 0ms in LoadMessage; 0ms in InitializeSparseNdw; 0ms in InferThetaAndUpdateNwtSparse; 0ms in CalculateScore(^^^ItemsProcessedScore^^^); ]
I0218 17:07:53.020928 10876 processor.cc:898] Processor: complete processing batch 6e945758-6e2f-49f5-a348-456f3f4155a9 into model nwt
I0218 17:07:53.020928 10876 cuckoo_watch.h:45] 1ms in ProcessBatch(charter\aaaaag.batch) [including 0ms in LoadMessage; 0ms in InitializeSparseNdw; 0ms in InferThetaAndUpdateNwtSparse; 0ms in CalculateScore(^^^ItemsProcessedScore^^^); ]
I0218 17:07:53.020928 11212 processor.cc:898] Processor: complete processing batch bafbde27-7b24-4ff8-9f2d-14c524d7bcdc into model nwt
I0218 17:07:53.020928 11212 cuckoo_watch.h:45] 1ms in ProcessBatch(charter\aaaaaf.batch) [including 0ms in LoadMessage; 0ms in InitializeSparseNdw; 0ms in InferThetaAndUpdateNwtSparse; 0ms in CalculateScore(^^^ItemsProcessedScore^^^); ]
I0218 17:07:53.021929 14320 master_component.cc:1391] NormalizeModelArgs: pwt_target_name=pwt, nwt_source_name=nwt, rwt_source_name=
I0218 17:07:53.021929 14320 master_component.cc:952] MasterComponent: start normalizing model nwt
I0218 17:07:53.022930 14320 master_component.cc:980] MasterComponent: complete normalizing model nwt
I0218 17:07:53.022930 14320 master_component.cc:1415] DisposeModel rwt
I0218 17:07:53.022930 14320 master_component.cc:1005] FitOffline: ItemsProcessed, num_items=349, num_batches=7, token_weight=6775, token_weight_in_effect=6775
I0218 17:07:53.023931  4492 c_interface.cc:559] Pass GetScoreValueArgs, score_name=^^^ItemsProcessedScore^^^ to MasterComponent::Request
I0218 17:07:53.023931  4492 c_interface.cc:230] ArtmCopyRequestedMessage is copying 46 bytes...
I0218 17:07:53.023931 14320 c_interface.cc:386] Pass FitOfflineMasterModelArgs, batch_filename_size=7, batch_weight_size=7, num_collection_passes=1 to void (__cdecl artm::core::MasterComponent::*)(class artm::FitOfflineMasterModelArgs const & __ptr64) __ptr64
I0218 17:07:53.023931 14320 master_component.cc:1340] ProcessBatchesArgs: nwt_target_name=nwt, batch_filename_size=7, batch_size=0, batch_weight_size=7, pwt_source_name=pwt, num_document_passes=10, reuse_theta=no, opt_for_avx=yes, predict_class_id=
I0218 17:07:53.026932  9132 processor.cc:802] Processor: start processing batch 4fbfa60c-5b48-4732-88ba-65a4b3620706 into model nwt
I0218 17:07:53.026932 10876 processor.cc:802] Processor: start processing batch 0da8dfd2-95d2-416f-898c-3aa574faf3eb into model nwt
I0218 17:07:53.026932 10524 processor.cc:802] Processor: start processing batch 2101d1cd-e0df-4d19-bd50-93b9d1e63906 into model nwt
I0218 17:07:53.027935  9132 processor.cc:898] Processor: complete processing batch 4fbfa60c-5b48-4732-88ba-65a4b3620706 into model nwt
I0218 17:07:53.027935  9132 cuckoo_watch.h:45] 1ms in ProcessBatch(charter\aaaaaa.batch) [including 0ms in LoadMessage; 0ms in InitializeSparseNdw; 0ms in InferThetaAndUpdateNwtSparse; 0ms in CalculateScore(^^^ItemsProcessedScore^^^); ]
I0218 17:07:53.028934 10524 processor.cc:898] Processor: complete processing batch 2101d1cd-e0df-4d19-bd50-93b9d1e63906 into model nwt
I0218 17:07:53.028934 10876 processor.cc:898] Processor: complete processing batch 0da8dfd2-95d2-416f-898c-3aa574faf3eb into model nwt
I0218 17:07:53.028934 10524 cuckoo_watch.h:45] 2ms in ProcessBatch(charter\aaaaad.batch) [including 0ms in LoadMessage; 0ms in InitializeSparseNdw; 0ms in InferThetaAndUpdateNwtSparse; 0ms in CalculateScore(^^^ItemsProcessedScore^^^); ]
I0218 17:07:53.028934 10876 cuckoo_watch.h:45] 2ms in ProcessBatch(charter\aaaaab.batch) [including 0ms in LoadMessage; 0ms in InitializeSparseNdw; 1ms in InferThetaAndUpdateNwtSparse; 0ms in CalculateScore(^^^ItemsProcessedScore^^^); ]
I0218 17:07:53.028934  9132 processor.cc:802] Processor: start processing batch a74c82d7-6e71-44d6-aed4-ccb8b1b3da50 into model nwt
I0218 17:07:53.028934 11212 processor.cc:802] Processor: start processing batch de36bc88-5015-4acb-894a-4e30390084e2 into model nwt
I0218 17:07:53.028934 10876 processor.cc:802] Processor: start processing batch 6e945758-6e2f-49f5-a348-456f3f4155a9 into model nwt
I0218 17:07:53.028934 10524 processor.cc:802] Processor: start processing batch bafbde27-7b24-4ff8-9f2d-14c524d7bcdc into model nwt
I0218 17:07:53.029937  9132 processor.cc:898] Processor: complete processing batch a74c82d7-6e71-44d6-aed4-ccb8b1b3da50 into model nwt
I0218 17:07:53.029937  9132 cuckoo_watch.h:45] 1ms in ProcessBatch(charter\aaaaae.batch) [including 0ms in LoadMessage; 0ms in InitializeSparseNdw; 0ms in InferThetaAndUpdateNwtSparse; 0ms in CalculateScore(^^^ItemsProcessedScore^^^); ]
I0218 17:07:53.029937 10876 processor.cc:898] Processor: complete processing batch 6e945758-6e2f-49f5-a348-456f3f4155a9 into model nwt
I0218 17:07:53.029937 11212 processor.cc:898] Processor: complete processing batch de36bc88-5015-4acb-894a-4e30390084e2 into model nwt
I0218 17:07:53.029937 10876 cuckoo_watch.h:45] 1ms in ProcessBatch(charter\aaaaag.batch) [including 0ms in LoadMessage; 0ms in InitializeSparseNdw; 0ms in InferThetaAndUpdateNwtSparse; 0ms in CalculateScore(^^^ItemsProcessedScore^^^); ]
I0218 17:07:53.029937 11212 cuckoo_watch.h:45] 3ms in ProcessBatch(charter\aaaaac.batch) [including 2ms in LoadMessage; 0ms in InitializeSparseNdw; 0ms in InferThetaAndUpdateNwtSparse; 0ms in CalculateScore(^^^ItemsProcessedScore^^^); ]
I0218 17:07:53.029937 10524 processor.cc:898] Processor: complete processing batch bafbde27-7b24-4ff8-9f2d-14c524d7bcdc into model nwt
I0218 17:07:53.029937 10524 cuckoo_watch.h:45] 1ms in ProcessBatch(charter\aaaaaf.batch) [including 0ms in LoadMessage; 0ms in InitializeSparseNdw; 0ms in InferThetaAndUpdateNwtSparse; 0ms in CalculateScore(^^^ItemsProcessedScore^^^); ]
I0218 17:07:53.031937 14320 master_component.cc:1391] NormalizeModelArgs: pwt_target_name=pwt, nwt_source_name=nwt, rwt_source_name=
I0218 17:07:53.031937 14320 master_component.cc:952] MasterComponent: start normalizing model nwt
I0218 17:07:53.032938 14320 master_component.cc:980] MasterComponent: complete normalizing model nwt
I0218 17:07:53.033939 14320 master_component.cc:1415] DisposeModel rwt
I0218 17:07:53.033939 14320 master_component.cc:1005] FitOffline: ItemsProcessed, num_items=349, num_batches=7, token_weight=6775, token_weight_in_effect=6775
I0218 17:07:53.033939  4492 c_interface.cc:559] Pass GetScoreValueArgs, score_name=^^^ItemsProcessedScore^^^ to MasterComponent::Request
I0218 17:07:53.033939  4492 c_interface.cc:230] ArtmCopyRequestedMessage is copying 46 bytes...
I0218 17:07:53.033939 14320 c_interface.cc:386] Pass FitOfflineMasterModelArgs, batch_filename_size=7, batch_weight_size=7, num_collection_passes=1 to void (__cdecl artm::core::MasterComponent::*)(class artm::FitOfflineMasterModelArgs const & __ptr64) __ptr64
I0218 17:07:53.033939 14320 master_component.cc:1340] ProcessBatchesArgs: nwt_target_name=nwt, batch_filename_size=7, batch_size=0, batch_weight_size=7, pwt_source_name=pwt, num_document_passes=10, reuse_theta=no, opt_for_avx=yes, predict_class_id=
I0218 17:07:53.036942 10524 processor.cc:802] Processor: start processing batch 4fbfa60c-5b48-4732-88ba-65a4b3620706 into model nwt
I0218 17:07:53.036942 11212 processor.cc:802] Processor: start processing batch 2101d1cd-e0df-4d19-bd50-93b9d1e63906 into model nwt
I0218 17:07:53.036942 10876 processor.cc:802] Processor: start processing batch de36bc88-5015-4acb-894a-4e30390084e2 into model nwt
I0218 17:07:53.037945 10524 processor.cc:898] Processor: complete processing batch 4fbfa60c-5b48-4732-88ba-65a4b3620706 into model nwt
I0218 17:07:53.037945 10524 cuckoo_watch.h:45] 1ms in ProcessBatch(charter\aaaaaa.batch) [including 0ms in LoadMessage; 0ms in InitializeSparseNdw; 0ms in InferThetaAndUpdateNwtSparse; 0ms in CalculateScore(^^^ItemsProcessedScore^^^); ]
I0218 17:07:53.037945  9132 processor.cc:802] Processor: start processing batch 0da8dfd2-95d2-416f-898c-3aa574faf3eb into model nwt
I0218 17:07:53.037945 10524 processor.cc:802] Processor: start processing batch a74c82d7-6e71-44d6-aed4-ccb8b1b3da50 into model nwt
I0218 17:07:53.038945 10876 processor.cc:898] Processor: complete processing batch de36bc88-5015-4acb-894a-4e30390084e2 into model nwt
I0218 17:07:53.038945 10876 cuckoo_watch.h:45] 2ms in ProcessBatch(charter\aaaaac.batch) [including 0ms in LoadMessage; 0ms in InitializeSparseNdw; 1ms in InferThetaAndUpdateNwtSparse; 0ms in CalculateScore(^^^ItemsProcessedScore^^^); ]
I0218 17:07:53.038945 11212 processor.cc:898] Processor: complete processing batch 2101d1cd-e0df-4d19-bd50-93b9d1e63906 into model nwt
I0218 17:07:53.038945 11212 cuckoo_watch.h:45] 2ms in ProcessBatch(charter\aaaaad.batch) [including 0ms in LoadMessage; 0ms in InitializeSparseNdw; 1ms in InferThetaAndUpdateNwtSparse; 0ms in CalculateScore(^^^ItemsProcessedScore^^^); ]
I0218 17:07:53.038945 10876 processor.cc:802] Processor: start processing batch bafbde27-7b24-4ff8-9f2d-14c524d7bcdc into model nwt
I0218 17:07:53.038945 11212 processor.cc:802] Processor: start processing batch 6e945758-6e2f-49f5-a348-456f3f4155a9 into model nwt
I0218 17:07:53.039945  9132 processor.cc:898] Processor: complete processing batch 0da8dfd2-95d2-416f-898c-3aa574faf3eb into model nwt
I0218 17:07:53.039945  9132 cuckoo_watch.h:45] 3ms in ProcessBatch(charter\aaaaab.batch) [including 1ms in LoadMessage; 0ms in InitializeSparseNdw; 0ms in InferThetaAndUpdateNwtSparse; 0ms in CalculateScore(^^^ItemsProcessedScore^^^); ]
I0218 17:07:53.039945 10524 processor.cc:898] Processor: complete processing batch a74c82d7-6e71-44d6-aed4-ccb8b1b3da50 into model nwt
I0218 17:07:53.039945 10524 cuckoo_watch.h:45] 1ms in ProcessBatch(charter\aaaaae.batch) [including 0ms in LoadMessage; 0ms in InitializeSparseNdw; 0ms in InferThetaAndUpdateNwtSparse; 0ms in CalculateScore(^^^ItemsProcessedScore^^^); ]
I0218 17:07:53.040947 11212 processor.cc:898] Processor: complete processing batch 6e945758-6e2f-49f5-a348-456f3f4155a9 into model nwt
I0218 17:07:53.040947 11212 cuckoo_watch.h:45] 1ms in ProcessBatch(charter\aaaaag.batch) [including 0ms in LoadMessage; 0ms in InitializeSparseNdw; 0ms in InferThetaAndUpdateNwtSparse; 0ms in CalculateScore(^^^ItemsProcessedScore^^^); ]
I0218 17:07:53.040947 10876 processor.cc:898] Processor: complete processing batch bafbde27-7b24-4ff8-9f2d-14c524d7bcdc into model nwt
I0218 17:07:53.040947 10876 cuckoo_watch.h:45] 2ms in ProcessBatch(charter\aaaaaf.batch) [including 0ms in LoadMessage; 0ms in InitializeSparseNdw; 0ms in InferThetaAndUpdateNwtSparse; 0ms in CalculateScore(^^^ItemsProcessedScore^^^); ]
I0218 17:07:53.041947 14320 master_component.cc:1391] NormalizeModelArgs: pwt_target_name=pwt, nwt_source_name=nwt, rwt_source_name=
I0218 17:07:53.041947 14320 master_component.cc:952] MasterComponent: start normalizing model nwt
I0218 17:07:53.042948 14320 master_component.cc:980] MasterComponent: complete normalizing model nwt
I0218 17:07:53.043949 14320 master_component.cc:1415] DisposeModel rwt
I0218 17:07:53.043949 14320 master_component.cc:1005] FitOffline: ItemsProcessed, num_items=349, num_batches=7, token_weight=6775, token_weight_in_effect=6775
I0218 17:07:53.043949  4492 c_interface.cc:559] Pass GetScoreValueArgs, score_name=^^^ItemsProcessedScore^^^ to MasterComponent::Request
I0218 17:07:53.043949  4492 c_interface.cc:230] ArtmCopyRequestedMessage is copying 46 bytes...
I0218 17:07:53.043949 14320 c_interface.cc:386] Pass FitOfflineMasterModelArgs, batch_filename_size=7, batch_weight_size=7, num_collection_passes=1 to void (__cdecl artm::core::MasterComponent::*)(class artm::FitOfflineMasterModelArgs const & __ptr64) __ptr64
I0218 17:07:53.043949 14320 master_component.cc:1340] ProcessBatchesArgs: nwt_target_name=nwt, batch_filename_size=7, batch_size=0, batch_weight_size=7, pwt_source_name=pwt, num_document_passes=10, reuse_theta=no, opt_for_avx=yes, predict_class_id=
I0218 17:07:53.046952 10524 processor.cc:802] Processor: start processing batch 4fbfa60c-5b48-4732-88ba-65a4b3620706 into model nwt
I0218 17:07:53.046952  9132 processor.cc:802] Processor: start processing batch 0da8dfd2-95d2-416f-898c-3aa574faf3eb into model nwt
I0218 17:07:53.047953 11212 processor.cc:802] Processor: start processing batch de36bc88-5015-4acb-894a-4e30390084e2 into model nwt
I0218 17:07:53.047953 10876 processor.cc:802] Processor: start processing batch 2101d1cd-e0df-4d19-bd50-93b9d1e63906 into model nwt
I0218 17:07:53.047953 10524 processor.cc:898] Processor: complete processing batch 4fbfa60c-5b48-4732-88ba-65a4b3620706 into model nwt
I0218 17:07:53.047953  9132 processor.cc:898] Processor: complete processing batch 0da8dfd2-95d2-416f-898c-3aa574faf3eb into model nwt
I0218 17:07:53.047953 10524 cuckoo_watch.h:45] 1ms in ProcessBatch(charter\aaaaaa.batch) [including 0ms in LoadMessage; 0ms in InitializeSparseNdw; 0ms in InferThetaAndUpdateNwtSparse; 0ms in CalculateScore(^^^ItemsProcessedScore^^^); ]
I0218 17:07:53.047953  9132 cuckoo_watch.h:45] 1ms in ProcessBatch(charter\aaaaab.batch) [including 0ms in LoadMessage; 0ms in InitializeSparseNdw; 0ms in InferThetaAndUpdateNwtSparse; 0ms in CalculateScore(^^^ItemsProcessedScore^^^); ]
I0218 17:07:53.047953 10524 processor.cc:802] Processor: start processing batch a74c82d7-6e71-44d6-aed4-ccb8b1b3da50 into model nwt
I0218 17:07:53.048954  9132 processor.cc:802] Processor: start processing batch bafbde27-7b24-4ff8-9f2d-14c524d7bcdc into model nwt
I0218 17:07:53.048954 11212 processor.cc:898] Processor: complete processing batch de36bc88-5015-4acb-894a-4e30390084e2 into model nwt
I0218 17:07:53.048954 11212 cuckoo_watch.h:45] 1ms in ProcessBatch(charter\aaaaac.batch) [including 0ms in LoadMessage; 0ms in InitializeSparseNdw; 0ms in InferThetaAndUpdateNwtSparse; 0ms in CalculateScore(^^^ItemsProcessedScore^^^); ]
I0218 17:07:53.049955 10876 processor.cc:898] Processor: complete processing batch 2101d1cd-e0df-4d19-bd50-93b9d1e63906 into model nwt
I0218 17:07:53.049955 10876 cuckoo_watch.h:45] 2ms in ProcessBatch(charter\aaaaad.batch) [including 0ms in LoadMessage; 0ms in InitializeSparseNdw; 0ms in InferThetaAndUpdateNwtSparse; 0ms in CalculateScore(^^^ItemsProcessedScore^^^); ]
I0218 17:07:53.049955 10524 processor.cc:898] Processor: complete processing batch a74c82d7-6e71-44d6-aed4-ccb8b1b3da50 into model nwt
I0218 17:07:53.049955 10524 cuckoo_watch.h:45] 1ms in ProcessBatch(charter\aaaaae.batch) [including 0ms in LoadMessage; 0ms in InitializeSparseNdw; 0ms in InferThetaAndUpdateNwtSparse; 0ms in CalculateScore(^^^ItemsProcessedScore^^^); ]
I0218 17:07:53.049955 11212 processor.cc:802] Processor: start processing batch 6e945758-6e2f-49f5-a348-456f3f4155a9 into model nwt
I0218 17:07:53.049955  9132 processor.cc:898] Processor: complete processing batch bafbde27-7b24-4ff8-9f2d-14c524d7bcdc into model nwt
I0218 17:07:53.049955  9132 cuckoo_watch.h:45] 1ms in ProcessBatch(charter\aaaaaf.batch) [including 0ms in LoadMessage; 0ms in InitializeSparseNdw; 0ms in InferThetaAndUpdateNwtSparse; 0ms in CalculateScore(^^^ItemsProcessedScore^^^); ]
I0218 17:07:53.050956 11212 processor.cc:898] Processor: complete processing batch 6e945758-6e2f-49f5-a348-456f3f4155a9 into model nwt
I0218 17:07:53.050956 11212 cuckoo_watch.h:45] 1ms in ProcessBatch(charter\aaaaag.batch) [including 0ms in LoadMessage; 0ms in InitializeSparseNdw; 0ms in InferThetaAndUpdateNwtSparse; 0ms in CalculateScore(^^^ItemsProcessedScore^^^); ]
I0218 17:07:53.051956 14320 master_component.cc:1391] NormalizeModelArgs: pwt_target_name=pwt, nwt_source_name=nwt, rwt_source_name=
I0218 17:07:53.051956 14320 master_component.cc:952] MasterComponent: start normalizing model nwt
I0218 17:07:53.052958 14320 master_component.cc:980] MasterComponent: complete normalizing model nwt
I0218 17:07:53.053958 14320 master_component.cc:1415] DisposeModel rwt
I0218 17:07:53.053958 14320 master_component.cc:1005] FitOffline: ItemsProcessed, num_items=349, num_batches=7, token_weight=6775, token_weight_in_effect=6775
I0218 17:07:53.053958  4492 c_interface.cc:559] Pass GetScoreValueArgs, score_name=^^^ItemsProcessedScore^^^ to MasterComponent::Request
I0218 17:07:53.053958  4492 c_interface.cc:230] ArtmCopyRequestedMessage is copying 46 bytes...
I0218 17:07:53.053958 14320 c_interface.cc:386] Pass FitOfflineMasterModelArgs, batch_filename_size=7, batch_weight_size=7, num_collection_passes=1 to void (__cdecl artm::core::MasterComponent::*)(class artm::FitOfflineMasterModelArgs const & __ptr64) __ptr64
I0218 17:07:53.053958 14320 master_component.cc:1340] ProcessBatchesArgs: nwt_target_name=nwt, batch_filename_size=7, batch_size=0, batch_weight_size=7, pwt_source_name=pwt, num_document_passes=10, reuse_theta=no, opt_for_avx=yes, predict_class_id=
I0218 17:07:53.056962  9132 processor.cc:802] Processor: start processing batch de36bc88-5015-4acb-894a-4e30390084e2 into model nwt
I0218 17:07:53.056962 10876 processor.cc:802] Processor: start processing batch 0da8dfd2-95d2-416f-898c-3aa574faf3eb into model nwt
I0218 17:07:53.056962 10524 processor.cc:802] Processor: start processing batch 4fbfa60c-5b48-4732-88ba-65a4b3620706 into model nwt
I0218 17:07:53.057962 11212 processor.cc:802] Processor: start processing batch 2101d1cd-e0df-4d19-bd50-93b9d1e63906 into model nwt
I0218 17:07:53.057962 10524 processor.cc:898] Processor: complete processing batch 4fbfa60c-5b48-4732-88ba-65a4b3620706 into model nwt
I0218 17:07:53.057962 10876 processor.cc:898] Processor: complete processing batch 0da8dfd2-95d2-416f-898c-3aa574faf3eb into model nwt
I0218 17:07:53.057962 10524 cuckoo_watch.h:45] 1ms in ProcessBatch(charter\aaaaaa.batch) [including 0ms in LoadMessage; 0ms in InitializeSparseNdw; 0ms in InferThetaAndUpdateNwtSparse; 0ms in CalculateScore(^^^ItemsProcessedScore^^^); ]
I0218 17:07:53.057962 10876 cuckoo_watch.h:45] 1ms in ProcessBatch(charter\aaaaab.batch) [including 0ms in LoadMessage; 0ms in InitializeSparseNdw; 0ms in InferThetaAndUpdateNwtSparse; 0ms in CalculateScore(^^^ItemsProcessedScore^^^); ]
I0218 17:07:53.057962  9132 processor.cc:898] Processor: complete processing batch de36bc88-5015-4acb-894a-4e30390084e2 into model nwt
I0218 17:07:53.057962  9132 cuckoo_watch.h:45] 1ms in ProcessBatch(charter\aaaaac.batch) [including 0ms in LoadMessage; 0ms in InitializeSparseNdw; 0ms in InferThetaAndUpdateNwtSparse; 0ms in CalculateScore(^^^ItemsProcessedScore^^^); ]
I0218 17:07:53.058964 10524 processor.cc:802] Processor: start processing batch a74c82d7-6e71-44d6-aed4-ccb8b1b3da50 into model nwt
I0218 17:07:53.058964 10876 processor.cc:802] Processor: start processing batch bafbde27-7b24-4ff8-9f2d-14c524d7bcdc into model nwt
I0218 17:07:53.058964  9132 processor.cc:802] Processor: start processing batch 6e945758-6e2f-49f5-a348-456f3f4155a9 into model nwt
I0218 17:07:53.059964 10524 processor.cc:898] Processor: complete processing batch a74c82d7-6e71-44d6-aed4-ccb8b1b3da50 into model nwt
I0218 17:07:53.059964 11212 processor.cc:898] Processor: complete processing batch 2101d1cd-e0df-4d19-bd50-93b9d1e63906 into model nwt
I0218 17:07:53.059964 10524 cuckoo_watch.h:45] 1ms in ProcessBatch(charter\aaaaae.batch) [including 0ms in LoadMessage; 0ms in InitializeSparseNdw; 0ms in InferThetaAndUpdateNwtSparse; 0ms in CalculateScore(^^^ItemsProcessedScore^^^); ]
I0218 17:07:53.059964 11212 cuckoo_watch.h:45] 2ms in ProcessBatch(charter\aaaaad.batch) [including 0ms in LoadMessage; 0ms in InitializeSparseNdw; 1ms in InferThetaAndUpdateNwtSparse; 0ms in CalculateScore(^^^ItemsProcessedScore^^^); ]
I0218 17:07:53.059964  9132 processor.cc:898] Processor: complete processing batch 6e945758-6e2f-49f5-a348-456f3f4155a9 into model nwt
I0218 17:07:53.059964  9132 cuckoo_watch.h:45] 1ms in ProcessBatch(charter\aaaaag.batch) [including 0ms in LoadMessage; 0ms in InitializeSparseNdw; 0ms in InferThetaAndUpdateNwtSparse; 0ms in CalculateScore(^^^ItemsProcessedScore^^^); ]
I0218 17:07:53.059964 10876 processor.cc:898] Processor: complete processing batch bafbde27-7b24-4ff8-9f2d-14c524d7bcdc into model nwt
I0218 17:07:53.059964 10876 cuckoo_watch.h:45] 2ms in ProcessBatch(charter\aaaaaf.batch) [including 0ms in LoadMessage; 0ms in InitializeSparseNdw; 0ms in InferThetaAndUpdateNwtSparse; 0ms in CalculateScore(^^^ItemsProcessedScore^^^); ]
I0218 17:07:53.060964 14320 master_component.cc:1391] NormalizeModelArgs: pwt_target_name=pwt, nwt_source_name=nwt, rwt_source_name=
I0218 17:07:53.060964 14320 master_component.cc:952] MasterComponent: start normalizing model nwt
I0218 17:07:53.061966 14320 master_component.cc:980] MasterComponent: complete normalizing model nwt
I0218 17:07:53.062968 14320 master_component.cc:1415] DisposeModel rwt
I0218 17:07:53.062968 14320 master_component.cc:1005] FitOffline: ItemsProcessed, num_items=349, num_batches=7, token_weight=6775, token_weight_in_effect=6775
I0218 17:07:53.062968  4492 c_interface.cc:559] Pass GetScoreValueArgs, score_name=^^^ItemsProcessedScore^^^ to MasterComponent::Request
I0218 17:07:53.062968  4492 c_interface.cc:230] ArtmCopyRequestedMessage is copying 46 bytes...
I0218 17:07:53.062968 14320 c_interface.cc:386] Pass FitOfflineMasterModelArgs, batch_filename_size=7, batch_weight_size=7, num_collection_passes=1 to void (__cdecl artm::core::MasterComponent::*)(class artm::FitOfflineMasterModelArgs const & __ptr64) __ptr64
I0218 17:07:53.062968 14320 master_component.cc:1340] ProcessBatchesArgs: nwt_target_name=nwt, batch_filename_size=7, batch_size=0, batch_weight_size=7, pwt_source_name=pwt, num_document_passes=10, reuse_theta=no, opt_for_avx=yes, predict_class_id=
I0218 17:07:53.066970 10524 processor.cc:802] Processor: start processing batch 4fbfa60c-5b48-4732-88ba-65a4b3620706 into model nwt
I0218 17:07:53.066970  9132 processor.cc:802] Processor: start processing batch 0da8dfd2-95d2-416f-898c-3aa574faf3eb into model nwt
I0218 17:07:53.066970 10876 processor.cc:802] Processor: start processing batch de36bc88-5015-4acb-894a-4e30390084e2 into model nwt
I0218 17:07:53.066970 11212 processor.cc:802] Processor: start processing batch 2101d1cd-e0df-4d19-bd50-93b9d1e63906 into model nwt
I0218 17:07:53.067972 10524 processor.cc:898] Processor: complete processing batch 4fbfa60c-5b48-4732-88ba-65a4b3620706 into model nwt
I0218 17:07:53.067972 10524 cuckoo_watch.h:45] 1ms in ProcessBatch(charter\aaaaaa.batch) [including 0ms in LoadMessage; 0ms in InitializeSparseNdw; 0ms in InferThetaAndUpdateNwtSparse; 0ms in CalculateScore(^^^ItemsProcessedScore^^^); ]
I0218 17:07:53.067972  9132 processor.cc:898] Processor: complete processing batch 0da8dfd2-95d2-416f-898c-3aa574faf3eb into model nwt
I0218 17:07:53.067972  9132 cuckoo_watch.h:45] 1ms in ProcessBatch(charter\aaaaab.batch) [including 0ms in LoadMessage; 0ms in InitializeSparseNdw; 0ms in InferThetaAndUpdateNwtSparse; 0ms in CalculateScore(^^^ItemsProcessedScore^^^); ]
I0218 17:07:53.068972 10876 processor.cc:898] Processor: complete processing batch de36bc88-5015-4acb-894a-4e30390084e2 into model nwt
I0218 17:07:53.068972 10876 cuckoo_watch.h:45] 2ms in ProcessBatch(charter\aaaaac.batch) [including 0ms in LoadMessage; 0ms in InitializeSparseNdw; 0ms in InferThetaAndUpdateNwtSparse; 0ms in CalculateScore(^^^ItemsProcessedScore^^^); ]
I0218 17:07:53.068972  9132 processor.cc:802] Processor: start processing batch bafbde27-7b24-4ff8-9f2d-14c524d7bcdc into model nwt
I0218 17:07:53.068972 10876 processor.cc:802] Processor: start processing batch 6e945758-6e2f-49f5-a348-456f3f4155a9 into model nwt
I0218 17:07:53.068972 10524 processor.cc:802] Processor: start processing batch a74c82d7-6e71-44d6-aed4-ccb8b1b3da50 into model nwt
I0218 17:07:53.068972 11212 processor.cc:898] Processor: complete processing batch 2101d1cd-e0df-4d19-bd50-93b9d1e63906 into model nwt
I0218 17:07:53.068972 11212 cuckoo_watch.h:45] 2ms in ProcessBatch(charter\aaaaad.batch) [including 0ms in LoadMessage; 0ms in InitializeSparseNdw; 1ms in InferThetaAndUpdateNwtSparse; 1ms in CalculateScore(^^^ItemsProcessedScore^^^); ]
I0218 17:07:53.069974  9132 processor.cc:898] Processor: complete processing batch bafbde27-7b24-4ff8-9f2d-14c524d7bcdc into model nwt
I0218 17:07:53.069974  9132 cuckoo_watch.h:45] 1ms in ProcessBatch(charter\aaaaaf.batch) [including 0ms in LoadMessage; 0ms in InitializeSparseNdw; 0ms in InferThetaAndUpdateNwtSparse; 0ms in CalculateScore(^^^ItemsProcessedScore^^^); ]
I0218 17:07:53.069974 10876 processor.cc:898] Processor: complete processing batch 6e945758-6e2f-49f5-a348-456f3f4155a9 into model nwt
I0218 17:07:53.069974 10876 cuckoo_watch.h:45] 1ms in ProcessBatch(charter\aaaaag.batch) [including 0ms in LoadMessage; 0ms in InitializeSparseNdw; 0ms in InferThetaAndUpdateNwtSparse; 0ms in CalculateScore(^^^ItemsProcessedScore^^^); ]
I0218 17:07:53.069974 10524 processor.cc:898] Processor: complete processing batch a74c82d7-6e71-44d6-aed4-ccb8b1b3da50 into model nwt
I0218 17:07:53.069974 10524 cuckoo_watch.h:45] 2ms in ProcessBatch(charter\aaaaae.batch) [including 0ms in LoadMessage; 0ms in InitializeSparseNdw; 0ms in InferThetaAndUpdateNwtSparse; 0ms in CalculateScore(^^^ItemsProcessedScore^^^); ]
I0218 17:07:53.074323 14320 master_component.cc:1391] NormalizeModelArgs: pwt_target_name=pwt, nwt_source_name=nwt, rwt_source_name=
I0218 17:07:53.074323 14320 master_component.cc:952] MasterComponent: start normalizing model nwt
I0218 17:07:53.075326 14320 master_component.cc:980] MasterComponent: complete normalizing model nwt
I0218 17:07:53.076326 14320 master_component.cc:1415] DisposeModel rwt
I0218 17:07:53.076326 14320 master_component.cc:1005] FitOffline: ItemsProcessed, num_items=349, num_batches=7, token_weight=6775, token_weight_in_effect=6775
I0218 17:07:53.076326  4492 c_interface.cc:559] Pass GetScoreValueArgs, score_name=^^^ItemsProcessedScore^^^ to MasterComponent::Request
I0218 17:07:53.076326  4492 c_interface.cc:230] ArtmCopyRequestedMessage is copying 46 bytes...
I0218 17:07:53.080332  4492 c_interface.cc:230] ArtmCopyRequestedMessage is copying 251 bytes...
I0218 17:07:53.081332  4492 c_interface.cc:230] ArtmCopyRequestedMessage is copying 646 bytes...
I0218 17:07:53.093343  4492 c_interface.cc:230] ArtmCopyRequestedMessage is copying 251 bytes...
I0218 17:07:53.093343  4492 c_interface.cc:230] ArtmCopyRequestedMessage is copying 646 bytes...
I0218 17:07:53.105355  4492 c_interface.cc:230] ArtmCopyRequestedMessage is copying 251 bytes...
I0218 17:07:53.106359  4492 c_interface.cc:230] ArtmCopyRequestedMessage is copying 646 bytes...
I0218 17:07:53.113364 10876 processor.cc:717] No data in processing queue, waiting...
I0218 17:07:53.113364  9132 processor.cc:717] No data in processing queue, waiting...
I0218 17:07:53.119369 11212 processor.cc:717] No data in processing queue, waiting...
I0218 17:07:53.119369 10524 processor.cc:717] No data in processing queue, waiting...
I0218 17:07:53.119369  4492 c_interface.cc:230] ArtmCopyRequestedMessage is copying 251 bytes...
I0218 17:07:53.120370  4492 c_interface.cc:230] ArtmCopyRequestedMessage is copying 646 bytes...
I0218 17:07:53.131379  4492 c_interface.cc:230] ArtmCopyRequestedMessage is copying 251 bytes...
I0218 17:07:53.132381  4492 c_interface.cc:230] ArtmCopyRequestedMessage is copying 646 bytes...
I0218 17:07:54.405163  4492 c_interface.cc:230] ArtmCopyRequestedMessage is copying 310 bytes...
I0218 17:07:54.441197  4492 c_interface.cc:230] ArtmCopyRequestedMessage is copying 251 bytes...
I0218 17:07:54.441197  4492 c_interface.cc:230] ArtmCopyRequestedMessage is copying 646 bytes...
I0218 17:07:54.452208  4492 c_interface.cc:230] ArtmCopyRequestedMessage is copying 251 bytes...
I0218 17:07:54.453208  4492 c_interface.cc:230] ArtmCopyRequestedMessage is copying 646 bytes...
I0218 17:07:54.476230  4492 c_interface.cc:230] ArtmCopyRequestedMessage is copying 251 bytes...
I0218 17:07:54.477232  4492 c_interface.cc:230] ArtmCopyRequestedMessage is copying 646 bytes...
I0218 17:07:54.490245  4492 c_interface.cc:230] ArtmCopyRequestedMessage is copying 251 bytes...
I0218 17:07:54.491245  4492 c_interface.cc:230] ArtmCopyRequestedMessage is copying 646 bytes...
I0218 17:07:54.503255  4492 c_interface.cc:230] ArtmCopyRequestedMessage is copying 251 bytes...
I0218 17:07:54.504257  4492 c_interface.cc:230] ArtmCopyRequestedMessage is copying 646 bytes...
I0218 17:07:58.368136  4492 c_interface.cc:230] ArtmCopyRequestedMessage is copying 310 bytes...
I0218 17:07:58.406172  4492 c_interface.cc:230] ArtmCopyRequestedMessage is copying 251 bytes...
I0218 17:07:58.407182  4492 c_interface.cc:230] ArtmCopyRequestedMessage is copying 646 bytes...
I0218 17:07:58.418182  4492 c_interface.cc:230] ArtmCopyRequestedMessage is copying 251 bytes...
I0218 17:07:58.419183  4492 c_interface.cc:230] ArtmCopyRequestedMessage is copying 646 bytes...
I0218 17:07:58.430193  4492 c_interface.cc:230] ArtmCopyRequestedMessage is copying 251 bytes...
I0218 17:07:58.431196  4492 c_interface.cc:230] ArtmCopyRequestedMessage is copying 646 bytes...
I0218 17:07:58.444207  4492 c_interface.cc:230] ArtmCopyRequestedMessage is copying 251 bytes...
I0218 17:07:58.445209  4492 c_interface.cc:230] ArtmCopyRequestedMessage is copying 646 bytes...
I0218 17:07:58.456219  4492 c_interface.cc:230] ArtmCopyRequestedMessage is copying 251 bytes...
I0218 17:07:58.457221  4492 c_interface.cc:230] ArtmCopyRequestedMessage is copying 646 bytes...
I0218 17:08:16.023397  4492 c_interface.cc:230] ArtmCopyRequestedMessage is copying 251 bytes...
I0218 17:08:16.024399  4492 c_interface.cc:230] ArtmCopyRequestedMessage is copying 646 bytes...
I0218 17:08:16.036411  4492 c_interface.cc:230] ArtmCopyRequestedMessage is copying 251 bytes...
I0218 17:08:16.036411  4492 c_interface.cc:230] ArtmCopyRequestedMessage is copying 646 bytes...
I0218 17:08:16.051424  4492 c_interface.cc:230] ArtmCopyRequestedMessage is copying 251 bytes...
I0218 17:08:16.051424  4492 c_interface.cc:230] ArtmCopyRequestedMessage is copying 646 bytes...
I0218 17:08:16.064436  4492 c_interface.cc:230] ArtmCopyRequestedMessage is copying 251 bytes...
I0218 17:08:16.065438  4492 c_interface.cc:230] ArtmCopyRequestedMessage is copying 646 bytes...
I0218 17:08:16.076448  4492 c_interface.cc:230] ArtmCopyRequestedMessage is copying 251 bytes...
I0218 17:08:16.077450  4492 c_interface.cc:230] ArtmCopyRequestedMessage is copying 646 bytes...
I0218 17:08:21.435256  4492 c_interface.cc:230] ArtmCopyRequestedMessage is copying 251 bytes...
I0218 17:08:21.435256  4492 c_interface.cc:230] ArtmCopyRequestedMessage is copying 646 bytes...
I0218 17:08:21.446267  4492 c_interface.cc:230] ArtmCopyRequestedMessage is copying 251 bytes...
I0218 17:08:21.446267  4492 c_interface.cc:230] ArtmCopyRequestedMessage is copying 646 bytes...
I0218 17:08:21.460280  4492 c_interface.cc:230] ArtmCopyRequestedMessage is copying 251 bytes...
I0218 17:08:21.461282  4492 c_interface.cc:230] ArtmCopyRequestedMessage is copying 646 bytes...
I0218 17:08:21.472292  4492 c_interface.cc:230] ArtmCopyRequestedMessage is copying 251 bytes...
I0218 17:08:21.473294  4492 c_interface.cc:230] ArtmCopyRequestedMessage is copying 646 bytes...
I0218 17:08:21.489307  4492 c_interface.cc:230] ArtmCopyRequestedMessage is copying 251 bytes...
I0218 17:08:21.489307  4492 c_interface.cc:230] ArtmCopyRequestedMessage is copying 646 bytes...
I0218 17:08:26.315361  4492 c_interface.cc:230] ArtmCopyRequestedMessage is copying 251 bytes...
I0218 17:08:26.316360  4492 c_interface.cc:230] ArtmCopyRequestedMessage is copying 646 bytes...
I0218 17:08:26.329373  4492 c_interface.cc:230] ArtmCopyRequestedMessage is copying 251 bytes...
I0218 17:08:26.330374  4492 c_interface.cc:230] ArtmCopyRequestedMessage is copying 646 bytes...
I0218 17:08:26.342386  4492 c_interface.cc:230] ArtmCopyRequestedMessage is copying 251 bytes...
I0218 17:08:26.342386  4492 c_interface.cc:230] ArtmCopyRequestedMessage is copying 646 bytes...
I0218 17:08:26.352396  4492 c_interface.cc:230] ArtmCopyRequestedMessage is copying 251 bytes...
I0218 17:08:26.352396  4492 c_interface.cc:230] ArtmCopyRequestedMessage is copying 646 bytes...
I0218 17:08:26.369411  4492 c_interface.cc:230] ArtmCopyRequestedMessage is copying 251 bytes...
I0218 17:08:26.370412  4492 c_interface.cc:230] ArtmCopyRequestedMessage is copying 646 bytes...
I0218 17:08:28.816638  4492 c_interface.cc:230] ArtmCopyRequestedMessage is copying 310 bytes...
I0218 17:08:28.818641  4492 c_interface.cc:230] ArtmCopyRequestedMessage is copying 310 bytes...
I0218 17:08:28.820643  4492 c_interface.cc:230] ArtmCopyRequestedMessage is copying 310 bytes...
I0218 17:08:28.821643  4492 c_interface.cc:230] ArtmCopyRequestedMessage is copying 310 bytes...
I0218 17:08:28.822644  4492 c_interface.cc:230] ArtmCopyRequestedMessage is copying 310 bytes...
I0218 17:08:28.823649  4492 c_interface.cc:230] ArtmCopyRequestedMessage is copying 310 bytes...
I0218 17:08:28.824650  4492 c_interface.cc:230] ArtmCopyRequestedMessage is copying 310 bytes...
I0218 17:08:28.825650  4492 c_interface.cc:230] ArtmCopyRequestedMessage is copying 310 bytes...
I0218 17:08:28.827649  4492 c_interface.cc:230] ArtmCopyRequestedMessage is copying 310 bytes...
I0218 17:08:28.828650  4492 c_interface.cc:230] ArtmCopyRequestedMessage is copying 310 bytes...
I0218 17:08:31.502733  4492 c_interface.cc:230] ArtmCopyRequestedMessage is copying 310 bytes...
I0218 17:08:31.548779  4492 c_interface.cc:230] ArtmCopyRequestedMessage is copying 251 bytes...
I0218 17:08:31.549777  4492 c_interface.cc:230] ArtmCopyRequestedMessage is copying 646 bytes...
I0218 17:08:31.562790  4492 c_interface.cc:230] ArtmCopyRequestedMessage is copying 251 bytes...
I0218 17:08:31.563791  4492 c_interface.cc:230] ArtmCopyRequestedMessage is copying 646 bytes...
I0218 17:08:31.576802  4492 c_interface.cc:230] ArtmCopyRequestedMessage is copying 251 bytes...
I0218 17:08:31.577803  4492 c_interface.cc:230] ArtmCopyRequestedMessage is copying 646 bytes...
I0218 17:08:31.590816  4492 c_interface.cc:230] ArtmCopyRequestedMessage is copying 251 bytes...
I0218 17:08:31.591817  4492 c_interface.cc:230] ArtmCopyRequestedMessage is copying 646 bytes...
I0218 17:08:31.606832  4492 c_interface.cc:230] ArtmCopyRequestedMessage is copying 251 bytes...
I0218 17:08:31.608834  4492 c_interface.cc:230] ArtmCopyRequestedMessage is copying 646 bytes...
I0218 17:08:34.947458  4492 c_interface.cc:230] ArtmCopyRequestedMessage is copying 251 bytes...
I0218 17:08:34.947458  4492 c_interface.cc:230] ArtmCopyRequestedMessage is copying 646 bytes...
I0218 17:08:34.959467  4492 c_interface.cc:230] ArtmCopyRequestedMessage is copying 251 bytes...
I0218 17:08:34.959467  4492 c_interface.cc:230] ArtmCopyRequestedMessage is copying 646 bytes...
I0218 17:08:34.971479  4492 c_interface.cc:230] ArtmCopyRequestedMessage is copying 251 bytes...
I0218 17:08:34.972481  4492 c_interface.cc:230] ArtmCopyRequestedMessage is copying 646 bytes...
I0218 17:08:34.985492  4492 c_interface.cc:230] ArtmCopyRequestedMessage is copying 251 bytes...
I0218 17:08:34.986493  4492 c_interface.cc:230] ArtmCopyRequestedMessage is copying 646 bytes...
I0218 17:08:35.000506  4492 c_interface.cc:230] ArtmCopyRequestedMessage is copying 251 bytes...
I0218 17:08:35.001508  4492 c_interface.cc:230] ArtmCopyRequestedMessage is copying 646 bytes...
I0218 17:08:36.768467  4492 c_interface.cc:230] ArtmCopyRequestedMessage is copying 251 bytes...
I0218 17:08:36.769466  4492 c_interface.cc:230] ArtmCopyRequestedMessage is copying 646 bytes...
I0218 17:08:36.783479  4492 c_interface.cc:230] ArtmCopyRequestedMessage is copying 251 bytes...
I0218 17:08:36.784482  4492 c_interface.cc:230] ArtmCopyRequestedMessage is copying 646 bytes...
I0218 17:08:36.795491  4492 c_interface.cc:230] ArtmCopyRequestedMessage is copying 251 bytes...
I0218 17:08:36.796492  4492 c_interface.cc:230] ArtmCopyRequestedMessage is copying 646 bytes...
I0218 17:08:36.811506  4492 c_interface.cc:230] ArtmCopyRequestedMessage is copying 251 bytes...
I0218 17:08:36.812507  4492 c_interface.cc:230] ArtmCopyRequestedMessage is copying 646 bytes...
I0218 17:08:36.825520  4492 c_interface.cc:230] ArtmCopyRequestedMessage is copying 251 bytes...
I0218 17:08:36.826520  4492 c_interface.cc:230] ArtmCopyRequestedMessage is copying 646 bytes...
I0218 17:08:47.817277  4492 c_interface.cc:230] ArtmCopyRequestedMessage is copying 251 bytes...
I0218 17:08:47.818279  4492 c_interface.cc:230] ArtmCopyRequestedMessage is copying 646 bytes...
I0218 17:08:47.828289  4492 c_interface.cc:230] ArtmCopyRequestedMessage is copying 251 bytes...
I0218 17:08:47.829288  4492 c_interface.cc:230] ArtmCopyRequestedMessage is copying 646 bytes...
I0218 17:08:47.840299  4492 c_interface.cc:230] ArtmCopyRequestedMessage is copying 251 bytes...
I0218 17:08:47.841301  4492 c_interface.cc:230] ArtmCopyRequestedMessage is copying 646 bytes...
I0218 17:08:47.852309  4492 c_interface.cc:230] ArtmCopyRequestedMessage is copying 251 bytes...
I0218 17:08:47.853310  4492 c_interface.cc:230] ArtmCopyRequestedMessage is copying 646 bytes...
I0218 17:08:47.866322  4492 c_interface.cc:230] ArtmCopyRequestedMessage is copying 251 bytes...
I0218 17:08:47.867326  4492 c_interface.cc:230] ArtmCopyRequestedMessage is copying 646 bytes...
I0218 17:08:52.530865  4492 c_interface.cc:230] ArtmCopyRequestedMessage is copying 646 bytes...
I0218 17:08:52.532867  4492 c_interface.cc:230] ArtmCopyRequestedMessage is copying 646 bytes...
I0218 17:08:52.533869  4492 phi_matrix_operations.cc:84] RetrieveExternalTopicModel() with 20 topics, 895 tokens
I0218 17:08:52.535868  4492 c_interface.cc:230] ArtmCopyRequestedMessage is copying 26872 bytes...
I0218 17:08:52.562896  4492 phi_matrix_operations.cc:84] RetrieveExternalTopicModel() with 20 topics, 895 tokens
I0218 17:08:52.563897  4492 c_interface.cc:230] ArtmCopyRequestedMessage is copying 23292 bytes...
I0218 17:08:52.571902  4492 c_interface.cc:235] ArtmCopyRequestedObject is copying 71600 bytes...
I0218 17:08:53.264536  4492 c_interface.cc:230] ArtmCopyRequestedMessage is copying 646 bytes...
I0218 17:08:53.267529  4492 c_interface.cc:230] ArtmCopyRequestedMessage is copying 646 bytes...
I0218 17:08:53.344666  4492 c_interface.cc:230] ArtmCopyRequestedMessage is copying 646 bytes...
I0218 17:08:53.345669  4492 c_interface.cc:230] ArtmCopyRequestedMessage is copying 646 bytes...
I0218 17:08:54.366628  4492 c_interface.cc:230] ArtmCopyRequestedMessage is copying 646 bytes...
I0218 17:08:54.367628  4492 c_interface.cc:230] ArtmCopyRequestedMessage is copying 646 bytes...
I0218 17:08:56.856796  4492 c_interface.cc:230] ArtmCopyRequestedMessage is copying 646 bytes...
I0218 17:08:56.896834  4492 c_interface.cc:230] ArtmCopyRequestedMessage is copying 646 bytes...
I0218 17:08:58.222688  4492 c_interface.cc:230] ArtmCopyRequestedMessage is copying 646 bytes...
I0218 17:08:58.254719  4492 c_interface.cc:230] ArtmCopyRequestedMessage is copying 646 bytes...
I0218 17:08:59.422689  4492 c_interface.cc:372] Pass pwt to void (__cdecl artm::core::MasterComponent::*)(class std::basic_string<char,struct std::char_traits<char>,class std::allocator<char> > const & __ptr64) __ptr64
I0218 17:08:59.423691  4492 c_interface.cc:372] Pass nwt to void (__cdecl artm::core::MasterComponent::*)(class std::basic_string<char,struct std::char_traits<char>,class std::allocator<char> > const & __ptr64) __ptr64
I0218 17:08:59.424693  4492 c_interface.cc:386] Pass InitializeModelArgs: model_name=pwt, dictionary_name=7a79d059-af95-45ee-b55e-6135edf50669, topic_name_size=20 to void (__cdecl artm::core::MasterComponent::*)(class artm::InitializeModelArgs const & __ptr64) __ptr64
I0218 17:08:59.429695  4492 master_component.cc:620] InitializeModel() created matrix pwt with 20 topics and 895 tokens; 
I0218 17:08:59.430697  4492 c_interface.cc:386] Pass InitializeModelArgs: model_name=nwt, dictionary_name=7a79d059-af95-45ee-b55e-6135edf50669, topic_name_size=20 to void (__cdecl artm::core::MasterComponent::*)(class artm::InitializeModelArgs const & __ptr64) __ptr64
I0218 17:08:59.435701  4492 master_component.cc:620] InitializeModel() created matrix nwt with 20 topics and 895 tokens; 
I0218 17:08:59.435701  4492 phi_matrix_operations.cc:84] RetrieveExternalTopicModel() with 20 topics, 895 tokens
I0218 17:08:59.437703  4492 c_interface.cc:230] ArtmCopyRequestedMessage is copying 26872 bytes...
I0218 17:08:59.465731  4492 c_interface.cc:230] ArtmCopyRequestedMessage is copying 251 bytes...
I0218 17:08:59.466732  4492 c_interface.cc:230] ArtmCopyRequestedMessage is copying 646 bytes...
I0218 17:08:59.477741  4492 c_interface.cc:230] ArtmCopyRequestedMessage is copying 251 bytes...
I0218 17:08:59.478744  4492 c_interface.cc:230] ArtmCopyRequestedMessage is copying 646 bytes...
I0218 17:08:59.492756  4492 c_interface.cc:230] ArtmCopyRequestedMessage is copying 251 bytes...
I0218 17:08:59.493757  4492 c_interface.cc:230] ArtmCopyRequestedMessage is copying 646 bytes...
I0218 17:08:59.504767  4492 c_interface.cc:230] ArtmCopyRequestedMessage is copying 251 bytes...
I0218 17:08:59.505769  4492 c_interface.cc:230] ArtmCopyRequestedMessage is copying 646 bytes...
I0218 17:08:59.520784  4492 c_interface.cc:230] ArtmCopyRequestedMessage is copying 251 bytes...
I0218 17:08:59.521785  4492 c_interface.cc:230] ArtmCopyRequestedMessage is copying 646 bytes...
I0218 17:08:59.920542 14320 c_interface.cc:386] Pass FitOfflineMasterModelArgs, batch_filename_size=7, batch_weight_size=7, num_collection_passes=1 to void (__cdecl artm::core::MasterComponent::*)(class artm::FitOfflineMasterModelArgs const & __ptr64) __ptr64
I0218 17:08:59.920542 14320 master_component.cc:1340] ProcessBatchesArgs: nwt_target_name=nwt, batch_filename_size=7, batch_size=0, batch_weight_size=7, pwt_source_name=pwt, num_document_passes=10, reuse_theta=no, opt_for_avx=yes, predict_class_id=
I0218 17:08:59.923544 10876 processor.cc:724] Processing queue has data, processing started
I0218 17:08:59.923544 10876 processor.cc:802] Processor: start processing batch 4fbfa60c-5b48-4732-88ba-65a4b3620706 into model nwt
I0218 17:08:59.924545 10876 processor.cc:898] Processor: complete processing batch 4fbfa60c-5b48-4732-88ba-65a4b3620706 into model nwt
I0218 17:08:59.924545 10876 cuckoo_watch.h:45] 1ms in ProcessBatch(charter\aaaaaa.batch) [including 0ms in LoadMessage; 0ms in InitializeSparseNdw; 0ms in InferThetaAndUpdateNwtSparse; 0ms in CalculateScore(^^^ItemsProcessedScore^^^); ]
I0218 17:08:59.924545 11212 processor.cc:724] Processing queue has data, processing started
I0218 17:08:59.925545 11212 processor.cc:802] Processor: start processing batch 0da8dfd2-95d2-416f-898c-3aa574faf3eb into model nwt
I0218 17:08:59.925545 10876 processor.cc:802] Processor: start processing batch de36bc88-5015-4acb-894a-4e30390084e2 into model nwt
I0218 17:08:59.925545  9132 processor.cc:724] Processing queue has data, processing started
I0218 17:08:59.926546  9132 processor.cc:802] Processor: start processing batch 2101d1cd-e0df-4d19-bd50-93b9d1e63906 into model nwt
I0218 17:08:59.926546 11212 processor.cc:898] Processor: complete processing batch 0da8dfd2-95d2-416f-898c-3aa574faf3eb into model nwt
