I0218 17:08:59.926546 11212 cuckoo_watch.h:45] 1ms in ProcessBatch(charter\aaaaab.batch) [including 0ms in LoadMessage; 0ms in InitializeSparseNdw; 0ms in InferThetaAndUpdateNwtSparse; 0ms in CalculateScore(^^^ItemsProcessedScore^^^); ]
I0218 17:08:59.926546 11212 processor.cc:802] Processor: start processing batch a74c82d7-6e71-44d6-aed4-ccb8b1b3da50 into model nwt
I0218 17:08:59.927547 10876 processor.cc:898] Processor: complete processing batch de36bc88-5015-4acb-894a-4e30390084e2 into model nwt
I0218 17:08:59.927547 10876 cuckoo_watch.h:45] 2ms in ProcessBatch(charter\aaaaac.batch) [including 0ms in LoadMessage; 0ms in InitializeSparseNdw; 0ms in InferThetaAndUpdateNwtSparse; 0ms in CalculateScore(^^^ItemsProcessedScore^^^); ]
I0218 17:08:59.927547 10876 processor.cc:802] Processor: start processing batch bafbde27-7b24-4ff8-9f2d-14c524d7bcdc into model nwt
I0218 17:08:59.928548 11212 processor.cc:898] Processor: complete processing batch a74c82d7-6e71-44d6-aed4-ccb8b1b3da50 into model nwt
I0218 17:08:59.928548 11212 cuckoo_watch.h:45] 1ms in ProcessBatch(charter\aaaaae.batch) [including 0ms in LoadMessage; 0ms in InitializeSparseNdw; 0ms in InferThetaAndUpdateNwtSparse; 0ms in CalculateScore(^^^ItemsProcessedScore^^^); ]
I0218 17:08:59.928548  9132 processor.cc:898] Processor: complete processing batch 2101d1cd-e0df-4d19-bd50-93b9d1e63906 into model nwt
I0218 17:08:59.928548  9132 cuckoo_watch.h:45] 2ms in ProcessBatch(charter\aaaaad.batch) [including 0ms in LoadMessage; 0ms in InitializeSparseNdw; 1ms in InferThetaAndUpdateNwtSparse; 0ms in CalculateScore(^^^ItemsProcessedScore^^^); ]
I0218 17:08:59.928548 11212 processor.cc:802] Processor: start processing batch 6e945758-6e2f-49f5-a348-456f3f4155a9 into model nwt
I0218 17:08:59.929553 10876 processor.cc:898] Processor: complete processing batch bafbde27-7b24-4ff8-9f2d-14c524d7bcdc into model nwt
I0218 17:08:59.929553 10876 cuckoo_watch.h:45] 2ms in ProcessBatch(charter\aaaaaf.batch) [including 0ms in LoadMessage; 0ms in InitializeSparseNdw; 0ms in InferThetaAndUpdateNwtSparse; 0ms in CalculateScore(^^^ItemsProcessedScore^^^); ]
I0218 17:08:59.929553 11212 processor.cc:898] Processor: complete processing batch 6e945758-6e2f-49f5-a348-456f3f4155a9 into model nwt
I0218 17:08:59.929553 11212 cuckoo_watch.h:45] 1ms in ProcessBatch(charter\aaaaag.batch) [including 0ms in LoadMessage; 0ms in InitializeSparseNdw; 0ms in InferThetaAndUpdateNwtSparse; 0ms in CalculateScore(^^^ItemsProcessedScore^^^); ]
I0218 17:08:59.930550 14320 master_component.cc:1391] NormalizeModelArgs: pwt_target_name=pwt, nwt_source_name=nwt, rwt_source_name=
I0218 17:08:59.930550 14320 master_component.cc:952] MasterComponent: start normalizing model nwt
I0218 17:08:59.931553 14320 master_component.cc:980] MasterComponent: complete normalizing model nwt
I0218 17:08:59.932554 14320 master_component.cc:1415] DisposeModel rwt
I0218 17:08:59.932554 14320 master_component.cc:1005] FitOffline: ItemsProcessed, num_items=349, num_batches=7, token_weight=6775, token_weight_in_effect=6775
I0218 17:08:59.932554  4492 c_interface.cc:559] Pass GetScoreValueArgs, score_name=^^^ItemsProcessedScore^^^ to MasterComponent::Request
I0218 17:08:59.932554  4492 c_interface.cc:230] ArtmCopyRequestedMessage is copying 46 bytes...
I0218 17:08:59.933555 14320 c_interface.cc:386] Pass FitOfflineMasterModelArgs, batch_filename_size=7, batch_weight_size=7, num_collection_passes=1 to void (__cdecl artm::core::MasterComponent::*)(class artm::FitOfflineMasterModelArgs const & __ptr64) __ptr64
I0218 17:08:59.933555 14320 master_component.cc:1340] ProcessBatchesArgs: nwt_target_name=nwt, batch_filename_size=7, batch_size=0, batch_weight_size=7, pwt_source_name=pwt, num_document_passes=10, reuse_theta=no, opt_for_avx=yes, predict_class_id=
I0218 17:08:59.937556 10876 processor.cc:802] Processor: start processing batch 4fbfa60c-5b48-4732-88ba-65a4b3620706 into model nwt
I0218 17:08:59.937556 11212 processor.cc:802] Processor: start processing batch 0da8dfd2-95d2-416f-898c-3aa574faf3eb into model nwt
I0218 17:08:59.938557  9132 processor.cc:802] Processor: start processing batch de36bc88-5015-4acb-894a-4e30390084e2 into model nwt
I0218 17:08:59.938557 10524 processor.cc:724] Processing queue has data, processing started
I0218 17:08:59.938557 10876 processor.cc:898] Processor: complete processing batch 4fbfa60c-5b48-4732-88ba-65a4b3620706 into model nwt
I0218 17:08:59.938557 10876 cuckoo_watch.h:45] 1ms in ProcessBatch(charter\aaaaaa.batch) [including 0ms in LoadMessage; 0ms in InitializeSparseNdw; 0ms in InferThetaAndUpdateNwtSparse; 0ms in CalculateScore(^^^ItemsProcessedScore^^^); ]
I0218 17:08:59.938557 10524 processor.cc:802] Processor: start processing batch 2101d1cd-e0df-4d19-bd50-93b9d1e63906 into model nwt
I0218 17:08:59.939559 10876 processor.cc:802] Processor: start processing batch a74c82d7-6e71-44d6-aed4-ccb8b1b3da50 into model nwt
I0218 17:08:59.940559  9132 processor.cc:898] Processor: complete processing batch de36bc88-5015-4acb-894a-4e30390084e2 into model nwt
I0218 17:08:59.940559  9132 cuckoo_watch.h:45] 2ms in ProcessBatch(charter\aaaaac.batch) [including 0ms in LoadMessage; 0ms in InitializeSparseNdw; 1ms in InferThetaAndUpdateNwtSparse; 0ms in CalculateScore(^^^ItemsProcessedScore^^^); ]
I0218 17:08:59.940559 10876 processor.cc:898] Processor: complete processing batch a74c82d7-6e71-44d6-aed4-ccb8b1b3da50 into model nwt
I0218 17:08:59.940559 10876 cuckoo_watch.h:45] 1ms in ProcessBatch(charter\aaaaae.batch) [including 0ms in LoadMessage; 0ms in InitializeSparseNdw; 0ms in InferThetaAndUpdateNwtSparse; 0ms in CalculateScore(^^^ItemsProcessedScore^^^); ]
I0218 17:08:59.940559  9132 processor.cc:802] Processor: start processing batch bafbde27-7b24-4ff8-9f2d-14c524d7bcdc into model nwt
I0218 17:08:59.940559 10524 processor.cc:898] Processor: complete processing batch 2101d1cd-e0df-4d19-bd50-93b9d1e63906 into model nwt
I0218 17:08:59.940559 10524 cuckoo_watch.h:45] 2ms in ProcessBatch(charter\aaaaad.batch) [including 0ms in LoadMessage; 0ms in InitializeSparseNdw; 1ms in InferThetaAndUpdateNwtSparse; 0ms in CalculateScore(^^^ItemsProcessedScore^^^); ]
I0218 17:08:59.940559 10876 processor.cc:802] Processor: start processing batch 6e945758-6e2f-49f5-a348-456f3f4155a9 into model nwt
I0218 17:08:59.942562 10876 processor.cc:898] Processor: complete processing batch 6e945758-6e2f-49f5-a348-456f3f4155a9 into model nwt
I0218 17:08:59.942562 10876 cuckoo_watch.h:45] 1ms in ProcessBatch(charter\aaaaag.batch) [including 0ms in LoadMessage; 0ms in InitializeSparseNdw; 0ms in InferThetaAndUpdateNwtSparse; 0ms in CalculateScore(^^^ItemsProcessedScore^^^); ]
I0218 17:08:59.946568 11212 processor.cc:898] Processor: complete processing batch 0da8dfd2-95d2-416f-898c-3aa574faf3eb into model nwt
I0218 17:08:59.946568 11212 cuckoo_watch.h:45] 9ms in ProcessBatch(charter\aaaaab.batch) [including 0ms in LoadMessage; 0ms in InitializeSparseNdw; 3ms in InferThetaAndUpdateNwtSparse; 5ms in CalculateScore(^^^ItemsProcessedScore^^^); ]
I0218 17:08:59.947568  9132 processor.cc:898] Processor: complete processing batch bafbde27-7b24-4ff8-9f2d-14c524d7bcdc into model nwt
I0218 17:08:59.947568  9132 cuckoo_watch.h:45] 7ms in ProcessBatch(charter\aaaaaf.batch) [including 0ms in LoadMessage; 0ms in InitializeSparseNdw; 6ms in InferThetaAndUpdateNwtSparse; 0ms in CalculateScore(^^^ItemsProcessedScore^^^); ]
I0218 17:08:59.948578 14320 master_component.cc:1391] NormalizeModelArgs: pwt_target_name=pwt, nwt_source_name=nwt, rwt_source_name=
I0218 17:08:59.948578 14320 master_component.cc:952] MasterComponent: start normalizing model nwt
I0218 17:08:59.949568 14320 master_component.cc:980] MasterComponent: complete normalizing model nwt
I0218 17:08:59.949568 14320 master_component.cc:1415] DisposeModel rwt
I0218 17:08:59.950570 14320 master_component.cc:1005] FitOffline: ItemsProcessed, num_items=349, num_batches=7, token_weight=6775, token_weight_in_effect=6775
I0218 17:08:59.950570  4492 c_interface.cc:559] Pass GetScoreValueArgs, score_name=^^^ItemsProcessedScore^^^ to MasterComponent::Request
I0218 17:08:59.950570  4492 c_interface.cc:230] ArtmCopyRequestedMessage is copying 46 bytes...
I0218 17:08:59.951571 14320 c_interface.cc:386] Pass FitOfflineMasterModelArgs, batch_filename_size=7, batch_weight_size=7, num_collection_passes=1 to void (__cdecl artm::core::MasterComponent::*)(class artm::FitOfflineMasterModelArgs const & __ptr64) __ptr64
I0218 17:08:59.951571 14320 master_component.cc:1340] ProcessBatchesArgs: nwt_target_name=nwt, batch_filename_size=7, batch_size=0, batch_weight_size=7, pwt_source_name=pwt, num_document_passes=10, reuse_theta=no, opt_for_avx=yes, predict_class_id=
I0218 17:08:59.954574 10876 processor.cc:802] Processor: start processing batch 0da8dfd2-95d2-416f-898c-3aa574faf3eb into model nwt
I0218 17:08:59.954574 11212 processor.cc:802] Processor: start processing batch de36bc88-5015-4acb-894a-4e30390084e2 into model nwt
I0218 17:08:59.954574 10524 processor.cc:802] Processor: start processing batch 4fbfa60c-5b48-4732-88ba-65a4b3620706 into model nwt
I0218 17:08:59.955574 10524 processor.cc:898] Processor: complete processing batch 4fbfa60c-5b48-4732-88ba-65a4b3620706 into model nwt
I0218 17:08:59.955574 10524 cuckoo_watch.h:45] 1ms in ProcessBatch(charter\aaaaaa.batch) [including 0ms in LoadMessage; 0ms in InitializeSparseNdw; 0ms in InferThetaAndUpdateNwtSparse; 0ms in CalculateScore(^^^ItemsProcessedScore^^^); ]
I0218 17:08:59.955574 10876 processor.cc:898] Processor: complete processing batch 0da8dfd2-95d2-416f-898c-3aa574faf3eb into model nwt
I0218 17:08:59.955574 10876 cuckoo_watch.h:45] 1ms in ProcessBatch(charter\aaaaab.batch) [including 0ms in LoadMessage; 0ms in InitializeSparseNdw; 0ms in InferThetaAndUpdateNwtSparse; 0ms in CalculateScore(^^^ItemsProcessedScore^^^); ]
I0218 17:08:59.955574 11212 processor.cc:898] Processor: complete processing batch de36bc88-5015-4acb-894a-4e30390084e2 into model nwt
I0218 17:08:59.955574 11212 cuckoo_watch.h:45] 1ms in ProcessBatch(charter\aaaaac.batch) [including 0ms in LoadMessage; 0ms in InitializeSparseNdw; 0ms in InferThetaAndUpdateNwtSparse; 0ms in CalculateScore(^^^ItemsProcessedScore^^^); ]
I0218 17:08:59.956575 10524 processor.cc:802] Processor: start processing batch a74c82d7-6e71-44d6-aed4-ccb8b1b3da50 into model nwt
I0218 17:08:59.956575 11212 processor.cc:802] Processor: start processing batch 6e945758-6e2f-49f5-a348-456f3f4155a9 into model nwt
I0218 17:08:59.956575 10876 processor.cc:802] Processor: start processing batch bafbde27-7b24-4ff8-9f2d-14c524d7bcdc into model nwt
I0218 17:08:59.957576 10524 processor.cc:898] Processor: complete processing batch a74c82d7-6e71-44d6-aed4-ccb8b1b3da50 into model nwt
I0218 17:08:59.957576 10524 cuckoo_watch.h:45] 1ms in ProcessBatch(charter\aaaaae.batch) [including 0ms in LoadMessage; 0ms in InitializeSparseNdw; 0ms in InferThetaAndUpdateNwtSparse; 0ms in CalculateScore(^^^ItemsProcessedScore^^^); ]
I0218 17:08:59.957576 11212 processor.cc:898] Processor: complete processing batch 6e945758-6e2f-49f5-a348-456f3f4155a9 into model nwt
I0218 17:08:59.957576 11212 cuckoo_watch.h:45] 1ms in ProcessBatch(charter\aaaaag.batch) [including 0ms in LoadMessage; 0ms in InitializeSparseNdw; 0ms in InferThetaAndUpdateNwtSparse; 0ms in CalculateScore(^^^ItemsProcessedScore^^^); ]
I0218 17:08:59.957576  9132 processor.cc:802] Processor: start processing batch 2101d1cd-e0df-4d19-bd50-93b9d1e63906 into model nwt
I0218 17:08:59.957576 10876 processor.cc:898] Processor: complete processing batch bafbde27-7b24-4ff8-9f2d-14c524d7bcdc into model nwt
I0218 17:08:59.958576 10876 cuckoo_watch.h:45] 2ms in ProcessBatch(charter\aaaaaf.batch) [including 0ms in LoadMessage; 0ms in InitializeSparseNdw; 0ms in InferThetaAndUpdateNwtSparse; 0ms in CalculateScore(^^^ItemsProcessedScore^^^); ]
I0218 17:08:59.959578  9132 processor.cc:898] Processor: complete processing batch 2101d1cd-e0df-4d19-bd50-93b9d1e63906 into model nwt
I0218 17:08:59.959578  9132 cuckoo_watch.h:45] 3ms in ProcessBatch(charter\aaaaad.batch) [including 2ms in LoadMessage; 0ms in InitializeSparseNdw; 0ms in InferThetaAndUpdateNwtSparse; 0ms in CalculateScore(^^^ItemsProcessedScore^^^); ]
I0218 17:08:59.960579 14320 master_component.cc:1391] NormalizeModelArgs: pwt_target_name=pwt, nwt_source_name=nwt, rwt_source_name=
I0218 17:08:59.960579 14320 master_component.cc:952] MasterComponent: start normalizing model nwt
I0218 17:08:59.961580 14320 master_component.cc:980] MasterComponent: complete normalizing model nwt
I0218 17:08:59.961580 14320 master_component.cc:1415] DisposeModel rwt
I0218 17:08:59.961580 14320 master_component.cc:1005] FitOffline: ItemsProcessed, num_items=349, num_batches=7, token_weight=6775, token_weight_in_effect=6775
I0218 17:08:59.962581  4492 c_interface.cc:559] Pass GetScoreValueArgs, score_name=^^^ItemsProcessedScore^^^ to MasterComponent::Request
I0218 17:08:59.962581  4492 c_interface.cc:230] ArtmCopyRequestedMessage is copying 46 bytes...
I0218 17:08:59.962581 14320 c_interface.cc:386] Pass FitOfflineMasterModelArgs, batch_filename_size=7, batch_weight_size=7, num_collection_passes=1 to void (__cdecl artm::core::MasterComponent::*)(class artm::FitOfflineMasterModelArgs const & __ptr64) __ptr64
I0218 17:08:59.962581 14320 master_component.cc:1340] ProcessBatchesArgs: nwt_target_name=nwt, batch_filename_size=7, batch_size=0, batch_weight_size=7, pwt_source_name=pwt, num_document_passes=10, reuse_theta=no, opt_for_avx=yes, predict_class_id=
I0218 17:08:59.965584 10524 processor.cc:802] Processor: start processing batch 4fbfa60c-5b48-4732-88ba-65a4b3620706 into model nwt
I0218 17:08:59.965584 10876 processor.cc:802] Processor: start processing batch de36bc88-5015-4acb-894a-4e30390084e2 into model nwt
I0218 17:08:59.965584  9132 processor.cc:802] Processor: start processing batch 2101d1cd-e0df-4d19-bd50-93b9d1e63906 into model nwt
I0218 17:08:59.966584 11212 processor.cc:802] Processor: start processing batch 0da8dfd2-95d2-416f-898c-3aa574faf3eb into model nwt
I0218 17:08:59.966584 10524 processor.cc:898] Processor: complete processing batch 4fbfa60c-5b48-4732-88ba-65a4b3620706 into model nwt
I0218 17:08:59.966584 10524 cuckoo_watch.h:45] 1ms in ProcessBatch(charter\aaaaaa.batch) [including 0ms in LoadMessage; 0ms in InitializeSparseNdw; 0ms in InferThetaAndUpdateNwtSparse; 0ms in CalculateScore(^^^ItemsProcessedScore^^^); ]
I0218 17:08:59.966584 10876 processor.cc:898] Processor: complete processing batch de36bc88-5015-4acb-894a-4e30390084e2 into model nwt
I0218 17:08:59.966584 10876 cuckoo_watch.h:45] 1ms in ProcessBatch(charter\aaaaac.batch) [including 0ms in LoadMessage; 0ms in InitializeSparseNdw; 0ms in InferThetaAndUpdateNwtSparse; 0ms in CalculateScore(^^^ItemsProcessedScore^^^); ]
I0218 17:08:59.966584 10524 processor.cc:802] Processor: start processing batch a74c82d7-6e71-44d6-aed4-ccb8b1b3da50 into model nwt
I0218 17:08:59.967586 10876 processor.cc:802] Processor: start processing batch bafbde27-7b24-4ff8-9f2d-14c524d7bcdc into model nwt
I0218 17:08:59.967586 11212 processor.cc:898] Processor: complete processing batch 0da8dfd2-95d2-416f-898c-3aa574faf3eb into model nwt
I0218 17:08:59.967586 11212 cuckoo_watch.h:45] 2ms in ProcessBatch(charter\aaaaab.batch) [including 1ms in LoadMessage; 0ms in InitializeSparseNdw; 0ms in InferThetaAndUpdateNwtSparse; 0ms in CalculateScore(^^^ItemsProcessedScore^^^); ]
I0218 17:08:59.967586  9132 processor.cc:898] Processor: complete processing batch 2101d1cd-e0df-4d19-bd50-93b9d1e63906 into model nwt
I0218 17:08:59.967586  9132 cuckoo_watch.h:45] 2ms in ProcessBatch(charter\aaaaad.batch) [including 0ms in LoadMessage; 0ms in InitializeSparseNdw; 0ms in InferThetaAndUpdateNwtSparse; 0ms in CalculateScore(^^^ItemsProcessedScore^^^); ]
I0218 17:08:59.967586 11212 processor.cc:802] Processor: start processing batch 6e945758-6e2f-49f5-a348-456f3f4155a9 into model nwt
I0218 17:08:59.968586 10524 processor.cc:898] Processor: complete processing batch a74c82d7-6e71-44d6-aed4-ccb8b1b3da50 into model nwt
I0218 17:08:59.968586 10524 cuckoo_watch.h:45] 1ms in ProcessBatch(charter\aaaaae.batch) [including 0ms in LoadMessage; 0ms in InitializeSparseNdw; 0ms in InferThetaAndUpdateNwtSparse; 0ms in CalculateScore(^^^ItemsProcessedScore^^^); ]
I0218 17:08:59.968586 10876 processor.cc:898] Processor: complete processing batch bafbde27-7b24-4ff8-9f2d-14c524d7bcdc into model nwt
I0218 17:08:59.968586 10876 cuckoo_watch.h:45] 1ms in ProcessBatch(charter\aaaaaf.batch) [including 0ms in LoadMessage; 0ms in InitializeSparseNdw; 0ms in InferThetaAndUpdateNwtSparse; 0ms in CalculateScore(^^^ItemsProcessedScore^^^); ]
I0218 17:08:59.968586 11212 processor.cc:898] Processor: complete processing batch 6e945758-6e2f-49f5-a348-456f3f4155a9 into model nwt
I0218 17:08:59.968586 11212 cuckoo_watch.h:45] 1ms in ProcessBatch(charter\aaaaag.batch) [including 0ms in LoadMessage; 0ms in InitializeSparseNdw; 0ms in InferThetaAndUpdateNwtSparse; 0ms in CalculateScore(^^^ItemsProcessedScore^^^); ]
I0218 17:08:59.969588 14320 master_component.cc:1391] NormalizeModelArgs: pwt_target_name=pwt, nwt_source_name=nwt, rwt_source_name=
I0218 17:08:59.969588 14320 master_component.cc:952] MasterComponent: start normalizing model nwt
I0218 17:08:59.970588 14320 master_component.cc:980] MasterComponent: complete normalizing model nwt
I0218 17:08:59.970588 14320 master_component.cc:1415] DisposeModel rwt
I0218 17:08:59.970588 14320 master_component.cc:1005] FitOffline: ItemsProcessed, num_items=349, num_batches=7, token_weight=6775, token_weight_in_effect=6775
I0218 17:08:59.971590  4492 c_interface.cc:559] Pass GetScoreValueArgs, score_name=^^^ItemsProcessedScore^^^ to MasterComponent::Request
I0218 17:08:59.971590  4492 c_interface.cc:230] ArtmCopyRequestedMessage is copying 46 bytes...
I0218 17:08:59.971590 14320 c_interface.cc:386] Pass FitOfflineMasterModelArgs, batch_filename_size=7, batch_weight_size=7, num_collection_passes=1 to void (__cdecl artm::core::MasterComponent::*)(class artm::FitOfflineMasterModelArgs const & __ptr64) __ptr64
I0218 17:08:59.971590 14320 master_component.cc:1340] ProcessBatchesArgs: nwt_target_name=nwt, batch_filename_size=7, batch_size=0, batch_weight_size=7, pwt_source_name=pwt, num_document_passes=10, reuse_theta=no, opt_for_avx=yes, predict_class_id=
I0218 17:08:59.975594 10524 processor.cc:802] Processor: start processing batch 4fbfa60c-5b48-4732-88ba-65a4b3620706 into model nwt
I0218 17:08:59.975594 10876 processor.cc:802] Processor: start processing batch 0da8dfd2-95d2-416f-898c-3aa574faf3eb into model nwt
I0218 17:08:59.975594  9132 processor.cc:802] Processor: start processing batch de36bc88-5015-4acb-894a-4e30390084e2 into model nwt
I0218 17:08:59.976594 11212 processor.cc:802] Processor: start processing batch 2101d1cd-e0df-4d19-bd50-93b9d1e63906 into model nwt
I0218 17:08:59.976594 10524 processor.cc:898] Processor: complete processing batch 4fbfa60c-5b48-4732-88ba-65a4b3620706 into model nwt
I0218 17:08:59.976594 10524 cuckoo_watch.h:45] 1ms in ProcessBatch(charter\aaaaaa.batch) [including 0ms in LoadMessage; 0ms in InitializeSparseNdw; 0ms in InferThetaAndUpdateNwtSparse; 0ms in CalculateScore(^^^ItemsProcessedScore^^^); ]
I0218 17:08:59.976594 10876 processor.cc:898] Processor: complete processing batch 0da8dfd2-95d2-416f-898c-3aa574faf3eb into model nwt
I0218 17:08:59.976594 10876 cuckoo_watch.h:45] 1ms in ProcessBatch(charter\aaaaab.batch) [including 0ms in LoadMessage; 0ms in InitializeSparseNdw; 0ms in InferThetaAndUpdateNwtSparse; 0ms in CalculateScore(^^^ItemsProcessedScore^^^); ]
I0218 17:08:59.977594 10524 processor.cc:802] Processor: start processing batch a74c82d7-6e71-44d6-aed4-ccb8b1b3da50 into model nwt
I0218 17:08:59.977594 10876 processor.cc:802] Processor: start processing batch bafbde27-7b24-4ff8-9f2d-14c524d7bcdc into model nwt
I0218 17:08:59.977594  9132 processor.cc:898] Processor: complete processing batch de36bc88-5015-4acb-894a-4e30390084e2 into model nwt
I0218 17:08:59.977594  9132 cuckoo_watch.h:45] 2ms in ProcessBatch(charter\aaaaac.batch) [including 0ms in LoadMessage; 0ms in InitializeSparseNdw; 0ms in InferThetaAndUpdateNwtSparse; 0ms in CalculateScore(^^^ItemsProcessedScore^^^); ]
I0218 17:08:59.978595  9132 processor.cc:802] Processor: start processing batch 6e945758-6e2f-49f5-a348-456f3f4155a9 into model nwt
I0218 17:08:59.978595 11212 processor.cc:898] Processor: complete processing batch 2101d1cd-e0df-4d19-bd50-93b9d1e63906 into model nwt
I0218 17:08:59.978595 11212 cuckoo_watch.h:45] 2ms in ProcessBatch(charter\aaaaad.batch) [including 0ms in LoadMessage; 0ms in InitializeSparseNdw; 1ms in InferThetaAndUpdateNwtSparse; 0ms in CalculateScore(^^^ItemsProcessedScore^^^); ]
I0218 17:08:59.978595 10524 processor.cc:898] Processor: complete processing batch a74c82d7-6e71-44d6-aed4-ccb8b1b3da50 into model nwt
I0218 17:08:59.978595 10524 cuckoo_watch.h:45] 1ms in ProcessBatch(charter\aaaaae.batch) [including 0ms in LoadMessage; 0ms in InitializeSparseNdw; 0ms in InferThetaAndUpdateNwtSparse; 0ms in CalculateScore(^^^ItemsProcessedScore^^^); ]
I0218 17:08:59.978595 10876 processor.cc:898] Processor: complete processing batch bafbde27-7b24-4ff8-9f2d-14c524d7bcdc into model nwt
I0218 17:08:59.978595 10876 cuckoo_watch.h:45] 1ms in ProcessBatch(charter\aaaaaf.batch) [including 0ms in LoadMessage; 0ms in InitializeSparseNdw; 0ms in InferThetaAndUpdateNwtSparse; 0ms in CalculateScore(^^^ItemsProcessedScore^^^); ]
I0218 17:08:59.978595  9132 processor.cc:898] Processor: complete processing batch 6e945758-6e2f-49f5-a348-456f3f4155a9 into model nwt
I0218 17:08:59.978595  9132 cuckoo_watch.h:45] 1ms in ProcessBatch(charter\aaaaag.batch) [including 0ms in LoadMessage; 0ms in InitializeSparseNdw; 0ms in InferThetaAndUpdateNwtSparse; 0ms in CalculateScore(^^^ItemsProcessedScore^^^); ]
I0218 17:08:59.985596 14320 master_component.cc:1391] NormalizeModelArgs: pwt_target_name=pwt, nwt_source_name=nwt, rwt_source_name=
I0218 17:08:59.985596 14320 master_component.cc:952] MasterComponent: start normalizing model nwt
I0218 17:08:59.986600 14320 master_component.cc:980] MasterComponent: complete normalizing model nwt
I0218 17:08:59.986600 14320 master_component.cc:1415] DisposeModel rwt
I0218 17:08:59.986600 14320 master_component.cc:1005] FitOffline: ItemsProcessed, num_items=349, num_batches=7, token_weight=6775, token_weight_in_effect=6775
I0218 17:08:59.987601  4492 c_interface.cc:559] Pass GetScoreValueArgs, score_name=^^^ItemsProcessedScore^^^ to MasterComponent::Request
I0218 17:08:59.987601  4492 c_interface.cc:230] ArtmCopyRequestedMessage is copying 46 bytes...
I0218 17:08:59.987601 14320 c_interface.cc:386] Pass FitOfflineMasterModelArgs, batch_filename_size=7, batch_weight_size=7, num_collection_passes=1 to void (__cdecl artm::core::MasterComponent::*)(class artm::FitOfflineMasterModelArgs const & __ptr64) __ptr64
I0218 17:08:59.987601 14320 master_component.cc:1340] ProcessBatchesArgs: nwt_target_name=nwt, batch_filename_size=7, batch_size=0, batch_weight_size=7, pwt_source_name=pwt, num_document_passes=10, reuse_theta=no, opt_for_avx=yes, predict_class_id=
I0218 17:08:59.989603 11212 processor.cc:802] Processor: start processing batch 4fbfa60c-5b48-4732-88ba-65a4b3620706 into model nwt
I0218 17:08:59.990603 10876 processor.cc:802] Processor: start processing batch 0da8dfd2-95d2-416f-898c-3aa574faf3eb into model nwt
I0218 17:08:59.990603  9132 processor.cc:802] Processor: start processing batch de36bc88-5015-4acb-894a-4e30390084e2 into model nwt
I0218 17:08:59.990603 11212 processor.cc:898] Processor: complete processing batch 4fbfa60c-5b48-4732-88ba-65a4b3620706 into model nwt
I0218 17:08:59.991603 11212 cuckoo_watch.h:45] 1ms in ProcessBatch(charter\aaaaaa.batch) [including 0ms in LoadMessage; 0ms in InitializeSparseNdw; 0ms in InferThetaAndUpdateNwtSparse; 0ms in CalculateScore(^^^ItemsProcessedScore^^^); ]
I0218 17:08:59.991603 11212 processor.cc:802] Processor: start processing batch 2101d1cd-e0df-4d19-bd50-93b9d1e63906 into model nwt
I0218 17:08:59.991603 10876 processor.cc:898] Processor: complete processing batch 0da8dfd2-95d2-416f-898c-3aa574faf3eb into model nwt
I0218 17:08:59.991603 10876 cuckoo_watch.h:45] 1ms in ProcessBatch(charter\aaaaab.batch) [including 0ms in LoadMessage; 0ms in InitializeSparseNdw; 0ms in InferThetaAndUpdateNwtSparse; 0ms in CalculateScore(^^^ItemsProcessedScore^^^); ]
I0218 17:08:59.991603  9132 processor.cc:898] Processor: complete processing batch de36bc88-5015-4acb-894a-4e30390084e2 into model nwt
I0218 17:08:59.991603  9132 cuckoo_watch.h:45] 1ms in ProcessBatch(charter\aaaaac.batch) [including 0ms in LoadMessage; 0ms in InitializeSparseNdw; 0ms in InferThetaAndUpdateNwtSparse; 0ms in CalculateScore(^^^ItemsProcessedScore^^^); ]
I0218 17:08:59.991603 10876 processor.cc:802] Processor: start processing batch a74c82d7-6e71-44d6-aed4-ccb8b1b3da50 into model nwt
I0218 17:08:59.992605  9132 processor.cc:802] Processor: start processing batch bafbde27-7b24-4ff8-9f2d-14c524d7bcdc into model nwt
I0218 17:08:59.992605 11212 processor.cc:898] Processor: complete processing batch 2101d1cd-e0df-4d19-bd50-93b9d1e63906 into model nwt
I0218 17:08:59.992605 11212 cuckoo_watch.h:45] 1ms in ProcessBatch(charter\aaaaad.batch) [including 0ms in LoadMessage; 0ms in InitializeSparseNdw; 0ms in InferThetaAndUpdateNwtSparse; 0ms in CalculateScore(^^^ItemsProcessedScore^^^); ]
I0218 17:08:59.992605 11212 processor.cc:802] Processor: start processing batch 6e945758-6e2f-49f5-a348-456f3f4155a9 into model nwt
I0218 17:08:59.993607 10876 processor.cc:898] Processor: complete processing batch a74c82d7-6e71-44d6-aed4-ccb8b1b3da50 into model nwt
I0218 17:08:59.993607 10876 cuckoo_watch.h:45] 1ms in ProcessBatch(charter\aaaaae.batch) [including 0ms in LoadMessage; 0ms in InitializeSparseNdw; 0ms in InferThetaAndUpdateNwtSparse; 0ms in CalculateScore(^^^ItemsProcessedScore^^^); ]
I0218 17:08:59.993607  9132 processor.cc:898] Processor: complete processing batch bafbde27-7b24-4ff8-9f2d-14c524d7bcdc into model nwt
I0218 17:08:59.993607  9132 cuckoo_watch.h:45] 1ms in ProcessBatch(charter\aaaaaf.batch) [including 0ms in LoadMessage; 0ms in InitializeSparseNdw; 0ms in InferThetaAndUpdateNwtSparse; 0ms in CalculateScore(^^^ItemsProcessedScore^^^); ]
I0218 17:08:59.993607 11212 processor.cc:898] Processor: complete processing batch 6e945758-6e2f-49f5-a348-456f3f4155a9 into model nwt
I0218 17:08:59.993607 11212 cuckoo_watch.h:45] 1ms in ProcessBatch(charter\aaaaag.batch) [including 0ms in LoadMessage; 0ms in InitializeSparseNdw; 0ms in InferThetaAndUpdateNwtSparse; 0ms in CalculateScore(^^^ItemsProcessedScore^^^); ]
I0218 17:08:59.995600 14320 master_component.cc:1391] NormalizeModelArgs: pwt_target_name=pwt, nwt_source_name=nwt, rwt_source_name=
I0218 17:08:59.995600 14320 master_component.cc:952] MasterComponent: start normalizing model nwt
I0218 17:08:59.996603 14320 master_component.cc:980] MasterComponent: complete normalizing model nwt
I0218 17:08:59.997604 14320 master_component.cc:1415] DisposeModel rwt
I0218 17:08:59.997604 14320 master_component.cc:1005] FitOffline: ItemsProcessed, num_items=349, num_batches=7, token_weight=6775, token_weight_in_effect=6775
I0218 17:08:59.997604  4492 c_interface.cc:559] Pass GetScoreValueArgs, score_name=^^^ItemsProcessedScore^^^ to MasterComponent::Request
I0218 17:08:59.997604  4492 c_interface.cc:230] ArtmCopyRequestedMessage is copying 46 bytes...
I0218 17:08:59.997604 14320 c_interface.cc:386] Pass FitOfflineMasterModelArgs, batch_filename_size=7, batch_weight_size=7, num_collection_passes=1 to void (__cdecl artm::core::MasterComponent::*)(class artm::FitOfflineMasterModelArgs const & __ptr64) __ptr64
I0218 17:08:59.997604 14320 master_component.cc:1340] ProcessBatchesArgs: nwt_target_name=nwt, batch_filename_size=7, batch_size=0, batch_weight_size=7, pwt_source_name=pwt, num_document_passes=10, reuse_theta=no, opt_for_avx=yes, predict_class_id=
I0218 17:09:00.000607 10876 processor.cc:802] Processor: start processing batch 0da8dfd2-95d2-416f-898c-3aa574faf3eb into model nwt
I0218 17:09:00.000607 10524 processor.cc:802] Processor: start processing batch 4fbfa60c-5b48-4732-88ba-65a4b3620706 into model nwt
I0218 17:09:00.000607 11212 processor.cc:802] Processor: start processing batch 2101d1cd-e0df-4d19-bd50-93b9d1e63906 into model nwt
I0218 17:09:00.001607  9132 processor.cc:802] Processor: start processing batch de36bc88-5015-4acb-894a-4e30390084e2 into model nwt
I0218 17:09:00.001607 10876 processor.cc:898] Processor: complete processing batch 0da8dfd2-95d2-416f-898c-3aa574faf3eb into model nwt
I0218 17:09:00.001607 10876 cuckoo_watch.h:45] 1ms in ProcessBatch(charter\aaaaab.batch) [including 0ms in LoadMessage; 0ms in InitializeSparseNdw; 0ms in InferThetaAndUpdateNwtSparse; 0ms in CalculateScore(^^^ItemsProcessedScore^^^); ]
I0218 17:09:00.001607 10524 processor.cc:898] Processor: complete processing batch 4fbfa60c-5b48-4732-88ba-65a4b3620706 into model nwt
I0218 17:09:00.001607 10524 cuckoo_watch.h:45] 1ms in ProcessBatch(charter\aaaaaa.batch) [including 0ms in LoadMessage; 0ms in InitializeSparseNdw; 0ms in InferThetaAndUpdateNwtSparse; 0ms in CalculateScore(^^^ItemsProcessedScore^^^); ]
I0218 17:09:00.002609 10876 processor.cc:802] Processor: start processing batch a74c82d7-6e71-44d6-aed4-ccb8b1b3da50 into model nwt
I0218 17:09:00.002609 10524 processor.cc:802] Processor: start processing batch bafbde27-7b24-4ff8-9f2d-14c524d7bcdc into model nwt
I0218 17:09:00.002609 11212 processor.cc:898] Processor: complete processing batch 2101d1cd-e0df-4d19-bd50-93b9d1e63906 into model nwt
I0218 17:09:00.002609 11212 cuckoo_watch.h:45] 2ms in ProcessBatch(charter\aaaaad.batch) [including 0ms in LoadMessage; 0ms in InitializeSparseNdw; 0ms in InferThetaAndUpdateNwtSparse; 0ms in CalculateScore(^^^ItemsProcessedScore^^^); ]
I0218 17:09:00.002609 11212 processor.cc:802] Processor: start processing batch 6e945758-6e2f-49f5-a348-456f3f4155a9 into model nwt
I0218 17:09:00.002609  9132 processor.cc:898] Processor: complete processing batch de36bc88-5015-4acb-894a-4e30390084e2 into model nwt
I0218 17:09:00.002609  9132 cuckoo_watch.h:45] 2ms in ProcessBatch(charter\aaaaac.batch) [including 0ms in LoadMessage; 0ms in InitializeSparseNdw; 0ms in InferThetaAndUpdateNwtSparse; 0ms in CalculateScore(^^^ItemsProcessedScore^^^); ]
I0218 17:09:00.003609 10524 processor.cc:898] Processor: complete processing batch bafbde27-7b24-4ff8-9f2d-14c524d7bcdc into model nwt
I0218 17:09:00.003609 10524 cuckoo_watch.h:45] 1ms in ProcessBatch(charter\aaaaaf.batch) [including 0ms in LoadMessage; 0ms in InitializeSparseNdw; 0ms in InferThetaAndUpdateNwtSparse; 0ms in CalculateScore(^^^ItemsProcessedScore^^^); ]
I0218 17:09:00.003609 10876 processor.cc:898] Processor: complete processing batch a74c82d7-6e71-44d6-aed4-ccb8b1b3da50 into model nwt
I0218 17:09:00.003609 10876 cuckoo_watch.h:45] 2ms in ProcessBatch(charter\aaaaae.batch) [including 0ms in LoadMessage; 0ms in InitializeSparseNdw; 0ms in InferThetaAndUpdateNwtSparse; 0ms in CalculateScore(^^^ItemsProcessedScore^^^); ]
I0218 17:09:00.003609 11212 processor.cc:898] Processor: complete processing batch 6e945758-6e2f-49f5-a348-456f3f4155a9 into model nwt
I0218 17:09:00.003609 11212 cuckoo_watch.h:45] 1ms in ProcessBatch(charter\aaaaag.batch) [including 0ms in LoadMessage; 0ms in InitializeSparseNdw; 0ms in InferThetaAndUpdateNwtSparse; 0ms in CalculateScore(^^^ItemsProcessedScore^^^); ]
I0218 17:09:00.005610 14320 master_component.cc:1391] NormalizeModelArgs: pwt_target_name=pwt, nwt_source_name=nwt, rwt_source_name=
I0218 17:09:00.005610 14320 master_component.cc:952] MasterComponent: start normalizing model nwt
I0218 17:09:00.008615 14320 master_component.cc:980] MasterComponent: complete normalizing model nwt
I0218 17:09:00.008615 14320 master_component.cc:1415] DisposeModel rwt
I0218 17:09:00.008615 14320 master_component.cc:1005] FitOffline: ItemsProcessed, num_items=349, num_batches=7, token_weight=6775, token_weight_in_effect=6775
I0218 17:09:00.008615  4492 c_interface.cc:559] Pass GetScoreValueArgs, score_name=^^^ItemsProcessedScore^^^ to MasterComponent::Request
I0218 17:09:00.008615  4492 c_interface.cc:230] ArtmCopyRequestedMessage is copying 46 bytes...
I0218 17:09:00.009616 14320 c_interface.cc:386] Pass FitOfflineMasterModelArgs, batch_filename_size=7, batch_weight_size=7, num_collection_passes=1 to void (__cdecl artm::core::MasterComponent::*)(class artm::FitOfflineMasterModelArgs const & __ptr64) __ptr64
I0218 17:09:00.009616 14320 master_component.cc:1340] ProcessBatchesArgs: nwt_target_name=nwt, batch_filename_size=7, batch_size=0, batch_weight_size=7, pwt_source_name=pwt, num_document_passes=10, reuse_theta=no, opt_for_avx=yes, predict_class_id=
I0218 17:09:00.014621 10524 processor.cc:802] Processor: start processing batch de36bc88-5015-4acb-894a-4e30390084e2 into model nwt
I0218 17:09:00.014621 11212 processor.cc:802] Processor: start processing batch 4fbfa60c-5b48-4732-88ba-65a4b3620706 into model nwt
I0218 17:09:00.014621 10876 processor.cc:802] Processor: start processing batch 2101d1cd-e0df-4d19-bd50-93b9d1e63906 into model nwt
I0218 17:09:00.015621 11212 processor.cc:898] Processor: complete processing batch 4fbfa60c-5b48-4732-88ba-65a4b3620706 into model nwt
I0218 17:09:00.015621 11212 cuckoo_watch.h:45] 1ms in ProcessBatch(charter\aaaaaa.batch) [including 0ms in LoadMessage; 0ms in InitializeSparseNdw; 0ms in InferThetaAndUpdateNwtSparse; 0ms in CalculateScore(^^^ItemsProcessedScore^^^); ]
I0218 17:09:00.016621 10524 processor.cc:898] Processor: complete processing batch de36bc88-5015-4acb-894a-4e30390084e2 into model nwt
I0218 17:09:00.016621 11212 processor.cc:802] Processor: start processing batch a74c82d7-6e71-44d6-aed4-ccb8b1b3da50 into model nwt
I0218 17:09:00.016621 10524 cuckoo_watch.h:45] 2ms in ProcessBatch(charter\aaaaac.batch) [including 0ms in LoadMessage; 0ms in InitializeSparseNdw; 0ms in InferThetaAndUpdateNwtSparse; 0ms in CalculateScore(^^^ItemsProcessedScore^^^); ]
I0218 17:09:00.016621 10876 processor.cc:898] Processor: complete processing batch 2101d1cd-e0df-4d19-bd50-93b9d1e63906 into model nwt
I0218 17:09:00.016621 10876 cuckoo_watch.h:45] 2ms in ProcessBatch(charter\aaaaad.batch) [including 0ms in LoadMessage; 0ms in InitializeSparseNdw; 1ms in InferThetaAndUpdateNwtSparse; 0ms in CalculateScore(^^^ItemsProcessedScore^^^); ]
I0218 17:09:00.016621 10524 processor.cc:802] Processor: start processing batch bafbde27-7b24-4ff8-9f2d-14c524d7bcdc into model nwt
I0218 17:09:00.016621 10876 processor.cc:802] Processor: start processing batch 6e945758-6e2f-49f5-a348-456f3f4155a9 into model nwt
I0218 17:09:00.017623 11212 processor.cc:898] Processor: complete processing batch a74c82d7-6e71-44d6-aed4-ccb8b1b3da50 into model nwt
I0218 17:09:00.017623 11212 cuckoo_watch.h:45] 1ms in ProcessBatch(charter\aaaaae.batch) [including 0ms in LoadMessage; 0ms in InitializeSparseNdw; 0ms in InferThetaAndUpdateNwtSparse; 0ms in CalculateScore(^^^ItemsProcessedScore^^^); ]
I0218 17:09:00.017623  9132 processor.cc:802] Processor: start processing batch 0da8dfd2-95d2-416f-898c-3aa574faf3eb into model nwt
I0218 17:09:00.017623 10876 processor.cc:898] Processor: complete processing batch 6e945758-6e2f-49f5-a348-456f3f4155a9 into model nwt
I0218 17:09:00.018625 10876 cuckoo_watch.h:45] 1ms in ProcessBatch(charter\aaaaag.batch) [including 0ms in LoadMessage; 0ms in InitializeSparseNdw; 0ms in InferThetaAndUpdateNwtSparse; 0ms in CalculateScore(^^^ItemsProcessedScore^^^); ]
I0218 17:09:00.018625 10524 processor.cc:898] Processor: complete processing batch bafbde27-7b24-4ff8-9f2d-14c524d7bcdc into model nwt
I0218 17:09:00.018625 10524 cuckoo_watch.h:45] 2ms in ProcessBatch(charter\aaaaaf.batch) [including 0ms in LoadMessage; 0ms in InitializeSparseNdw; 1ms in InferThetaAndUpdateNwtSparse; 0ms in CalculateScore(^^^ItemsProcessedScore^^^); ]
I0218 17:09:00.018625  9132 processor.cc:898] Processor: complete processing batch 0da8dfd2-95d2-416f-898c-3aa574faf3eb into model nwt
I0218 17:09:00.018625  9132 cuckoo_watch.h:45] 4ms in ProcessBatch(charter\aaaaab.batch) [including 0ms in LoadMessage; 0ms in InitializeSparseNdw; 0ms in InferThetaAndUpdateNwtSparse; 0ms in CalculateScore(^^^ItemsProcessedScore^^^); ]
I0218 17:09:00.020627 14320 master_component.cc:1391] NormalizeModelArgs: pwt_target_name=pwt, nwt_source_name=nwt, rwt_source_name=
I0218 17:09:00.020627 14320 master_component.cc:952] MasterComponent: start normalizing model nwt
I0218 17:09:00.022627 14320 master_component.cc:980] MasterComponent: complete normalizing model nwt
I0218 17:09:00.022627 14320 master_component.cc:1415] DisposeModel rwt
I0218 17:09:00.022627 14320 master_component.cc:1005] FitOffline: ItemsProcessed, num_items=349, num_batches=7, token_weight=6775, token_weight_in_effect=6775
I0218 17:09:00.022627  4492 c_interface.cc:559] Pass GetScoreValueArgs, score_name=^^^ItemsProcessedScore^^^ to MasterComponent::Request
I0218 17:09:00.022627  4492 c_interface.cc:230] ArtmCopyRequestedMessage is copying 46 bytes...
I0218 17:09:00.023628 14320 c_interface.cc:386] Pass FitOfflineMasterModelArgs, batch_filename_size=7, batch_weight_size=7, num_collection_passes=1 to void (__cdecl artm::core::MasterComponent::*)(class artm::FitOfflineMasterModelArgs const & __ptr64) __ptr64
I0218 17:09:00.023628 14320 master_component.cc:1340] ProcessBatchesArgs: nwt_target_name=nwt, batch_filename_size=7, batch_size=0, batch_weight_size=7, pwt_source_name=pwt, num_document_passes=10, reuse_theta=no, opt_for_avx=yes, predict_class_id=
I0218 17:09:00.025630 10524 processor.cc:802] Processor: start processing batch 4fbfa60c-5b48-4732-88ba-65a4b3620706 into model nwt
I0218 17:09:00.025630  9132 processor.cc:802] Processor: start processing batch 0da8dfd2-95d2-416f-898c-3aa574faf3eb into model nwt
I0218 17:09:00.026631 10524 processor.cc:898] Processor: complete processing batch 4fbfa60c-5b48-4732-88ba-65a4b3620706 into model nwt
I0218 17:09:00.026631  9132 processor.cc:898] Processor: complete processing batch 0da8dfd2-95d2-416f-898c-3aa574faf3eb into model nwt
I0218 17:09:00.026631 10524 cuckoo_watch.h:45] 1ms in ProcessBatch(charter\aaaaaa.batch) [including 0ms in LoadMessage; 0ms in InitializeSparseNdw; 0ms in InferThetaAndUpdateNwtSparse; 0ms in CalculateScore(^^^ItemsProcessedScore^^^); ]
I0218 17:09:00.026631  9132 cuckoo_watch.h:45] 1ms in ProcessBatch(charter\aaaaab.batch) [including 0ms in LoadMessage; 0ms in InitializeSparseNdw; 0ms in InferThetaAndUpdateNwtSparse; 0ms in CalculateScore(^^^ItemsProcessedScore^^^); ]
I0218 17:09:00.027633 10524 processor.cc:802] Processor: start processing batch de36bc88-5015-4acb-894a-4e30390084e2 into model nwt
I0218 17:09:00.027633  9132 processor.cc:802] Processor: start processing batch 2101d1cd-e0df-4d19-bd50-93b9d1e63906 into model nwt
I0218 17:09:00.027633 11212 processor.cc:802] Processor: start processing batch a74c82d7-6e71-44d6-aed4-ccb8b1b3da50 into model nwt
I0218 17:09:00.027633 10876 processor.cc:802] Processor: start processing batch bafbde27-7b24-4ff8-9f2d-14c524d7bcdc into model nwt
I0218 17:09:00.028633 10524 processor.cc:898] Processor: complete processing batch de36bc88-5015-4acb-894a-4e30390084e2 into model nwt
I0218 17:09:00.028633 10524 cuckoo_watch.h:45] 1ms in ProcessBatch(charter\aaaaac.batch) [including 0ms in LoadMessage; 0ms in InitializeSparseNdw; 0ms in InferThetaAndUpdateNwtSparse; 0ms in CalculateScore(^^^ItemsProcessedScore^^^); ]
I0218 17:09:00.028633 11212 processor.cc:898] Processor: complete processing batch a74c82d7-6e71-44d6-aed4-ccb8b1b3da50 into model nwt
I0218 17:09:00.028633 11212 cuckoo_watch.h:45] 1ms in ProcessBatch(charter\aaaaae.batch) [including 0ms in LoadMessage; 0ms in InitializeSparseNdw; 0ms in InferThetaAndUpdateNwtSparse; 0ms in CalculateScore(^^^ItemsProcessedScore^^^); ]
I0218 17:09:00.028633  9132 processor.cc:898] Processor: complete processing batch 2101d1cd-e0df-4d19-bd50-93b9d1e63906 into model nwt
I0218 17:09:00.028633  9132 cuckoo_watch.h:45] 2ms in ProcessBatch(charter\aaaaad.batch) [including 0ms in LoadMessage; 0ms in InitializeSparseNdw; 1ms in InferThetaAndUpdateNwtSparse; 0ms in CalculateScore(^^^ItemsProcessedScore^^^); ]
I0218 17:09:00.028633 10524 processor.cc:802] Processor: start processing batch 6e945758-6e2f-49f5-a348-456f3f4155a9 into model nwt
I0218 17:09:00.028633 10876 processor.cc:898] Processor: complete processing batch bafbde27-7b24-4ff8-9f2d-14c524d7bcdc into model nwt
I0218 17:09:00.029635 10876 cuckoo_watch.h:45] 2ms in ProcessBatch(charter\aaaaaf.batch) [including 0ms in LoadMessage; 0ms in InitializeSparseNdw; 0ms in InferThetaAndUpdateNwtSparse; 0ms in CalculateScore(^^^ItemsProcessedScore^^^); ]
I0218 17:09:00.029635 10524 processor.cc:898] Processor: complete processing batch 6e945758-6e2f-49f5-a348-456f3f4155a9 into model nwt
I0218 17:09:00.029635 10524 cuckoo_watch.h:45] 1ms in ProcessBatch(charter\aaaaag.batch) [including 0ms in LoadMessage; 0ms in InitializeSparseNdw; 0ms in InferThetaAndUpdateNwtSparse; 0ms in CalculateScore(^^^ItemsProcessedScore^^^); ]
I0218 17:09:00.031639 14320 master_component.cc:1391] NormalizeModelArgs: pwt_target_name=pwt, nwt_source_name=nwt, rwt_source_name=
I0218 17:09:00.031639 14320 master_component.cc:952] MasterComponent: start normalizing model nwt
I0218 17:09:00.032642 14320 master_component.cc:980] MasterComponent: complete normalizing model nwt
I0218 17:09:00.033643 14320 master_component.cc:1415] DisposeModel rwt
I0218 17:09:00.033643 14320 master_component.cc:1005] FitOffline: ItemsProcessed, num_items=349, num_batches=7, token_weight=6775, token_weight_in_effect=6775
I0218 17:09:00.033643  4492 c_interface.cc:559] Pass GetScoreValueArgs, score_name=^^^ItemsProcessedScore^^^ to MasterComponent::Request
I0218 17:09:00.033643  4492 c_interface.cc:230] ArtmCopyRequestedMessage is copying 46 bytes...
I0218 17:09:00.033643 14320 c_interface.cc:386] Pass FitOfflineMasterModelArgs, batch_filename_size=7, batch_weight_size=7, num_collection_passes=1 to void (__cdecl artm::core::MasterComponent::*)(class artm::FitOfflineMasterModelArgs const & __ptr64) __ptr64
I0218 17:09:00.033643 14320 master_component.cc:1340] ProcessBatchesArgs: nwt_target_name=nwt, batch_filename_size=7, batch_size=0, batch_weight_size=7, pwt_source_name=pwt, num_document_passes=10, reuse_theta=no, opt_for_avx=yes, predict_class_id=
I0218 17:09:00.037647 10524 processor.cc:802] Processor: start processing batch 4fbfa60c-5b48-4732-88ba-65a4b3620706 into model nwt
I0218 17:09:00.037647 11212 processor.cc:802] Processor: start processing batch 0da8dfd2-95d2-416f-898c-3aa574faf3eb into model nwt
I0218 17:09:00.037647  9132 processor.cc:802] Processor: start processing batch de36bc88-5015-4acb-894a-4e30390084e2 into model nwt
I0218 17:09:00.037647 10876 processor.cc:802] Processor: start processing batch 2101d1cd-e0df-4d19-bd50-93b9d1e63906 into model nwt
I0218 17:09:00.038648 10524 processor.cc:898] Processor: complete processing batch 4fbfa60c-5b48-4732-88ba-65a4b3620706 into model nwt
I0218 17:09:00.038648 10524 cuckoo_watch.h:45] 1ms in ProcessBatch(charter\aaaaaa.batch) [including 0ms in LoadMessage; 0ms in InitializeSparseNdw; 0ms in InferThetaAndUpdateNwtSparse; 0ms in CalculateScore(^^^ItemsProcessedScore^^^); ]
I0218 17:09:00.038648 11212 processor.cc:898] Processor: complete processing batch 0da8dfd2-95d2-416f-898c-3aa574faf3eb into model nwt
I0218 17:09:00.038648 11212 cuckoo_watch.h:45] 1ms in ProcessBatch(charter\aaaaab.batch) [including 0ms in LoadMessage; 0ms in InitializeSparseNdw; 0ms in InferThetaAndUpdateNwtSparse; 0ms in CalculateScore(^^^ItemsProcessedScore^^^); ]
I0218 17:09:00.039649 11212 processor.cc:802] Processor: start processing batch bafbde27-7b24-4ff8-9f2d-14c524d7bcdc into model nwt
I0218 17:09:00.039649 10524 processor.cc:802] Processor: start processing batch a74c82d7-6e71-44d6-aed4-ccb8b1b3da50 into model nwt
I0218 17:09:00.039649  9132 processor.cc:898] Processor: complete processing batch de36bc88-5015-4acb-894a-4e30390084e2 into model nwt
I0218 17:09:00.039649  9132 cuckoo_watch.h:45] 1ms in ProcessBatch(charter\aaaaac.batch) [including 0ms in LoadMessage; 0ms in InitializeSparseNdw; 0ms in InferThetaAndUpdateNwtSparse; 0ms in CalculateScore(^^^ItemsProcessedScore^^^); ]
I0218 17:09:00.039649  9132 processor.cc:802] Processor: start processing batch 6e945758-6e2f-49f5-a348-456f3f4155a9 into model nwt
I0218 17:09:00.039649 10876 processor.cc:898] Processor: complete processing batch 2101d1cd-e0df-4d19-bd50-93b9d1e63906 into model nwt
I0218 17:09:00.039649 10876 cuckoo_watch.h:45] 2ms in ProcessBatch(charter\aaaaad.batch) [including 0ms in LoadMessage; 0ms in InitializeSparseNdw; 1ms in InferThetaAndUpdateNwtSparse; 0ms in CalculateScore(^^^ItemsProcessedScore^^^); ]
I0218 17:09:00.040649 11212 processor.cc:898] Processor: complete processing batch bafbde27-7b24-4ff8-9f2d-14c524d7bcdc into model nwt
I0218 17:09:00.040649 11212 cuckoo_watch.h:45] 1ms in ProcessBatch(charter\aaaaaf.batch) [including 0ms in LoadMessage; 0ms in InitializeSparseNdw; 0ms in InferThetaAndUpdateNwtSparse; 0ms in CalculateScore(^^^ItemsProcessedScore^^^); ]
I0218 17:09:00.040649 10524 processor.cc:898] Processor: complete processing batch a74c82d7-6e71-44d6-aed4-ccb8b1b3da50 into model nwt
I0218 17:09:00.040649 10524 cuckoo_watch.h:45] 1ms in ProcessBatch(charter\aaaaae.batch) [including 0ms in LoadMessage; 0ms in InitializeSparseNdw; 0ms in InferThetaAndUpdateNwtSparse; 0ms in CalculateScore(^^^ItemsProcessedScore^^^); ]
I0218 17:09:00.040649  9132 processor.cc:898] Processor: complete processing batch 6e945758-6e2f-49f5-a348-456f3f4155a9 into model nwt
I0218 17:09:00.040649  9132 cuckoo_watch.h:45] 1ms in ProcessBatch(charter\aaaaag.batch) [including 0ms in LoadMessage; 0ms in InitializeSparseNdw; 0ms in InferThetaAndUpdateNwtSparse; 0ms in CalculateScore(^^^ItemsProcessedScore^^^); ]
I0218 17:09:00.041651 14320 master_component.cc:1391] NormalizeModelArgs: pwt_target_name=pwt, nwt_source_name=nwt, rwt_source_name=
I0218 17:09:00.041651 14320 master_component.cc:952] MasterComponent: start normalizing model nwt
I0218 17:09:00.042651 14320 master_component.cc:980] MasterComponent: complete normalizing model nwt
I0218 17:09:00.043653 14320 master_component.cc:1415] DisposeModel rwt
I0218 17:09:00.043653 14320 master_component.cc:1005] FitOffline: ItemsProcessed, num_items=349, num_batches=7, token_weight=6775, token_weight_in_effect=6775
I0218 17:09:00.043653  4492 c_interface.cc:559] Pass GetScoreValueArgs, score_name=^^^ItemsProcessedScore^^^ to MasterComponent::Request
I0218 17:09:00.043653  4492 c_interface.cc:230] ArtmCopyRequestedMessage is copying 46 bytes...
I0218 17:09:00.049659  4492 c_interface.cc:230] ArtmCopyRequestedMessage is copying 251 bytes...
I0218 17:09:00.050662  4492 c_interface.cc:230] ArtmCopyRequestedMessage is copying 646 bytes...
I0218 17:09:00.061671  4492 c_interface.cc:230] ArtmCopyRequestedMessage is copying 251 bytes...
I0218 17:09:00.062671  4492 c_interface.cc:230] ArtmCopyRequestedMessage is copying 646 bytes...
I0218 17:09:00.068677  9132 processor.cc:717] No data in processing queue, waiting...
I0218 17:09:00.068677 10876 processor.cc:717] No data in processing queue, waiting...
I0218 17:09:00.068677 11212 processor.cc:717] No data in processing queue, waiting...
I0218 17:09:00.068677 10524 processor.cc:717] No data in processing queue, waiting...
I0218 17:09:00.072680  4492 c_interface.cc:230] ArtmCopyRequestedMessage is copying 251 bytes...
I0218 17:09:00.073683  4492 c_interface.cc:230] ArtmCopyRequestedMessage is copying 646 bytes...
I0218 17:09:00.087699  4492 c_interface.cc:230] ArtmCopyRequestedMessage is copying 251 bytes...
I0218 17:09:00.088698  4492 c_interface.cc:230] ArtmCopyRequestedMessage is copying 646 bytes...
I0218 17:09:00.097704  4492 c_interface.cc:230] ArtmCopyRequestedMessage is copying 251 bytes...
I0218 17:09:00.098706  4492 c_interface.cc:230] ArtmCopyRequestedMessage is copying 646 bytes...
I0218 17:09:01.145319  4492 c_interface.cc:230] ArtmCopyRequestedMessage is copying 251 bytes...
I0218 17:09:01.146318  4492 c_interface.cc:230] ArtmCopyRequestedMessage is copying 646 bytes...
I0218 17:09:01.159332  4492 c_interface.cc:230] ArtmCopyRequestedMessage is copying 251 bytes...
I0218 17:09:01.159332  4492 c_interface.cc:230] ArtmCopyRequestedMessage is copying 646 bytes...
I0218 17:09:01.171344  4492 c_interface.cc:230] ArtmCopyRequestedMessage is copying 251 bytes...
I0218 17:09:01.172344  4492 c_interface.cc:230] ArtmCopyRequestedMessage is copying 646 bytes...
I0218 17:09:01.184358  4492 c_interface.cc:230] ArtmCopyRequestedMessage is copying 251 bytes...
I0218 17:09:01.185356  4492 c_interface.cc:230] ArtmCopyRequestedMessage is copying 646 bytes...
I0218 17:09:01.196367  4492 c_interface.cc:230] ArtmCopyRequestedMessage is copying 251 bytes...
I0218 17:09:01.197367  4492 c_interface.cc:230] ArtmCopyRequestedMessage is copying 646 bytes...
I0218 17:09:01.775635  4492 c_interface.cc:230] ArtmCopyRequestedMessage is copying 620 bytes...
I0218 17:09:01.816310  4492 c_interface.cc:230] ArtmCopyRequestedMessage is copying 251 bytes...
I0218 17:09:01.816310  4492 c_interface.cc:230] ArtmCopyRequestedMessage is copying 646 bytes...
I0218 17:09:01.828320  4492 c_interface.cc:230] ArtmCopyRequestedMessage is copying 251 bytes...
I0218 17:09:01.829322  4492 c_interface.cc:230] ArtmCopyRequestedMessage is copying 646 bytes...
I0218 17:09:01.841333  4492 c_interface.cc:230] ArtmCopyRequestedMessage is copying 251 bytes...
I0218 17:09:01.842334  4492 c_interface.cc:230] ArtmCopyRequestedMessage is copying 646 bytes...
I0218 17:09:01.856348  4492 c_interface.cc:230] ArtmCopyRequestedMessage is copying 251 bytes...
